  0%|          | 0/100 [00:00<?, ?it/s]  2%|▏         | 2/100 [00:00<00:05, 19.58it/s]  4%|▍         | 4/100 [00:00<00:05, 18.76it/s]  7%|▋         | 7/100 [00:00<00:04, 20.36it/s] 10%|█         | 10/100 [00:00<00:04, 21.92it/s] 13%|█▎        | 13/100 [00:00<00:03, 22.31it/s] 16%|█▌        | 16/100 [00:00<00:04, 20.81it/s] 18%|█▊        | 18/100 [00:00<00:04, 17.08it/s] 20%|██        | 20/100 [00:01<00:05, 15.03it/s] 22%|██▏       | 22/100 [00:01<00:05, 14.60it/s] 24%|██▍       | 24/100 [00:01<00:04, 15.36it/s] 27%|██▋       | 27/100 [00:01<00:04, 17.52it/s] 30%|███       | 30/100 [00:01<00:03, 19.12it/s] 33%|███▎      | 33/100 [00:01<00:03, 21.00it/s] 36%|███▌      | 36/100 [00:01<00:02, 22.27it/s] 40%|████      | 40/100 [00:01<00:02, 24.04it/s] 43%|████▎     | 43/100 [00:02<00:02, 22.94it/s] 47%|████▋     | 47/100 [00:02<00:02, 25.17it/s] 51%|█████     | 51/100 [00:02<00:01, 28.20it/s] 55%|█████▌    | 55/100 [00:02<00:01, 29.55it/s] 59%|█████▉    | 59/100 [00:02<00:01, 30.36it/s] 63%|██████▎   | 63/100 [00:02<00:01, 30.59it/s] 67%|██████▋   | 67/100 [00:02<00:01, 27.39it/s] 70%|███████   | 70/100 [00:03<00:01, 23.77it/s] 73%|███████▎  | 73/100 [00:03<00:01, 22.53it/s] 77%|███████▋  | 77/100 [00:03<00:00, 24.30it/s] 80%|████████  | 80/100 [00:03<00:00, 21.83it/s] 83%|████████▎ | 83/100 [00:03<00:00, 23.29it/s] 86%|████████▌ | 86/100 [00:03<00:00, 22.10it/s] 89%|████████▉ | 89/100 [00:03<00:00, 21.46it/s] 92%|█████████▏| 92/100 [00:04<00:00, 10.77it/s] 95%|█████████▌| 95/100 [00:04<00:00, 12.38it/s] 98%|█████████▊| 98/100 [00:04<00:00, 13.92it/s]100%|██████████| 100/100 [00:04<00:00, 13.89it/s]100%|██████████| 100/100 [00:04<00:00, 20.19it/s]
  0%|          | 0/12 [00:00<?, ?it/s] 25%|██▌       | 3/12 [00:00<00:00, 22.10it/s] 50%|█████     | 6/12 [00:00<00:00, 21.75it/s] 67%|██████▋   | 8/12 [00:00<00:00, 19.44it/s] 83%|████████▎ | 10/12 [00:00<00:00, 18.76it/s]100%|██████████| 12/12 [00:00<00:00, 17.12it/s]100%|██████████| 12/12 [00:00<00:00, 18.09it/s]
  0%|          | 0/100 [00:00<?, ?it/s]  1%|          | 1/100 [00:07<11:37,  7.04s/it]  2%|▏         | 2/100 [00:15<12:23,  7.59s/it]  3%|▎         | 3/100 [00:26<13:32,  8.37s/it]  4%|▍         | 4/100 [00:30<11:18,  7.07s/it]  5%|▌         | 5/100 [00:34<09:47,  6.18s/it]  6%|▌         | 6/100 [00:38<08:45,  5.59s/it]  7%|▋         | 7/100 [00:54<13:39,  8.81s/it]  8%|▊         | 8/100 [00:59<11:50,  7.72s/it]  9%|▉         | 9/100 [01:08<12:03,  7.95s/it] 10%|█         | 10/100 [01:16<12:04,  8.05s/it] 11%|█         | 11/100 [01:19<09:29,  6.40s/it] 12%|█▏        | 12/100 [01:31<11:43,  8.00s/it] 13%|█▎        | 13/100 [01:37<11:01,  7.60s/it] 14%|█▍        | 14/100 [01:47<11:46,  8.21s/it] 15%|█▌        | 15/100 [01:55<11:28,  8.10s/it] 16%|█▌        | 16/100 [02:01<10:37,  7.59s/it] 17%|█▋        | 17/100 [02:15<13:00,  9.40s/it] 18%|█▊        | 18/100 [02:20<11:10,  8.18s/it] 19%|█▉        | 19/100 [02:25<09:51,  7.31s/it] 20%|██        | 20/100 [02:30<08:48,  6.60s/it] 21%|██        | 21/100 [02:33<07:13,  5.49s/it] 22%|██▏       | 22/100 [02:38<06:43,  5.18s/it] 23%|██▎       | 23/100 [02:52<10:05,  7.86s/it] 24%|██▍       | 24/100 [03:01<10:38,  8.40s/it] 25%|██▌       | 25/100 [03:06<09:12,  7.36s/it] 26%|██▌       | 26/100 [03:10<07:52,  6.39s/it] 27%|██▋       | 27/100 [03:17<07:57,  6.54s/it] 28%|██▊       | 28/100 [03:30<10:00,  8.34s/it] 29%|██▉       | 29/100 [03:38<09:51,  8.33s/it] 30%|███       | 30/100 [03:45<09:01,  7.73s/it] 31%|███       | 31/100 [03:51<08:18,  7.22s/it] 32%|███▏      | 32/100 [03:56<07:32,  6.65s/it] 33%|███▎      | 33/100 [04:32<17:15, 15.45s/it] 34%|███▍      | 34/100 [04:45<16:13, 14.76s/it] 35%|███▌      | 35/100 [04:50<12:53, 11.90s/it] 36%|███▌      | 36/100 [05:01<12:13, 11.46s/it] 37%|███▋      | 37/100 [05:27<16:49, 16.02s/it] 38%|███▊      | 38/100 [05:30<12:26, 12.04s/it] 39%|███▉      | 39/100 [05:35<10:10, 10.01s/it] 40%|████      | 40/100 [05:42<08:58,  8.97s/it] 41%|████      | 41/100 [05:52<09:05,  9.25s/it] 42%|████▏     | 42/100 [05:58<07:55,  8.21s/it] 43%|████▎     | 43/100 [06:03<07:05,  7.47s/it] 44%|████▍     | 44/100 [06:11<07:05,  7.60s/it] 45%|████▌     | 45/100 [06:18<06:39,  7.26s/it] 46%|████▌     | 46/100 [06:34<08:58,  9.98s/it] 47%|████▋     | 47/100 [06:50<10:17, 11.65s/it] 48%|████▊     | 48/100 [06:56<08:41, 10.04s/it] 49%|████▉     | 49/100 [06:59<06:54,  8.13s/it] 50%|█████     | 50/100 [07:04<05:59,  7.19s/it] 51%|█████     | 51/100 [07:15<06:36,  8.10s/it] 52%|█████▏    | 52/100 [07:18<05:25,  6.78s/it] 53%|█████▎    | 53/100 [07:26<05:32,  7.08s/it] 54%|█████▍    | 54/100 [07:32<05:12,  6.80s/it] 55%|█████▌    | 55/100 [07:38<04:53,  6.53s/it] 56%|█████▌    | 56/100 [07:39<03:35,  4.90s/it] 57%|█████▋    | 57/100 [07:48<04:15,  5.94s/it] 58%|█████▊    | 58/100 [07:58<05:04,  7.24s/it] 59%|█████▉    | 59/100 [08:11<06:14,  9.13s/it] 60%|██████    | 60/100 [08:14<04:49,  7.23s/it] 61%|██████    | 61/100 [08:19<04:09,  6.41s/it] 62%|██████▏   | 62/100 [08:23<03:43,  5.89s/it] 63%|██████▎   | 63/100 [08:29<03:32,  5.74s/it] 64%|██████▍   | 64/100 [08:35<03:27,  5.77s/it] 65%|██████▌   | 65/100 [08:43<03:51,  6.62s/it] 66%|██████▌   | 66/100 [09:05<06:16, 11.06s/it] 67%|██████▋   | 67/100 [09:12<05:26,  9.90s/it] 68%|██████▊   | 68/100 [09:14<04:04,  7.64s/it] 69%|██████▉   | 69/100 [09:20<03:38,  7.05s/it] 70%|███████   | 70/100 [09:49<06:49, 13.67s/it] 71%|███████   | 71/100 [09:55<05:32, 11.46s/it] 72%|███████▏  | 72/100 [10:02<04:36,  9.86s/it] 73%|███████▎  | 73/100 [10:06<03:39,  8.12s/it] 74%|███████▍  | 74/100 [10:17<03:55,  9.05s/it] 75%|███████▌  | 75/100 [10:35<04:52, 11.69s/it] 76%|███████▌  | 76/100 [10:40<03:55,  9.80s/it] 77%|███████▋  | 77/100 [10:59<04:46, 12.46s/it] 78%|███████▊  | 78/100 [11:11<04:32, 12.37s/it] 79%|███████▉  | 79/100 [11:22<04:09, 11.90s/it] 80%|████████  | 80/100 [11:41<04:45, 14.27s/it] 81%|████████  | 81/100 [11:49<03:53, 12.26s/it] 82%|████████▏ | 82/100 [11:52<02:51,  9.50s/it] 83%|████████▎ | 83/100 [11:56<02:15,  7.96s/it] 84%|████████▍ | 84/100 [12:02<01:55,  7.25s/it] 85%|████████▌ | 85/100 [12:07<01:36,  6.45s/it] 86%|████████▌ | 86/100 [12:16<01:41,  7.24s/it] 87%|████████▋ | 87/100 [12:22<01:29,  6.85s/it] 88%|████████▊ | 88/100 [12:31<01:32,  7.71s/it] 89%|████████▉ | 89/100 [12:44<01:39,  9.04s/it] 90%|█████████ | 90/100 [12:53<01:32,  9.24s/it] 91%|█████████ | 91/100 [13:03<01:24,  9.44s/it] 92%|█████████▏| 92/100 [13:09<01:06,  8.36s/it] 93%|█████████▎| 93/100 [13:26<01:17, 11.06s/it] 94%|█████████▍| 94/100 [13:37<01:06, 11.04s/it] 95%|█████████▌| 95/100 [13:42<00:45,  9.20s/it] 96%|█████████▌| 96/100 [13:51<00:36,  9.15s/it] 97%|█████████▋| 97/100 [13:56<00:23,  7.85s/it] 98%|█████████▊| 98/100 [14:01<00:13,  6.91s/it] 99%|█████████▉| 99/100 [14:05<00:05,  5.97s/it]100%|██████████| 100/100 [14:09<00:00,  5.46s/it]100%|██████████| 100/100 [14:09<00:00,  8.49s/it]
  0%|          | 0/12 [00:00<?, ?it/s]  8%|▊         | 1/12 [00:05<00:59,  5.42s/it] 17%|█▋        | 2/12 [00:10<00:54,  5.43s/it] 25%|██▌       | 3/12 [00:15<00:45,  5.05s/it] 33%|███▎      | 4/12 [00:20<00:40,  5.11s/it] 42%|████▏     | 5/12 [00:26<00:38,  5.48s/it] 50%|█████     | 6/12 [00:31<00:31,  5.19s/it] 58%|█████▊    | 7/12 [00:41<00:33,  6.67s/it] 67%|██████▋   | 8/12 [00:48<00:26,  6.74s/it] 75%|███████▌  | 9/12 [00:59<00:23,  7.97s/it] 83%|████████▎ | 10/12 [01:03<00:13,  6.97s/it] 92%|█████████▏| 11/12 [01:16<00:08,  8.64s/it]100%|██████████| 12/12 [01:24<00:00,  8.60s/it]100%|██████████| 12/12 [01:24<00:00,  7.06s/it]
  0%|          | 0/100 [00:00<?, ?it/s]  1%|          | 1/100 [00:06<11:07,  6.74s/it]  2%|▏         | 2/100 [00:14<11:42,  7.17s/it]  3%|▎         | 3/100 [00:24<12:41,  7.85s/it]  4%|▍         | 4/100 [00:28<10:46,  6.73s/it]  5%|▌         | 5/100 [00:32<09:22,  5.92s/it]  6%|▌         | 6/100 [00:36<08:28,  5.41s/it]  7%|▋         | 7/100 [00:52<13:16,  8.57s/it]  8%|▊         | 8/100 [00:57<11:32,  7.53s/it]  9%|▉         | 9/100 [01:06<11:52,  7.83s/it] 10%|█         | 10/100 [01:14<11:57,  7.97s/it] 11%|█         | 11/100 [01:17<09:23,  6.33s/it] 12%|█▏        | 12/100 [01:28<11:35,  7.90s/it] 13%|█▎        | 13/100 [01:35<11:02,  7.62s/it] 14%|█▍        | 14/100 [01:45<12:01,  8.38s/it] 15%|█▌        | 15/100 [01:53<11:38,  8.22s/it] 16%|█▌        | 16/100 [02:00<10:49,  7.73s/it] 17%|█▋        | 17/100 [02:14<13:12,  9.55s/it] 18%|█▊        | 18/100 [02:19<11:21,  8.31s/it] 19%|█▉        | 19/100 [02:24<09:59,  7.40s/it] 20%|██        | 20/100 [02:29<08:51,  6.64s/it] 21%|██        | 21/100 [02:32<07:15,  5.52s/it] 22%|██▏       | 22/100 [02:36<06:45,  5.20s/it] 23%|██▎       | 23/100 [02:50<10:02,  7.83s/it] 24%|██▍       | 24/100 [03:00<10:36,  8.37s/it] 25%|██▌       | 25/100 [03:05<09:11,  7.35s/it] 26%|██▌       | 26/100 [03:09<07:50,  6.35s/it] 27%|██▋       | 27/100 [03:16<07:57,  6.55s/it] 28%|██▊       | 28/100 [03:29<10:06,  8.43s/it] 29%|██▉       | 29/100 [03:37<09:55,  8.39s/it] 30%|███       | 30/100 [03:43<09:03,  7.76s/it] 31%|███       | 31/100 [03:49<08:17,  7.22s/it] 32%|███▏      | 32/100 [03:55<07:31,  6.64s/it] 33%|███▎      | 33/100 [04:30<17:08, 15.35s/it] 34%|███▍      | 34/100 [04:43<16:05, 14.63s/it] 35%|███▌      | 35/100 [04:48<12:42, 11.72s/it] 36%|███▌      | 36/100 [04:58<12:01, 11.27s/it] 37%|███▋      | 37/100 [05:26<16:49, 16.03s/it] 38%|███▊      | 38/100 [05:28<12:26, 12.04s/it] 39%|███▉      | 39/100 [05:34<10:09,  9.99s/it] 40%|████      | 40/100 [05:40<08:56,  8.94s/it] 41%|████      | 41/100 [05:50<09:02,  9.20s/it] 42%|████▏     | 42/100 [05:56<07:53,  8.16s/it] 43%|████▎     | 43/100 [06:01<07:02,  7.41s/it] 44%|████▍     | 44/100 [06:09<07:00,  7.51s/it] 45%|████▌     | 45/100 [06:15<06:35,  7.19s/it] 46%|████▌     | 46/100 [06:31<08:51,  9.84s/it] 47%|████▋     | 47/100 [06:47<10:11, 11.54s/it] 48%|████▊     | 48/100 [06:53<08:36,  9.94s/it] 49%|████▉     | 49/100 [06:57<06:49,  8.04s/it] 50%|█████     | 50/100 [07:02<05:56,  7.13s/it] 51%|█████     | 51/100 [07:12<06:34,  8.05s/it] 52%|█████▏    | 52/100 [07:16<05:22,  6.72s/it] 53%|█████▎    | 53/100 [07:23<05:27,  6.96s/it] 54%|█████▍    | 54/100 [07:29<05:07,  6.67s/it] 55%|█████▌    | 55/100 [07:35<04:47,  6.39s/it] 56%|█████▌    | 56/100 [07:36<03:32,  4.83s/it] 57%|█████▋    | 57/100 [07:44<04:13,  5.90s/it] 58%|█████▊    | 58/100 [07:55<05:01,  7.17s/it] 59%|█████▉    | 59/100 [08:08<06:09,  9.01s/it] 60%|██████    | 60/100 [08:11<04:44,  7.10s/it] 61%|██████    | 61/100 [08:15<04:05,  6.30s/it] 62%|██████▏   | 62/100 [08:20<03:39,  5.79s/it] 63%|██████▎   | 63/100 [08:25<03:29,  5.65s/it] 64%|██████▍   | 64/100 [08:31<03:24,  5.67s/it] 65%|██████▌   | 65/100 [08:39<03:48,  6.52s/it] 66%|██████▌   | 66/100 [09:00<06:10, 10.90s/it] 67%|██████▋   | 67/100 [09:07<05:23,  9.80s/it] 68%|██████▊   | 68/100 [09:10<04:02,  7.57s/it] 69%|██████▉   | 69/100 [09:15<03:36,  7.00s/it] 70%|███████   | 70/100 [09:44<06:44, 13.49s/it] 71%|███████   | 71/100 [09:50<05:28, 11.33s/it] 72%|███████▏  | 72/100 [09:56<04:32,  9.75s/it] 73%|███████▎  | 73/100 [10:00<03:36,  8.00s/it] 74%|███████▍  | 74/100 [10:11<03:50,  8.86s/it] 75%|███████▌  | 75/100 [10:29<04:46, 11.46s/it] 76%|███████▌  | 76/100 [10:34<03:50,  9.61s/it] 77%|███████▋  | 77/100 [10:53<04:42, 12.28s/it] 78%|███████▊  | 78/100 [11:05<04:28, 12.19s/it] 79%|███████▉  | 79/100 [11:15<04:06, 11.73s/it] 80%|████████  | 80/100 [11:35<04:42, 14.15s/it] 81%|████████  | 81/100 [11:42<03:50, 12.12s/it] 82%|████████▏ | 82/100 [11:45<02:49,  9.39s/it] 83%|████████▎ | 83/100 [11:50<02:13,  7.86s/it] 84%|████████▍ | 84/100 [11:55<01:53,  7.08s/it] 85%|████████▌ | 85/100 [11:59<01:34,  6.27s/it] 86%|████████▌ | 86/100 [12:08<01:38,  7.04s/it] 87%|████████▋ | 87/100 [12:14<01:27,  6.70s/it] 88%|████████▊ | 88/100 [12:24<01:30,  7.55s/it] 89%|████████▉ | 89/100 [12:36<01:38,  8.95s/it] 90%|█████████ | 90/100 [12:45<01:31,  9.12s/it] 91%|█████████ | 91/100 [12:55<01:23,  9.30s/it] 92%|█████████▏| 92/100 [13:01<01:05,  8.23s/it] 93%|█████████▎| 93/100 [13:18<01:16, 10.94s/it] 94%|█████████▍| 94/100 [13:29<01:05, 10.92s/it] 95%|█████████▌| 95/100 [13:34<00:45,  9.12s/it] 96%|█████████▌| 96/100 [13:43<00:36,  9.02s/it] 97%|█████████▋| 97/100 [13:47<00:23,  7.73s/it] 98%|█████████▊| 98/100 [13:52<00:13,  6.79s/it] 99%|█████████▉| 99/100 [13:56<00:05,  5.87s/it]100%|██████████| 100/100 [14:00<00:00,  5.38s/it]100%|██████████| 100/100 [14:00<00:00,  8.40s/it]
  0%|          | 0/12 [00:00<?, ?it/s]  8%|▊         | 1/12 [00:05<00:58,  5.34s/it] 17%|█▋        | 2/12 [00:10<00:53,  5.37s/it] 25%|██▌       | 3/12 [00:14<00:44,  4.99s/it] 33%|███▎      | 4/12 [00:19<00:40,  5.02s/it] 42%|████▏     | 5/12 [00:26<00:37,  5.35s/it] 50%|█████     | 6/12 [00:30<00:30,  5.08s/it] 58%|█████▊    | 7/12 [00:40<00:33,  6.60s/it] 67%|██████▋   | 8/12 [00:47<00:26,  6.69s/it] 75%|███████▌  | 9/12 [00:58<00:23,  7.91s/it] 83%|████████▎ | 10/12 [01:03<00:13,  6.94s/it] 92%|█████████▏| 11/12 [01:15<00:08,  8.61s/it]100%|██████████| 12/12 [01:24<00:00,  8.59s/it]100%|██████████| 12/12 [01:24<00:00,  7.01s/it]
  0%|          | 0/100 [00:00<?, ?it/s]  1%|          | 1/100 [00:06<10:48,  6.55s/it]  2%|▏         | 2/100 [00:14<11:27,  7.01s/it]  3%|▎         | 3/100 [00:23<12:26,  7.69s/it]  4%|▍         | 4/100 [00:28<10:35,  6.62s/it]  5%|▌         | 5/100 [00:31<09:12,  5.82s/it]  6%|▌         | 6/100 [00:35<08:16,  5.28s/it]  7%|▋         | 7/100 [00:51<13:02,  8.41s/it]  8%|▊         | 8/100 [00:56<11:20,  7.39s/it]  9%|▉         | 9/100 [01:05<11:42,  7.71s/it] 10%|█         | 10/100 [01:13<11:49,  7.88s/it] 11%|█         | 11/100 [01:16<09:20,  6.30s/it] 12%|█▏        | 12/100 [01:28<11:47,  8.04s/it] 13%|█▎        | 13/100 [01:35<11:09,  7.69s/it] 14%|█▍        | 14/100 [01:45<11:59,  8.37s/it] 15%|█▌        | 15/100 [01:52<11:31,  8.14s/it] 16%|█▌        | 16/100 [01:59<10:43,  7.66s/it] 17%|█▋        | 17/100 [02:12<13:05,  9.46s/it] 18%|█▊        | 18/100 [02:18<11:16,  8.25s/it] 19%|█▉        | 19/100 [02:23<09:51,  7.31s/it] 20%|██        | 20/100 [02:28<08:43,  6.54s/it] 21%|██        | 21/100 [02:30<07:08,  5.43s/it] 22%|██▏       | 22/100 [02:35<06:39,  5.12s/it] 23%|██▎       | 23/100 [02:49<10:00,  7.79s/it] 24%|██▍       | 24/100 [02:58<10:30,  8.30s/it] 25%|██▌       | 25/100 [03:03<09:03,  7.25s/it] 26%|██▌       | 26/100 [03:07<07:43,  6.26s/it] 27%|██▋       | 27/100 [03:14<07:46,  6.40s/it] 28%|██▊       | 28/100 [03:26<09:55,  8.27s/it] 29%|██▉       | 29/100 [03:35<09:47,  8.27s/it] 30%|███       | 30/100 [03:41<08:56,  7.67s/it] 31%|███       | 31/100 [03:47<08:07,  7.07s/it] 32%|███▏      | 32/100 [03:52<07:23,  6.52s/it] 33%|███▎      | 33/100 [04:27<16:58, 15.21s/it] 34%|███▍      | 34/100 [04:40<15:57, 14.51s/it] 35%|███▌      | 35/100 [04:45<12:36, 11.64s/it] 36%|███▌      | 36/100 [04:55<11:57, 11.22s/it] 37%|███▋      | 37/100 [05:22<16:42, 15.91s/it] 38%|███▊      | 38/100 [05:25<12:21, 11.96s/it] 39%|███▉      | 39/100 [05:30<10:05,  9.93s/it] 40%|████      | 40/100 [05:37<08:53,  8.89s/it] 41%|████      | 41/100 [05:46<09:00,  9.16s/it] 42%|████▏     | 42/100 [05:52<07:51,  8.13s/it] 43%|████▎     | 43/100 [05:58<07:00,  7.38s/it] 44%|████▍     | 44/100 [06:06<07:00,  7.50s/it] 45%|████▌     | 45/100 [06:12<06:33,  7.15s/it] 46%|████▌     | 46/100 [06:28<08:47,  9.78s/it] 47%|████▋     | 47/100 [06:43<10:04, 11.41s/it] 48%|████▊     | 48/100 [06:49<08:31,  9.84s/it] 49%|████▉     | 49/100 [06:53<06:45,  7.96s/it] 50%|█████     | 50/100 [06:58<05:50,  7.02s/it] 51%|█████     | 51/100 [07:08<06:28,  7.93s/it] 52%|█████▏    | 52/100 [07:11<05:19,  6.65s/it] 53%|█████▎    | 53/100 [07:19<05:27,  6.97s/it] 54%|█████▍    | 54/100 [07:25<05:07,  6.68s/it] 55%|█████▌    | 55/100 [07:31<04:47,  6.39s/it] 56%|█████▌    | 56/100 [07:32<03:32,  4.83s/it] 57%|█████▋    | 57/100 [07:40<04:12,  5.86s/it] 58%|█████▊    | 58/100 [07:50<04:57,  7.09s/it] 59%|█████▉    | 59/100 [08:03<06:05,  8.93s/it] 60%|██████    | 60/100 [08:06<04:41,  7.05s/it] 61%|██████    | 61/100 [08:11<04:04,  6.26s/it] 62%|██████▏   | 62/100 [08:15<03:38,  5.75s/it] 63%|██████▎   | 63/100 [08:20<03:27,  5.61s/it] 64%|██████▍   | 64/100 [08:26<03:21,  5.60s/it] 65%|██████▌   | 65/100 [08:35<03:47,  6.51s/it] 66%|██████▌   | 66/100 [08:55<06:07, 10.81s/it] 67%|██████▋   | 67/100 [09:03<05:20,  9.71s/it] 68%|██████▊   | 68/100 [09:05<04:00,  7.50s/it] 69%|██████▉   | 69/100 [09:10<03:34,  6.93s/it] 70%|███████   | 70/100 [09:39<06:41, 13.38s/it] 71%|███████   | 71/100 [09:45<05:25, 11.22s/it] 72%|███████▏  | 72/100 [09:51<04:31,  9.69s/it] 73%|███████▎  | 73/100 [09:55<03:34,  7.96s/it] 74%|███████▍  | 74/100 [10:06<03:49,  8.81s/it] 75%|███████▌  | 75/100 [10:23<04:44, 11.39s/it] 76%|███████▌  | 76/100 [10:28<03:47,  9.50s/it] 77%|███████▋  | 77/100 [10:47<04:39, 12.13s/it] 78%|███████▊  | 78/100 [10:59<04:24, 12.03s/it] 79%|███████▉  | 79/100 [11:09<04:04, 11.62s/it] 80%|████████  | 80/100 [11:29<04:40, 14.01s/it] 81%|████████  | 81/100 [11:36<03:48, 12.00s/it] 82%|████████▏ | 82/100 [11:39<02:47,  9.31s/it] 83%|████████▎ | 83/100 [11:43<02:12,  7.78s/it] 84%|████████▍ | 84/100 [11:49<01:53,  7.07s/it] 85%|████████▌ | 85/100 [11:53<01:34,  6.30s/it] 86%|████████▌ | 86/100 [12:02<01:39,  7.12s/it] 87%|████████▋ | 87/100 [12:08<01:27,  6.74s/it] 88%|████████▊ | 88/100 [12:18<01:30,  7.55s/it] 89%|████████▉ | 89/100 [12:30<01:38,  8.93s/it] 90%|█████████ | 90/100 [12:39<01:31,  9.10s/it] 91%|█████████ | 91/100 [12:49<01:22,  9.21s/it] 92%|█████████▏| 92/100 [12:54<01:04,  8.10s/it] 93%|█████████▎| 93/100 [13:11<01:15, 10.77s/it] 94%|█████████▍| 94/100 [13:22<01:04, 10.76s/it] 95%|█████████▌| 95/100 [13:27<00:44,  8.93s/it] 96%|█████████▌| 96/100 [13:35<00:35,  8.87s/it] 97%|█████████▋| 97/100 [13:40<00:22,  7.62s/it] 98%|█████████▊| 98/100 [13:45<00:13,  6.70s/it] 99%|█████████▉| 99/100 [13:48<00:05,  5.80s/it]100%|██████████| 100/100 [13:53<00:00,  5.37s/it]100%|██████████| 100/100 [13:53<00:00,  8.33s/it]
  0%|          | 0/12 [00:00<?, ?it/s]  8%|▊         | 1/12 [00:05<00:59,  5.37s/it] 17%|█▋        | 2/12 [00:10<00:53,  5.36s/it] 25%|██▌       | 3/12 [00:14<00:44,  4.98s/it] 33%|███▎      | 4/12 [00:19<00:40,  5.03s/it] 42%|████▏     | 5/12 [00:26<00:37,  5.36s/it] 50%|█████     | 6/12 [00:30<00:30,  5.10s/it] 58%|█████▊    | 7/12 [00:40<00:32,  6.59s/it] 67%|██████▋   | 8/12 [00:47<00:26,  6.70s/it] 75%|███████▌  | 9/12 [00:58<00:23,  7.90s/it] 83%|████████▎ | 10/12 [01:02<00:13,  6.94s/it] 92%|█████████▏| 11/12 [01:15<00:08,  8.61s/it]100%|██████████| 12/12 [01:23<00:00,  8.57s/it]100%|██████████| 12/12 [01:23<00:00,  7.00s/it]
  0%|          | 0/100 [00:00<?, ?it/s]  1%|          | 1/100 [00:06<10:48,  6.55s/it]  2%|▏         | 2/100 [00:14<11:23,  6.98s/it]  3%|▎         | 3/100 [00:23<12:23,  7.66s/it]  4%|▍         | 4/100 [00:27<10:29,  6.56s/it]  5%|▌         | 5/100 [00:31<09:09,  5.78s/it]  6%|▌         | 6/100 [00:35<08:16,  5.28s/it]  7%|▋         | 7/100 [00:51<12:58,  8.38s/it]  8%|▊         | 8/100 [00:56<11:18,  7.37s/it]  9%|▉         | 9/100 [01:04<11:33,  7.63s/it] 10%|█         | 10/100 [01:13<11:52,  7.91s/it] 11%|█         | 11/100 [01:15<09:24,  6.34s/it] 12%|█▏        | 12/100 [01:27<11:44,  8.00s/it] 13%|█▎        | 13/100 [01:34<11:04,  7.64s/it] 14%|█▍        | 14/100 [01:44<11:46,  8.21s/it] 15%|█▌        | 15/100 [01:51<11:23,  8.04s/it] 16%|█▌        | 16/100 [01:58<10:35,  7.56s/it] 17%|█▋        | 17/100 [02:11<12:51,  9.30s/it] 18%|█▊        | 18/100 [02:16<11:01,  8.06s/it] 19%|█▉        | 19/100 [02:21<09:40,  7.16s/it] 20%|██        | 20/100 [02:26<08:35,  6.44s/it] 21%|██        | 21/100 [02:29<07:02,  5.35s/it] 22%|██▏       | 22/100 [02:33<06:35,  5.08s/it] 23%|██▎       | 23/100 [02:47<09:50,  7.67s/it] 24%|██▍       | 24/100 [02:56<10:20,  8.17s/it] 25%|██▌       | 25/100 [03:01<08:55,  7.14s/it] 26%|██▌       | 26/100 [03:05<07:38,  6.20s/it] 27%|██▋       | 27/100 [03:12<07:44,  6.36s/it] 28%|██▊       | 28/100 [03:24<09:52,  8.23s/it] 29%|██▉       | 29/100 [03:33<09:44,  8.23s/it] 30%|███       | 30/100 [03:39<08:54,  7.63s/it] 31%|███       | 31/100 [03:45<08:06,  7.05s/it] 32%|███▏      | 32/100 [03:50<07:23,  6.52s/it] 33%|███▎      | 33/100 [04:25<16:57, 15.19s/it] 34%|███▍      | 34/100 [04:38<16:00, 14.55s/it] 35%|███▌      | 35/100 [04:43<12:37, 11.66s/it] 36%|███▌      | 36/100 [04:54<11:59, 11.25s/it] 37%|███▋      | 37/100 [05:20<16:36, 15.82s/it] 38%|███▊      | 38/100 [05:23<12:16, 11.89s/it] 39%|███▉      | 39/100 [05:28<10:02,  9.88s/it] 40%|████      | 40/100 [05:34<08:49,  8.82s/it] 41%|████      | 41/100 [05:44<08:56,  9.09s/it] 42%|████▏     | 42/100 [05:50<07:47,  8.05s/it] 43%|████▎     | 43/100 [05:55<06:58,  7.34s/it] 44%|████▍     | 44/100 [06:03<06:57,  7.45s/it] 45%|████▌     | 45/100 [06:09<06:32,  7.14s/it] 46%|████▌     | 46/100 [06:25<08:46,  9.75s/it] 47%|████▋     | 47/100 [06:41<10:03, 11.39s/it] 48%|████▊     | 48/100 [06:47<08:30,  9.82s/it] 49%|████▉     | 49/100 [06:50<06:45,  7.96s/it] 50%|█████     | 50/100 [06:55<05:52,  7.04s/it] 51%|█████     | 51/100 [07:05<06:31,  7.98s/it] 52%|█████▏    | 52/100 [07:09<05:21,  6.69s/it] 53%|█████▎    | 53/100 [07:17<05:27,  6.97s/it] 54%|█████▍    | 54/100 [07:23<05:08,  6.70s/it] 55%|█████▌    | 55/100 [07:29<04:49,  6.44s/it] 56%|█████▌    | 56/100 [07:30<03:32,  4.83s/it] 57%|█████▋    | 57/100 [07:38<04:10,  5.83s/it] 58%|█████▊    | 58/100 [07:48<04:58,  7.10s/it] 59%|█████▉    | 59/100 [08:01<06:07,  8.96s/it] 60%|██████    | 60/100 [08:04<04:42,  7.07s/it] 61%|██████    | 61/100 [08:08<04:04,  6.26s/it] 62%|██████▏   | 62/100 [08:13<03:38,  5.75s/it] 63%|██████▎   | 63/100 [08:18<03:27,  5.60s/it] 64%|██████▍   | 64/100 [08:24<03:21,  5.60s/it] 65%|██████▌   | 65/100 [08:32<03:48,  6.52s/it] 66%|██████▌   | 66/100 [08:53<06:08, 10.85s/it] 67%|██████▋   | 67/100 [09:00<05:21,  9.75s/it] 68%|██████▊   | 68/100 [09:03<04:01,  7.53s/it] 69%|██████▉   | 69/100 [09:08<03:36,  6.98s/it] 70%|███████   | 70/100 [09:37<06:42, 13.42s/it] 71%|███████   | 71/100 [09:43<05:25, 11.24s/it] 72%|███████▏  | 72/100 [09:49<04:32,  9.73s/it] 73%|███████▎  | 73/100 [09:53<03:36,  8.00s/it] 74%|███████▍  | 74/100 [10:04<03:50,  8.87s/it] 75%|███████▌  | 75/100 [10:22<04:46, 11.45s/it] 76%|███████▌  | 76/100 [10:27<03:50,  9.60s/it] 77%|███████▋  | 77/100 [10:45<04:40, 12.21s/it] 78%|███████▊  | 78/100 [10:57<04:26, 12.11s/it] 79%|███████▉  | 79/100 [11:08<04:05, 11.67s/it] 80%|████████  | 80/100 [11:27<04:41, 14.05s/it] 81%|████████  | 81/100 [11:35<03:48, 12.02s/it] 82%|████████▏ | 82/100 [11:38<02:47,  9.30s/it] 83%|████████▎ | 83/100 [11:42<02:12,  7.77s/it] 84%|████████▍ | 84/100 [11:47<01:53,  7.11s/it] 85%|████████▌ | 85/100 [11:52<01:34,  6.30s/it] 86%|████████▌ | 86/100 [12:01<01:39,  7.10s/it] 87%|████████▋ | 87/100 [12:07<01:27,  6.73s/it] 88%|████████▊ | 88/100 [12:16<01:30,  7.54s/it] 89%|████████▉ | 89/100 [12:28<01:39,  9.00s/it] 90%|█████████ | 90/100 [12:38<01:31,  9.16s/it] 91%|█████████ | 91/100 [12:47<01:23,  9.28s/it] 92%|█████████▏| 92/100 [12:53<01:05,  8.23s/it] 93%|█████████▎| 93/100 [13:11<01:16, 10.96s/it] 94%|█████████▍| 94/100 [13:21<01:05, 10.91s/it] 95%|█████████▌| 95/100 [13:26<00:45,  9.10s/it] 96%|█████████▌| 96/100 [13:35<00:36,  9.01s/it] 97%|█████████▋| 97/100 [13:40<00:23,  7.72s/it] 98%|█████████▊| 98/100 [13:44<00:13,  6.80s/it] 99%|█████████▉| 99/100 [13:48<00:05,  5.86s/it]100%|██████████| 100/100 [13:52<00:00,  5.42s/it]100%|██████████| 100/100 [13:52<00:00,  8.33s/it]
  0%|          | 0/12 [00:00<?, ?it/s]  8%|▊         | 1/12 [00:05<00:57,  5.23s/it] 17%|█▋        | 2/12 [00:10<00:52,  5.26s/it] 25%|██▌       | 3/12 [00:14<00:44,  4.92s/it] 33%|███▎      | 4/12 [00:19<00:40,  5.00s/it] 42%|████▏     | 5/12 [00:26<00:37,  5.39s/it] 50%|█████     | 6/12 [00:30<00:30,  5.11s/it] 58%|█████▊    | 7/12 [00:40<00:33,  6.62s/it] 67%|██████▋   | 8/12 [00:47<00:26,  6.71s/it] 75%|███████▌  | 9/12 [00:58<00:23,  7.93s/it] 83%|████████▎ | 10/12 [01:03<00:13,  6.95s/it] 92%|█████████▏| 11/12 [01:15<00:08,  8.61s/it]100%|██████████| 12/12 [01:24<00:00,  8.58s/it]100%|██████████| 12/12 [01:24<00:00,  7.01s/it]
  0%|          | 0/100 [00:00<?, ?it/s]  1%|          | 1/100 [00:06<10:41,  6.48s/it]  2%|▏         | 2/100 [00:14<11:21,  6.96s/it]  3%|▎         | 3/100 [00:23<12:20,  7.63s/it]  4%|▍         | 4/100 [00:27<10:28,  6.54s/it]  5%|▌         | 5/100 [00:31<09:09,  5.78s/it]  6%|▌         | 6/100 [00:35<08:15,  5.27s/it]  7%|▋         | 7/100 [00:51<13:02,  8.41s/it]  8%|▊         | 8/100 [00:56<11:18,  7.37s/it]  9%|▉         | 9/100 [01:05<11:53,  7.84s/it] 10%|█         | 10/100 [01:14<12:06,  8.07s/it] 11%|█         | 11/100 [01:16<09:31,  6.43s/it] 12%|█▏        | 12/100 [01:28<11:55,  8.13s/it] 13%|█▎        | 13/100 [01:35<11:16,  7.78s/it] 14%|█▍        | 14/100 [01:45<12:09,  8.48s/it] 15%|█▌        | 15/100 [01:53<11:44,  8.28s/it] 16%|█▌        | 16/100 [02:00<10:49,  7.73s/it] 17%|█▋        | 17/100 [02:13<13:03,  9.44s/it] 18%|█▊        | 18/100 [02:18<11:11,  8.19s/it] 19%|█▉        | 19/100 [02:23<09:46,  7.24s/it] 20%|██        | 20/100 [02:28<08:37,  6.47s/it] 21%|██        | 21/100 [02:31<07:04,  5.37s/it] 22%|██▏       | 22/100 [02:35<06:35,  5.07s/it] 23%|██▎       | 23/100 [02:49<09:48,  7.64s/it] 24%|██▍       | 24/100 [02:58<10:22,  8.19s/it] 25%|██▌       | 25/100 [03:03<08:58,  7.18s/it] 26%|██▌       | 26/100 [03:07<07:41,  6.23s/it] 27%|██▋       | 27/100 [03:14<07:48,  6.42s/it] 28%|██▊       | 28/100 [03:27<09:56,  8.28s/it] 29%|██▉       | 29/100 [03:35<09:47,  8.27s/it] 30%|███       | 30/100 [03:41<08:56,  7.67s/it] 31%|███       | 31/100 [03:47<08:09,  7.09s/it] 32%|███▏      | 32/100 [03:52<07:24,  6.54s/it] 33%|███▎      | 33/100 [04:28<16:59, 15.22s/it] 34%|███▍      | 34/100 [04:41<16:01, 14.57s/it] 35%|███▌      | 35/100 [04:45<12:36, 11.63s/it] 36%|███▌      | 36/100 [04:56<11:56, 11.19s/it] 37%|███▋      | 37/100 [05:22<16:38, 15.85s/it] 38%|███▊      | 38/100 [05:25<12:18, 11.91s/it] 39%|███▉      | 39/100 [05:30<10:03,  9.90s/it] 40%|████      | 40/100 [05:37<08:49,  8.82s/it] 41%|████      | 41/100 [05:46<08:53,  9.04s/it] 42%|████▏     | 42/100 [05:52<07:44,  8.01s/it] 43%|████▎     | 43/100 [05:57<06:55,  7.29s/it] 44%|████▍     | 44/100 [06:05<06:56,  7.43s/it] 45%|████▌     | 45/100 [06:11<06:32,  7.13s/it] 46%|████▌     | 46/100 [06:27<08:43,  9.69s/it] 47%|████▋     | 47/100 [06:42<09:59, 11.30s/it] 48%|████▊     | 48/100 [06:48<08:26,  9.75s/it] 49%|████▉     | 49/100 [06:52<06:43,  7.91s/it] 50%|█████     | 50/100 [06:57<05:50,  7.02s/it] 51%|█████     | 51/100 [07:07<06:30,  7.97s/it] 52%|█████▏    | 52/100 [07:11<05:17,  6.61s/it] 53%|█████▎    | 53/100 [07:17<05:08,  6.57s/it] 54%|█████▍    | 54/100 [07:22<04:42,  6.15s/it] 55%|█████▌    | 55/100 [07:27<04:22,  5.82s/it] 56%|█████▌    | 56/100 [07:28<03:11,  4.35s/it] 57%|█████▋    | 57/100 [07:35<03:43,  5.20s/it] 58%|█████▊    | 58/100 [07:44<04:24,  6.30s/it] 59%|█████▉    | 59/100 [07:56<05:25,  7.94s/it] 60%|██████    | 60/100 [07:58<04:11,  6.29s/it] 61%|██████    | 61/100 [08:02<03:36,  5.56s/it] 62%|██████▏   | 62/100 [08:06<03:13,  5.10s/it] 63%|██████▎   | 63/100 [08:11<03:04,  4.99s/it] 64%|██████▍   | 64/100 [08:16<02:59,  4.98s/it] 65%|██████▌   | 65/100 [08:24<03:22,  5.78s/it] 66%|██████▌   | 66/100 [08:41<05:18,  9.37s/it] 67%|██████▋   | 67/100 [08:47<04:36,  8.38s/it] 68%|██████▊   | 68/100 [08:50<03:27,  6.50s/it] 69%|██████▉   | 69/100 [08:54<03:06,  6.02s/it] 70%|███████   | 70/100 [09:18<05:34, 11.16s/it] 71%|███████   | 71/100 [09:23<04:33,  9.45s/it] 72%|███████▏  | 72/100 [09:28<03:49,  8.19s/it] 73%|███████▎  | 73/100 [09:32<03:01,  6.74s/it] 74%|███████▍  | 74/100 [09:41<03:13,  7.43s/it] 75%|███████▌  | 75/100 [09:55<04:00,  9.62s/it] 76%|███████▌  | 76/100 [10:00<03:14,  8.11s/it] 77%|███████▋  | 77/100 [10:16<03:58, 10.37s/it] 78%|███████▊  | 78/100 [10:26<03:46, 10.32s/it] 79%|███████▉  | 79/100 [10:35<03:28,  9.93s/it] 80%|████████  | 80/100 [10:51<03:55, 11.75s/it] 81%|████████  | 81/100 [10:57<03:11, 10.09s/it] 82%|████████▏ | 82/100 [11:00<02:21,  7.84s/it] 83%|████████▎ | 83/100 [11:03<01:51,  6.54s/it] 84%|████████▍ | 84/100 [11:08<01:35,  5.99s/it] 85%|████████▌ | 85/100 [11:12<01:19,  5.30s/it] 86%|████████▌ | 86/100 [11:19<01:24,  6.00s/it] 87%|████████▋ | 87/100 [11:24<01:13,  5.68s/it] 88%|████████▊ | 88/100 [11:32<01:16,  6.39s/it] 89%|████████▉ | 89/100 [11:43<01:23,  7.57s/it] 90%|█████████ | 90/100 [11:51<01:18,  7.81s/it] 91%|█████████ | 91/100 [11:59<01:10,  7.84s/it] 92%|█████████▏| 92/100 [12:04<00:56,  7.01s/it] 93%|█████████▎| 93/100 [12:19<01:05,  9.42s/it] 94%|█████████▍| 94/100 [12:28<00:55,  9.26s/it] 95%|█████████▌| 95/100 [12:32<00:38,  7.80s/it] 96%|█████████▌| 96/100 [12:40<00:30,  7.66s/it] 97%|█████████▋| 97/100 [12:44<00:19,  6.60s/it] 98%|█████████▊| 98/100 [12:48<00:11,  5.79s/it] 99%|█████████▉| 99/100 [12:51<00:05,  5.03s/it]100%|██████████| 100/100 [12:54<00:00,  4.60s/it]100%|██████████| 100/100 [12:54<00:00,  7.75s/it]
  0%|          | 0/12 [00:00<?, ?it/s]  8%|▊         | 1/12 [00:03<00:37,  3.43s/it] 17%|█▋        | 2/12 [00:06<00:34,  3.40s/it] 25%|██▌       | 3/12 [00:09<00:28,  3.15s/it] 33%|███▎      | 4/12 [00:12<00:25,  3.17s/it] 42%|████▏     | 5/12 [00:16<00:23,  3.36s/it] 50%|█████     | 6/12 [00:19<00:19,  3.18s/it] 58%|█████▊    | 7/12 [00:25<00:20,  4.09s/it] 67%|██████▋   | 8/12 [00:29<00:16,  4.14s/it] 75%|███████▌  | 9/12 [00:36<00:14,  4.86s/it] 83%|████████▎ | 10/12 [00:38<00:08,  4.25s/it] 92%|█████████▏| 11/12 [00:46<00:05,  5.25s/it]100%|██████████| 12/12 [00:51<00:00,  5.22s/it]100%|██████████| 12/12 [00:51<00:00,  4.31s/it]
  0%|          | 0/100 [00:00<?, ?it/s]  1%|          | 1/100 [00:05<09:27,  5.74s/it]  2%|▏         | 2/100 [00:13<10:08,  6.21s/it]  3%|▎         | 3/100 [00:21<11:04,  6.85s/it]  4%|▍         | 4/100 [00:24<09:24,  5.88s/it]  5%|▌         | 5/100 [00:28<08:10,  5.17s/it]  6%|▌         | 6/100 [00:32<07:21,  4.70s/it]  7%|▋         | 7/100 [00:46<11:34,  7.47s/it]  8%|▊         | 8/100 [00:50<10:02,  6.55s/it]  9%|▉         | 9/100 [00:57<10:21,  6.83s/it] 10%|█         | 10/100 [01:05<10:29,  7.00s/it] 11%|█         | 11/100 [01:07<08:15,  5.57s/it] 12%|█▏        | 12/100 [01:17<10:12,  6.96s/it] 13%|█▎        | 13/100 [01:23<09:42,  6.70s/it] 14%|█▍        | 14/100 [01:32<10:20,  7.22s/it] 15%|█▌        | 15/100 [01:39<10:02,  7.09s/it] 16%|█▌        | 16/100 [01:44<09:12,  6.58s/it] 17%|█▋        | 17/100 [01:55<11:03,  7.99s/it] 18%|█▊        | 18/100 [02:00<09:31,  6.97s/it] 19%|█▉        | 19/100 [02:04<08:20,  6.17s/it] 20%|██        | 20/100 [02:08<07:28,  5.61s/it] 21%|██        | 21/100 [02:11<06:07,  4.65s/it] 22%|██▏       | 22/100 [02:15<05:42,  4.39s/it] 23%|██▎       | 23/100 [02:26<08:23,  6.54s/it] 24%|██▍       | 24/100 [02:34<08:49,  6.97s/it] 25%|██▌       | 25/100 [02:38<07:37,  6.10s/it] 26%|██▌       | 26/100 [02:42<06:32,  5.30s/it] 27%|██▋       | 27/100 [02:48<06:44,  5.54s/it] 28%|██▊       | 28/100 [02:58<08:30,  7.09s/it] 29%|██▉       | 29/100 [03:06<08:21,  7.07s/it] 30%|███       | 30/100 [03:11<07:36,  6.53s/it] 31%|███       | 31/100 [03:15<06:50,  5.95s/it] 32%|███▏      | 32/100 [03:20<06:17,  5.55s/it] 33%|███▎      | 33/100 [03:49<14:10, 12.69s/it] 34%|███▍      | 34/100 [04:00<13:12, 12.01s/it] 35%|███▌      | 35/100 [04:03<10:18,  9.52s/it] 36%|███▌      | 36/100 [04:12<09:59,  9.37s/it] 37%|███▋      | 37/100 [04:36<14:16, 13.59s/it] 38%|███▊      | 38/100 [04:38<10:30, 10.18s/it] 39%|███▉      | 39/100 [04:42<08:32,  8.41s/it] 40%|████      | 40/100 [04:47<07:22,  7.38s/it] 41%|████      | 41/100 [04:56<07:28,  7.61s/it] 42%|████▏     | 42/100 [05:01<06:35,  6.82s/it] 43%|████▎     | 43/100 [05:06<05:58,  6.30s/it] 44%|████▍     | 44/100 [05:12<05:55,  6.35s/it] 45%|████▌     | 45/100 [05:18<05:34,  6.08s/it] 46%|████▌     | 46/100 [05:31<07:33,  8.39s/it] 47%|████▋     | 47/100 [05:44<08:37,  9.77s/it] 48%|████▊     | 48/100 [05:49<07:13,  8.33s/it] 49%|████▉     | 49/100 [05:52<05:40,  6.68s/it] 50%|█████     | 50/100 [05:56<04:48,  5.77s/it] 51%|█████     | 51/100 [06:04<05:19,  6.51s/it] 52%|█████▏    | 52/100 [06:07<04:25,  5.52s/it] 53%|█████▎    | 53/100 [06:14<04:34,  5.84s/it] 54%|█████▍    | 54/100 [06:19<04:18,  5.62s/it] 55%|█████▌    | 55/100 [06:24<04:02,  5.39s/it] 56%|█████▌    | 56/100 [06:25<02:58,  4.05s/it] 57%|█████▋    | 57/100 [06:32<03:34,  4.99s/it] 58%|█████▊    | 58/100 [06:40<04:10,  5.97s/it] 59%|█████▉    | 59/100 [06:52<05:16,  7.71s/it] 60%|██████    | 60/100 [06:54<04:03,  6.09s/it] 61%|██████    | 61/100 [06:58<03:32,  5.44s/it] 62%|██████▏   | 62/100 [07:02<03:10,  5.01s/it] 63%|██████▎   | 63/100 [07:07<03:02,  4.93s/it] 64%|██████▍   | 64/100 [07:12<02:57,  4.93s/it] 65%|██████▌   | 65/100 [07:19<03:20,  5.73s/it] 66%|██████▌   | 66/100 [07:37<05:12,  9.19s/it] 67%|██████▋   | 67/100 [07:43<04:32,  8.25s/it] 68%|██████▊   | 68/100 [07:45<03:25,  6.42s/it] 69%|██████▉   | 69/100 [07:50<03:05,  5.98s/it] 70%|███████   | 70/100 [08:13<05:33, 11.13s/it] 71%|███████   | 71/100 [08:18<04:32,  9.41s/it] 72%|███████▏  | 72/100 [08:24<03:48,  8.16s/it] 73%|███████▎  | 73/100 [08:27<03:01,  6.71s/it] 74%|███████▍  | 74/100 [08:36<03:11,  7.37s/it] 75%|███████▌  | 75/100 [08:50<03:56,  9.48s/it] 76%|███████▌  | 76/100 [08:55<03:12,  8.02s/it] 77%|███████▋  | 77/100 [09:10<03:50, 10.04s/it] 78%|███████▊  | 78/100 [09:19<03:38,  9.91s/it] 79%|███████▉  | 79/100 [09:28<03:21,  9.59s/it] 80%|████████  | 80/100 [09:44<03:49, 11.48s/it] 81%|████████  | 81/100 [09:50<03:08,  9.90s/it] 82%|████████▏ | 82/100 [09:53<02:18,  7.67s/it] 83%|████████▎ | 83/100 [09:56<01:49,  6.41s/it] 84%|████████▍ | 84/100 [10:01<01:34,  5.92s/it] 85%|████████▌ | 85/100 [10:05<01:19,  5.31s/it] 86%|████████▌ | 86/100 [10:12<01:23,  5.99s/it] 87%|████████▋ | 87/100 [10:17<01:13,  5.65s/it] 88%|████████▊ | 88/100 [10:25<01:16,  6.37s/it] 89%|████████▉ | 89/100 [10:36<01:23,  7.56s/it] 90%|█████████ | 90/100 [10:44<01:18,  7.81s/it] 91%|█████████ | 91/100 [10:52<01:10,  7.79s/it] 92%|█████████▏| 92/100 [10:57<00:55,  6.94s/it] 93%|█████████▎| 93/100 [11:12<01:05,  9.35s/it] 94%|█████████▍| 94/100 [11:21<00:55,  9.25s/it] 95%|█████████▌| 95/100 [11:25<00:38,  7.73s/it] 96%|█████████▌| 96/100 [11:32<00:30,  7.60s/it] 97%|█████████▋| 97/100 [11:36<00:19,  6.56s/it] 98%|█████████▊| 98/100 [11:40<00:11,  5.77s/it] 99%|█████████▉| 99/100 [11:43<00:04,  5.00s/it]100%|██████████| 100/100 [11:47<00:00,  4.58s/it]100%|██████████| 100/100 [11:47<00:00,  7.07s/it]
  0%|          | 0/12 [00:00<?, ?it/s]  8%|▊         | 1/12 [00:03<00:38,  3.46s/it] 17%|█▋        | 2/12 [00:06<00:34,  3.41s/it] 25%|██▌       | 3/12 [00:09<00:28,  3.16s/it] 33%|███▎      | 4/12 [00:12<00:25,  3.17s/it] 42%|████▏     | 5/12 [00:16<00:23,  3.36s/it] 50%|█████     | 6/12 [00:19<00:19,  3.18s/it] 58%|█████▊    | 7/12 [00:25<00:20,  4.13s/it] 67%|██████▋   | 8/12 [00:29<00:16,  4.19s/it] 75%|███████▌  | 9/12 [00:36<00:14,  4.92s/it] 83%|████████▎ | 10/12 [00:39<00:08,  4.29s/it] 92%|█████████▏| 11/12 [00:46<00:05,  5.31s/it]100%|██████████| 12/12 [00:52<00:00,  5.28s/it]100%|██████████| 12/12 [00:52<00:00,  4.34s/it]
  0%|          | 0/100 [00:00<?, ?it/s]  1%|          | 1/100 [00:05<09:42,  5.88s/it]  2%|▏         | 2/100 [00:13<10:20,  6.33s/it]  3%|▎         | 3/100 [00:21<11:15,  6.96s/it]  4%|▍         | 4/100 [00:25<09:29,  5.94s/it]  5%|▌         | 5/100 [00:28<08:13,  5.19s/it]  6%|▌         | 6/100 [00:32<07:25,  4.74s/it]  7%|▋         | 7/100 [00:46<11:40,  7.53s/it]  8%|▊         | 8/100 [00:50<10:09,  6.63s/it]  9%|▉         | 9/100 [00:58<10:28,  6.90s/it] 10%|█         | 10/100 [01:05<10:34,  7.05s/it] 11%|█         | 11/100 [01:08<08:20,  5.62s/it] 12%|█▏        | 12/100 [01:18<10:19,  7.04s/it] 13%|█▎        | 13/100 [01:24<09:46,  6.75s/it] 14%|█▍        | 14/100 [01:33<10:23,  7.25s/it] 15%|█▌        | 15/100 [01:39<10:00,  7.07s/it] 16%|█▌        | 16/100 [01:44<09:10,  6.55s/it] 17%|█▋        | 17/100 [01:56<11:03,  7.99s/it] 18%|█▊        | 18/100 [02:00<09:31,  6.97s/it] 19%|█▉        | 19/100 [02:05<08:20,  6.18s/it] 20%|██        | 20/100 [02:09<07:28,  5.61s/it] 21%|██        | 21/100 [02:11<06:07,  4.65s/it] 22%|██▏       | 22/100 [02:15<05:43,  4.40s/it] 23%|██▎       | 23/100 [02:27<08:21,  6.52s/it] 24%|██▍       | 24/100 [02:35<08:48,  6.95s/it] 25%|██▌       | 25/100 [02:39<07:36,  6.09s/it] 26%|██▌       | 26/100 [02:42<06:31,  5.28s/it] 27%|██▋       | 27/100 [02:48<06:39,  5.47s/it] 28%|██▊       | 28/100 [02:59<08:24,  7.01s/it] 29%|██▉       | 29/100 [03:06<08:17,  7.00s/it] 30%|███       | 30/100 [03:11<07:33,  6.48s/it] 31%|███       | 31/100 [03:16<06:47,  5.91s/it] 32%|███▏      | 32/100 [03:20<06:15,  5.52s/it] 33%|███▎      | 33/100 [03:50<14:09, 12.68s/it] 34%|███▍      | 34/100 [04:00<13:18, 12.10s/it] 35%|███▌      | 35/100 [04:04<10:28,  9.67s/it] 36%|███▌      | 36/100 [04:13<10:05,  9.46s/it] 37%|███▋      | 37/100 [04:37<14:19, 13.64s/it] 38%|███▊      | 38/100 [04:39<10:33, 10.22s/it] 39%|███▉      | 39/100 [04:43<08:37,  8.48s/it] 40%|████      | 40/100 [04:48<07:29,  7.50s/it] 41%|████      | 41/100 [04:57<07:34,  7.70s/it] 42%|████▏     | 42/100 [05:02<06:37,  6.85s/it] 43%|████▎     | 43/100 [05:07<05:59,  6.31s/it] 44%|████▍     | 44/100 [05:13<05:58,  6.40s/it] 45%|████▌     | 45/100 [05:19<05:42,  6.22s/it] 46%|████▌     | 46/100 [05:33<07:37,  8.48s/it] 47%|████▋     | 47/100 [05:46<08:43,  9.88s/it] 48%|████▊     | 48/100 [05:51<07:20,  8.47s/it] 49%|████▉     | 49/100 [05:54<05:50,  6.87s/it] 50%|█████     | 50/100 [05:59<05:06,  6.12s/it] 51%|█████     | 51/100 [06:07<05:31,  6.77s/it] 52%|█████▏    | 52/100 [06:10<04:33,  5.70s/it] 53%|█████▎    | 53/100 [06:17<04:39,  5.95s/it] 54%|█████▍    | 54/100 [06:21<04:18,  5.63s/it] 55%|█████▌    | 55/100 [06:27<04:06,  5.48s/it] 56%|█████▌    | 56/100 [06:27<02:59,  4.08s/it] 57%|█████▋    | 57/100 [06:35<03:35,  5.01s/it] 58%|█████▊    | 58/100 [06:43<04:17,  6.14s/it] 59%|█████▉    | 59/100 [06:55<05:18,  7.76s/it] 60%|██████    | 60/100 [06:57<04:06,  6.16s/it] 61%|██████    | 61/100 [07:01<03:34,  5.49s/it] 62%|██████▏   | 62/100 [07:05<03:10,  5.01s/it] 63%|██████▎   | 63/100 [07:10<03:01,  4.91s/it] 64%|██████▍   | 64/100 [07:15<02:57,  4.93s/it] 65%|██████▌   | 65/100 [07:22<03:20,  5.73s/it] 66%|██████▌   | 66/100 [07:40<05:16,  9.32s/it] 67%|██████▋   | 67/100 [07:46<04:35,  8.33s/it] 68%|██████▊   | 68/100 [07:48<03:27,  6.49s/it] 69%|██████▉   | 69/100 [07:53<03:06,  6.00s/it] 70%|███████   | 70/100 [08:16<05:33, 11.13s/it] 71%|███████   | 71/100 [08:22<04:33,  9.42s/it] 72%|███████▏  | 72/100 [08:27<03:48,  8.17s/it] 73%|███████▎  | 73/100 [08:30<03:00,  6.70s/it] 74%|███████▍  | 74/100 [08:39<03:12,  7.41s/it] 75%|███████▌  | 75/100 [08:54<03:59,  9.57s/it] 76%|███████▌  | 76/100 [08:58<03:12,  8.03s/it] 77%|███████▋  | 77/100 [09:14<03:57, 10.31s/it] 78%|███████▊  | 78/100 [09:24<03:44, 10.19s/it] 79%|███████▉  | 79/100 [09:33<03:26,  9.83s/it] 80%|████████  | 80/100 [09:49<03:54, 11.70s/it] 81%|████████  | 81/100 [09:55<03:10, 10.05s/it] 82%|████████▏ | 82/100 [09:58<02:20,  7.82s/it] 83%|████████▎ | 83/100 [10:01<01:50,  6.51s/it] 84%|████████▍ | 84/100 [10:06<01:35,  5.95s/it] 85%|████████▌ | 85/100 [10:10<01:19,  5.32s/it] 86%|████████▌ | 86/100 [10:17<01:24,  6.01s/it] 87%|████████▋ | 87/100 [10:22<01:13,  5.66s/it] 88%|████████▊ | 88/100 [10:30<01:16,  6.35s/it] 89%|████████▉ | 89/100 [10:40<01:22,  7.51s/it] 90%|█████████ | 90/100 [10:49<01:17,  7.72s/it] 91%|█████████ | 91/100 [10:56<01:09,  7.73s/it] 92%|█████████▏| 92/100 [11:01<00:55,  6.92s/it] 93%|█████████▎| 93/100 [11:16<01:05,  9.37s/it] 94%|█████████▍| 94/100 [11:26<00:55,  9.28s/it] 95%|█████████▌| 95/100 [11:30<00:38,  7.79s/it] 96%|█████████▌| 96/100 [11:37<00:30,  7.66s/it] 97%|█████████▋| 97/100 [11:41<00:19,  6.60s/it] 98%|█████████▊| 98/100 [11:45<00:11,  5.79s/it] 99%|█████████▉| 99/100 [11:48<00:04,  4.99s/it]100%|██████████| 100/100 [11:52<00:00,  4.58s/it]100%|██████████| 100/100 [11:52<00:00,  7.12s/it]
  0%|          | 0/12 [00:00<?, ?it/s]  8%|▊         | 1/12 [00:03<00:37,  3.44s/it] 17%|█▋        | 2/12 [00:06<00:34,  3.40s/it] 25%|██▌       | 3/12 [00:09<00:28,  3.15s/it] 33%|███▎      | 4/12 [00:12<00:25,  3.17s/it] 42%|████▏     | 5/12 [00:16<00:23,  3.38s/it] 50%|█████     | 6/12 [00:19<00:19,  3.19s/it] 58%|█████▊    | 7/12 [00:25<00:20,  4.11s/it] 67%|██████▋   | 8/12 [00:29<00:16,  4.16s/it] 75%|███████▌  | 9/12 [00:36<00:14,  4.89s/it] 83%|████████▎ | 10/12 [00:39<00:08,  4.28s/it] 92%|█████████▏| 11/12 [00:46<00:05,  5.29s/it]100%|██████████| 12/12 [00:51<00:00,  5.26s/it]100%|██████████| 12/12 [00:51<00:00,  4.33s/it]
  0%|          | 0/100 [00:00<?, ?it/s]  1%|          | 1/100 [00:05<09:37,  5.83s/it]  2%|▏         | 2/100 [00:13<10:15,  6.28s/it]  3%|▎         | 3/100 [00:21<11:09,  6.90s/it]  4%|▍         | 4/100 [00:25<09:26,  5.90s/it]  5%|▌         | 5/100 [00:28<08:12,  5.19s/it]  6%|▌         | 6/100 [00:32<07:25,  4.74s/it]  7%|▋         | 7/100 [00:46<11:34,  7.47s/it]  8%|▊         | 8/100 [00:50<10:07,  6.61s/it]  9%|▉         | 9/100 [00:58<10:19,  6.81s/it] 10%|█         | 10/100 [01:05<10:25,  6.96s/it] 11%|█         | 11/100 [01:07<08:15,  5.57s/it] 12%|█▏        | 12/100 [01:18<10:17,  7.02s/it] 13%|█▎        | 13/100 [01:24<09:48,  6.76s/it] 14%|█▍        | 14/100 [01:32<10:28,  7.31s/it] 15%|█▌        | 15/100 [01:39<10:06,  7.13s/it] 16%|█▌        | 16/100 [01:44<09:16,  6.62s/it] 17%|█▋        | 17/100 [01:56<11:10,  8.08s/it] 18%|█▊        | 18/100 [02:00<09:35,  7.02s/it] 19%|█▉        | 19/100 [02:05<08:21,  6.19s/it] 20%|██        | 20/100 [02:09<07:29,  5.62s/it] 21%|██        | 21/100 [02:11<06:07,  4.65s/it] 22%|██▏       | 22/100 [02:15<05:41,  4.38s/it] 23%|██▎       | 23/100 [02:26<08:18,  6.47s/it] 24%|██▍       | 24/100 [02:34<08:45,  6.91s/it] 25%|██▌       | 25/100 [02:39<07:37,  6.10s/it] 26%|██▌       | 26/100 [02:42<06:31,  5.29s/it] 27%|██▋       | 27/100 [02:48<06:40,  5.49s/it] 28%|██▊       | 28/100 [02:59<08:27,  7.05s/it] 29%|██▉       | 29/100 [03:06<08:19,  7.04s/it] 30%|███       | 30/100 [03:11<07:35,  6.51s/it] 31%|███       | 31/100 [03:15<06:47,  5.91s/it] 32%|███▏      | 32/100 [03:20<06:14,  5.50s/it] 33%|███▎      | 33/100 [03:49<14:05, 12.63s/it] 34%|███▍      | 34/100 [04:00<13:16, 12.07s/it] 35%|███▌      | 35/100 [04:04<10:23,  9.60s/it] 36%|███▌      | 36/100 [04:13<10:03,  9.42s/it] 37%|███▋      | 37/100 [04:36<14:08, 13.47s/it] 38%|███▊      | 38/100 [04:38<10:28, 10.14s/it] 39%|███▉      | 39/100 [04:43<08:34,  8.44s/it] 40%|████      | 40/100 [04:48<07:28,  7.47s/it] 41%|████      | 41/100 [04:56<07:30,  7.63s/it] 42%|████▏     | 42/100 [05:01<06:34,  6.80s/it] 43%|████▎     | 43/100 [05:06<05:55,  6.23s/it] 44%|████▍     | 44/100 [05:12<05:53,  6.30s/it] 45%|████▌     | 45/100 [05:18<05:33,  6.07s/it] 46%|████▌     | 46/100 [05:32<07:34,  8.42s/it] 47%|████▋     | 47/100 [05:45<08:39,  9.81s/it] 48%|████▊     | 48/100 [05:50<07:17,  8.41s/it] 49%|████▉     | 49/100 [05:53<05:47,  6.81s/it] 50%|█████     | 50/100 [05:57<05:04,  6.08s/it] 51%|█████     | 51/100 [06:05<05:30,  6.75s/it] 52%|█████▏    | 52/100 [06:09<04:32,  5.67s/it] 53%|█████▎    | 53/100 [06:15<04:40,  5.96s/it] 54%|█████▍    | 54/100 [06:20<04:21,  5.69s/it] 55%|█████▌    | 55/100 [06:25<04:06,  5.49s/it] 56%|█████▌    | 56/100 [06:26<02:59,  4.09s/it] 57%|█████▋    | 57/100 [06:33<03:34,  5.00s/it] 58%|█████▊    | 58/100 [06:42<04:17,  6.13s/it] 59%|█████▉    | 59/100 [06:54<05:19,  7.78s/it] 60%|██████    | 60/100 [06:56<04:05,  6.14s/it] 61%|██████    | 61/100 [07:00<03:33,  5.48s/it] 62%|██████▏   | 62/100 [07:04<03:10,  5.01s/it] 63%|██████▎   | 63/100 [07:09<03:02,  4.93s/it] 64%|██████▍   | 64/100 [07:14<02:57,  4.94s/it] 65%|██████▌   | 65/100 [07:21<03:21,  5.76s/it] 66%|██████▌   | 66/100 [07:39<05:18,  9.36s/it] 67%|██████▋   | 67/100 [07:45<04:36,  8.37s/it] 68%|██████▊   | 68/100 [07:47<03:27,  6.50s/it] 69%|██████▉   | 69/100 [07:52<03:05,  5.99s/it] 70%|███████   | 70/100 [08:15<05:34, 11.16s/it] 71%|███████   | 71/100 [08:21<04:34,  9.47s/it] 72%|███████▏  | 72/100 [08:26<03:47,  8.14s/it] 73%|███████▎  | 73/100 [08:29<03:00,  6.69s/it] 74%|███████▍  | 74/100 [08:38<03:11,  7.36s/it] 75%|███████▌  | 75/100 [08:53<03:59,  9.57s/it] 76%|███████▌  | 76/100 [08:57<03:13,  8.06s/it] 77%|███████▋  | 77/100 [09:13<03:58, 10.38s/it] 78%|███████▊  | 78/100 [09:23<03:46, 10.28s/it] 79%|███████▉  | 79/100 [09:32<03:26,  9.83s/it] 80%|████████  | 80/100 [09:48<03:53, 11.68s/it] 81%|████████  | 81/100 [09:54<03:11, 10.07s/it] 82%|████████▏ | 82/100 [09:57<02:20,  7.83s/it] 83%|████████▎ | 83/100 [10:00<01:51,  6.53s/it] 84%|████████▍ | 84/100 [10:05<01:35,  5.99s/it] 85%|████████▌ | 85/100 [10:09<01:20,  5.37s/it] 86%|████████▌ | 86/100 [10:17<01:24,  6.05s/it] 87%|████████▋ | 87/100 [10:21<01:13,  5.68s/it] 88%|████████▊ | 88/100 [10:29<01:16,  6.35s/it] 89%|████████▉ | 89/100 [10:40<01:22,  7.54s/it] 90%|█████████ | 90/100 [10:48<01:17,  7.76s/it] 91%|█████████ | 91/100 [10:56<01:10,  7.80s/it] 92%|█████████▏| 92/100 [11:01<00:55,  6.97s/it] 93%|█████████▎| 93/100 [11:16<01:05,  9.37s/it] 94%|█████████▍| 94/100 [11:25<00:55,  9.25s/it] 95%|█████████▌| 95/100 [11:29<00:38,  7.76s/it] 96%|█████████▌| 96/100 [11:37<00:30,  7.67s/it] 97%|█████████▋| 97/100 [11:41<00:19,  6.61s/it] 98%|█████████▊| 98/100 [11:45<00:11,  5.79s/it] 99%|█████████▉| 99/100 [11:48<00:05,  5.02s/it]100%|██████████| 100/100 [11:51<00:00,  4.60s/it]100%|██████████| 100/100 [11:51<00:00,  7.12s/it]
  0%|          | 0/12 [00:00<?, ?it/s]  8%|▊         | 1/12 [00:03<00:37,  3.42s/it] 17%|█▋        | 2/12 [00:06<00:33,  3.39s/it] 25%|██▌       | 3/12 [00:09<00:28,  3.15s/it] 33%|███▎      | 4/12 [00:12<00:25,  3.16s/it] 42%|████▏     | 5/12 [00:16<00:23,  3.36s/it] 50%|█████     | 6/12 [00:19<00:19,  3.18s/it] 58%|█████▊    | 7/12 [00:25<00:20,  4.10s/it] 67%|██████▋   | 8/12 [00:29<00:16,  4.14s/it] 75%|███████▌  | 9/12 [00:36<00:14,  4.87s/it] 83%|████████▎ | 10/12 [00:38<00:08,  4.26s/it] 92%|█████████▏| 11/12 [00:46<00:05,  5.26s/it]100%|██████████| 12/12 [00:51<00:00,  5.24s/it]100%|██████████| 12/12 [00:51<00:00,  4.31s/it]
  0%|          | 0/100 [00:00<?, ?it/s]  1%|          | 1/100 [00:05<09:24,  5.71s/it]  2%|▏         | 2/100 [00:12<10:05,  6.18s/it]  3%|▎         | 3/100 [00:21<11:06,  6.87s/it]  4%|▍         | 4/100 [00:24<09:22,  5.85s/it]  5%|▌         | 5/100 [00:28<08:08,  5.15s/it]  6%|▌         | 6/100 [00:32<07:22,  4.70s/it]  7%|▋         | 7/100 [00:46<11:35,  7.48s/it]  8%|▊         | 8/100 [00:50<10:08,  6.62s/it]  9%|▉         | 9/100 [00:58<10:24,  6.86s/it] 10%|█         | 10/100 [01:05<10:29,  7.00s/it] 11%|█         | 11/100 [01:07<08:19,  5.62s/it] 12%|█▏        | 12/100 [01:18<10:17,  7.02s/it] 13%|█▎        | 13/100 [01:24<09:48,  6.76s/it] 14%|█▍        | 14/100 [01:32<10:20,  7.21s/it] 15%|█▌        | 15/100 [01:39<10:07,  7.14s/it] 16%|█▌        | 16/100 [01:44<09:16,  6.62s/it] 17%|█▋        | 17/100 [01:56<11:12,  8.10s/it] 18%|█▊        | 18/100 [02:01<09:37,  7.04s/it] 19%|█▉        | 19/100 [02:05<08:23,  6.21s/it] 20%|██        | 20/100 [02:09<07:29,  5.62s/it] 21%|██        | 21/100 [02:11<06:08,  4.66s/it] 22%|██▏       | 22/100 [02:15<05:42,  4.39s/it] 23%|██▎       | 23/100 [02:27<08:21,  6.52s/it] 24%|██▍       | 24/100 [02:35<08:48,  6.96s/it] 25%|██▌       | 25/100 [02:39<07:38,  6.11s/it] 26%|██▌       | 26/100 [02:42<06:31,  5.29s/it] 27%|██▋       | 27/100 [02:48<06:40,  5.49s/it] 28%|██▊       | 28/100 [02:59<08:24,  7.01s/it] 29%|██▉       | 29/100 [03:06<08:16,  6.99s/it] 30%|███       | 30/100 [03:11<07:32,  6.47s/it] 31%|███       | 31/100 [03:15<06:45,  5.87s/it] 32%|███▏      | 32/100 [03:20<06:11,  5.47s/it] 33%|███▎      | 33/100 [03:49<14:00, 12.55s/it] 34%|███▍      | 34/100 [04:00<13:14, 12.04s/it] 35%|███▌      | 35/100 [04:04<10:26,  9.64s/it] 36%|███▌      | 36/100 [04:13<10:09,  9.52s/it] 37%|███▋      | 37/100 [04:36<14:18, 13.63s/it] 38%|███▊      | 38/100 [04:39<10:35, 10.26s/it] 39%|███▉      | 39/100 [04:43<08:39,  8.51s/it] 40%|████      | 40/100 [04:48<07:32,  7.55s/it] 41%|████      | 41/100 [04:57<07:37,  7.75s/it] 42%|████▏     | 42/100 [05:02<06:40,  6.91s/it] 43%|████▎     | 43/100 [05:07<06:02,  6.36s/it] 44%|████▍     | 44/100 [05:13<06:01,  6.45s/it] 45%|████▌     | 45/100 [05:19<05:41,  6.21s/it] 46%|████▌     | 46/100 [05:33<07:42,  8.56s/it] 47%|████▋     | 47/100 [05:46<08:44,  9.89s/it] 48%|████▊     | 48/100 [05:51<07:21,  8.49s/it] 49%|████▉     | 49/100 [05:54<05:49,  6.86s/it] 50%|█████     | 50/100 [05:59<05:05,  6.12s/it] 51%|█████     | 51/100 [06:07<05:29,  6.73s/it] 52%|█████▏    | 52/100 [06:10<04:31,  5.67s/it] 53%|█████▎    | 53/100 [06:17<04:37,  5.91s/it] 54%|█████▍    | 54/100 [06:22<04:21,  5.68s/it] 55%|█████▌    | 55/100 [06:27<04:07,  5.49s/it] 56%|█████▌    | 56/100 [06:28<03:00,  4.09s/it] 57%|█████▋    | 57/100 [06:35<03:36,  5.03s/it] 58%|█████▊    | 58/100 [06:43<04:16,  6.11s/it] 59%|█████▉    | 59/100 [06:55<05:18,  7.76s/it] 60%|██████    | 60/100 [06:57<04:05,  6.13s/it] 61%|██████    | 61/100 [07:01<03:32,  5.45s/it] 62%|██████▏   | 62/100 [07:05<03:10,  5.01s/it] 63%|██████▎   | 63/100 [07:10<03:01,  4.90s/it] 64%|██████▍   | 64/100 [07:15<02:58,  4.95s/it] 65%|██████▌   | 65/100 [07:23<03:21,  5.76s/it] 66%|██████▌   | 66/100 [07:40<05:18,  9.38s/it] 67%|██████▋   | 67/100 [07:46<04:36,  8.39s/it] 68%|██████▊   | 68/100 [07:49<03:27,  6.49s/it] 69%|██████▉   | 69/100 [07:53<03:05,  5.97s/it] 70%|███████   | 70/100 [08:17<05:35, 11.17s/it] 71%|███████   | 71/100 [08:22<04:33,  9.43s/it] 72%|███████▏  | 72/100 [08:27<03:47,  8.11s/it] 73%|███████▎  | 73/100 [08:30<02:59,  6.64s/it] 74%|███████▍  | 74/100 [08:39<03:10,  7.32s/it] 75%|███████▌  | 75/100 [08:54<03:56,  9.46s/it] 76%|███████▌  | 76/100 [08:58<03:11,  7.99s/it] 77%|███████▋  | 77/100 [09:14<03:56, 10.28s/it] 78%|███████▊  | 78/100 [09:24<03:43, 10.14s/it] 79%|███████▉  | 79/100 [09:32<03:24,  9.75s/it] 80%|████████  | 80/100 [09:48<03:52, 11.62s/it] 81%|████████  | 81/100 [09:55<03:09, 10.00s/it] 82%|████████▏ | 82/100 [09:57<02:20,  7.79s/it] 83%|████████▎ | 83/100 [10:01<01:50,  6.51s/it] 84%|████████▍ | 84/100 [10:05<01:35,  5.95s/it] 85%|████████▌ | 85/100 [10:09<01:20,  5.35s/it] 86%|████████▌ | 86/100 [10:17<01:24,  6.03s/it] 87%|████████▋ | 87/100 [10:22<01:13,  5.67s/it] 88%|████████▊ | 88/100 [10:30<01:16,  6.37s/it] 89%|████████▉ | 89/100 [10:40<01:22,  7.51s/it] 90%|█████████ | 90/100 [10:48<01:17,  7.75s/it] 91%|█████████ | 91/100 [10:56<01:09,  7.77s/it] 92%|█████████▏| 92/100 [11:01<00:55,  6.96s/it] 93%|█████████▎| 93/100 [11:16<01:05,  9.30s/it] 94%|█████████▍| 94/100 [11:25<00:55,  9.20s/it] 95%|█████████▌| 95/100 [11:29<00:38,  7.74s/it] 96%|█████████▌| 96/100 [11:37<00:30,  7.66s/it] 97%|█████████▋| 97/100 [11:41<00:19,  6.60s/it] 98%|█████████▊| 98/100 [11:45<00:11,  5.80s/it] 99%|█████████▉| 99/100 [11:48<00:04,  4.99s/it]100%|██████████| 100/100 [11:51<00:00,  4.58s/it]100%|██████████| 100/100 [11:51<00:00,  7.12s/it]
  0%|          | 0/12 [00:00<?, ?it/s]  8%|▊         | 1/12 [00:03<00:38,  3.49s/it] 17%|█▋        | 2/12 [00:06<00:34,  3.44s/it] 25%|██▌       | 3/12 [00:09<00:28,  3.18s/it] 33%|███▎      | 4/12 [00:12<00:25,  3.20s/it] 42%|████▏     | 5/12 [00:16<00:23,  3.40s/it] 50%|█████     | 6/12 [00:19<00:19,  3.21s/it] 58%|█████▊    | 7/12 [00:25<00:20,  4.13s/it] 67%|██████▋   | 8/12 [00:29<00:16,  4.18s/it] 75%|███████▌  | 9/12 [00:36<00:14,  4.90s/it] 83%|████████▎ | 10/12 [00:39<00:08,  4.28s/it] 92%|█████████▏| 11/12 [00:46<00:05,  5.27s/it]100%|██████████| 12/12 [00:51<00:00,  5.24s/it]100%|██████████| 12/12 [00:51<00:00,  4.33s/it]
  0%|          | 0/100 [00:00<?, ?it/s]  1%|          | 1/100 [00:05<09:45,  5.91s/it]  2%|▏         | 2/100 [00:13<10:22,  6.35s/it]  3%|▎         | 3/100 [00:21<11:12,  6.93s/it]  4%|▍         | 4/100 [00:25<09:30,  5.94s/it]  5%|▌         | 5/100 [00:28<08:15,  5.21s/it]  6%|▌         | 6/100 [00:32<07:24,  4.73s/it]  7%|▋         | 7/100 [00:46<11:37,  7.51s/it]  8%|▊         | 8/100 [00:50<10:10,  6.63s/it]  9%|▉         | 9/100 [00:58<10:21,  6.83s/it] 10%|█         | 10/100 [01:05<10:27,  6.97s/it] 11%|█         | 11/100 [01:07<08:12,  5.53s/it] 12%|█▏        | 12/100 [01:17<10:12,  6.96s/it] 13%|█▎        | 13/100 [01:24<09:42,  6.69s/it] 14%|█▍        | 14/100 [01:32<10:21,  7.22s/it] 15%|█▌        | 15/100 [01:39<10:06,  7.14s/it] 16%|█▌        | 16/100 [01:44<09:17,  6.64s/it] 17%|█▋        | 17/100 [01:56<11:09,  8.07s/it] 18%|█▊        | 18/100 [02:00<09:35,  7.02s/it] 19%|█▉        | 19/100 [02:05<08:21,  6.20s/it] 20%|██        | 20/100 [02:09<07:30,  5.63s/it] 21%|██        | 21/100 [02:11<06:08,  4.66s/it] 22%|██▏       | 22/100 [02:15<05:42,  4.39s/it] 23%|██▎       | 23/100 [02:27<08:21,  6.51s/it] 24%|██▍       | 24/100 [02:35<08:47,  6.94s/it] 25%|██▌       | 25/100 [02:39<07:34,  6.07s/it] 26%|██▌       | 26/100 [02:42<06:31,  5.29s/it] 27%|██▋       | 27/100 [02:48<06:45,  5.55s/it] 28%|██▊       | 28/100 [02:59<08:29,  7.07s/it] 29%|██▉       | 29/100 [03:06<08:19,  7.04s/it] 30%|███       | 30/100 [03:11<07:35,  6.50s/it] 31%|███       | 31/100 [03:15<06:46,  5.89s/it] 32%|███▏      | 32/100 [03:20<06:10,  5.45s/it] 33%|███▎      | 33/100 [03:49<14:02, 12.57s/it] 34%|███▍      | 34/100 [04:00<13:14, 12.03s/it] 35%|███▌      | 35/100 [04:04<10:22,  9.58s/it] 36%|███▌      | 36/100 [04:13<10:01,  9.40s/it] 37%|███▋      | 37/100 [04:36<14:06, 13.44s/it] 38%|███▊      | 38/100 [04:38<10:26, 10.11s/it] 39%|███▉      | 39/100 [04:42<08:33,  8.42s/it] 40%|████      | 40/100 [04:48<07:30,  7.51s/it] 41%|████      | 41/100 [04:56<07:29,  7.62s/it] 42%|████▏     | 42/100 [05:01<06:34,  6.80s/it] 43%|████▎     | 43/100 [05:06<05:57,  6.27s/it] 44%|████▍     | 44/100 [05:12<05:51,  6.28s/it] 45%|████▌     | 45/100 [05:18<05:35,  6.10s/it] 46%|████▌     | 46/100 [05:31<07:36,  8.46s/it] 47%|████▋     | 47/100 [05:44<08:36,  9.74s/it] 48%|████▊     | 48/100 [05:49<07:14,  8.36s/it] 49%|████▉     | 49/100 [05:52<05:45,  6.77s/it] 50%|█████     | 50/100 [05:57<05:02,  6.06s/it] 51%|█████     | 51/100 [06:05<05:29,  6.72s/it] 52%|█████▏    | 52/100 [06:08<04:31,  5.67s/it] 53%|█████▎    | 53/100 [06:15<04:36,  5.88s/it] 54%|█████▍    | 54/100 [06:20<04:18,  5.61s/it] 55%|█████▌    | 55/100 [06:25<04:06,  5.47s/it] 56%|█████▌    | 56/100 [06:26<02:59,  4.08s/it] 57%|█████▋    | 57/100 [06:33<03:35,  5.00s/it] 58%|█████▊    | 58/100 [06:41<04:16,  6.11s/it] 59%|█████▉    | 59/100 [06:53<05:16,  7.73s/it] 60%|██████    | 60/100 [06:55<04:05,  6.13s/it] 61%|██████    | 61/100 [06:59<03:32,  5.46s/it] 62%|██████▏   | 62/100 [07:03<03:11,  5.03s/it] 63%|██████▎   | 63/100 [07:08<03:02,  4.94s/it] 64%|██████▍   | 64/100 [07:13<02:57,  4.92s/it] 65%|██████▌   | 65/100 [07:20<03:19,  5.71s/it] 66%|██████▌   | 66/100 [07:38<05:15,  9.28s/it] 67%|██████▋   | 67/100 [07:44<04:37,  8.41s/it] 68%|██████▊   | 68/100 [07:47<03:29,  6.53s/it] 69%|██████▉   | 69/100 [07:51<03:05,  6.00s/it] 70%|███████   | 70/100 [08:15<05:34, 11.15s/it] 71%|███████   | 71/100 [08:20<04:31,  9.38s/it] 72%|███████▏  | 72/100 [08:25<03:47,  8.12s/it] 73%|███████▎  | 73/100 [08:28<03:00,  6.68s/it] 74%|███████▍  | 74/100 [08:37<03:11,  7.35s/it] 75%|███████▌  | 75/100 [08:52<03:57,  9.49s/it] 76%|███████▌  | 76/100 [08:56<03:12,  8.00s/it] 77%|███████▋  | 77/100 [09:11<03:53, 10.17s/it] 78%|███████▊  | 78/100 [09:22<03:43, 10.17s/it] 79%|███████▉  | 79/100 [09:30<03:25,  9.78s/it] 80%|████████  | 80/100 [09:47<03:53, 11.69s/it] 81%|████████  | 81/100 [09:53<03:10, 10.04s/it] 82%|████████▏ | 82/100 [09:55<02:20,  7.81s/it] 83%|████████▎ | 83/100 [09:59<01:51,  6.54s/it] 84%|████████▍ | 84/100 [10:04<01:36,  6.04s/it] 85%|████████▌ | 85/100 [10:08<01:20,  5.39s/it] 86%|████████▌ | 86/100 [10:15<01:24,  6.07s/it] 87%|████████▋ | 87/100 [10:20<01:14,  5.71s/it] 88%|████████▊ | 88/100 [10:28<01:15,  6.32s/it] 89%|████████▉ | 89/100 [10:38<01:21,  7.45s/it] 90%|█████████ | 90/100 [10:46<01:17,  7.71s/it] 91%|█████████ | 91/100 [10:54<01:09,  7.74s/it] 92%|█████████▏| 92/100 [10:59<00:55,  6.97s/it] 93%|█████████▎| 93/100 [11:14<01:05,  9.36s/it] 94%|█████████▍| 94/100 [11:23<00:55,  9.19s/it] 95%|█████████▌| 95/100 [11:27<00:38,  7.73s/it] 96%|█████████▌| 96/100 [11:35<00:30,  7.65s/it] 97%|█████████▋| 97/100 [11:39<00:19,  6.60s/it] 98%|█████████▊| 98/100 [11:43<00:11,  5.79s/it] 99%|█████████▉| 99/100 [11:46<00:04,  5.00s/it]100%|██████████| 100/100 [11:50<00:00,  4.58s/it]100%|██████████| 100/100 [11:50<00:00,  7.10s/it]
  0%|          | 0/12 [00:00<?, ?it/s]  8%|▊         | 1/12 [00:03<00:37,  3.45s/it] 17%|█▋        | 2/12 [00:06<00:34,  3.42s/it] 25%|██▌       | 3/12 [00:09<00:28,  3.16s/it] 33%|███▎      | 4/12 [00:12<00:25,  3.19s/it] 42%|████▏     | 5/12 [00:16<00:23,  3.39s/it] 50%|█████     | 6/12 [00:19<00:19,  3.21s/it] 58%|█████▊    | 7/12 [00:25<00:20,  4.13s/it] 67%|██████▋   | 8/12 [00:29<00:16,  4.19s/it] 75%|███████▌  | 9/12 [00:36<00:14,  4.91s/it] 83%|████████▎ | 10/12 [00:39<00:08,  4.30s/it] 92%|█████████▏| 11/12 [00:47<00:05,  5.32s/it]100%|██████████| 12/12 [00:52<00:00,  5.28s/it]100%|██████████| 12/12 [00:52<00:00,  4.35s/it]
  0%|          | 0/100 [00:00<?, ?it/s]  1%|          | 1/100 [00:05<09:36,  5.82s/it]  2%|▏         | 2/100 [00:13<10:13,  6.26s/it]  3%|▎         | 3/100 [00:21<11:01,  6.82s/it]  4%|▍         | 4/100 [00:24<09:20,  5.84s/it]  5%|▌         | 5/100 [00:28<08:09,  5.15s/it]  6%|▌         | 6/100 [00:32<07:22,  4.71s/it]  7%|▋         | 7/100 [00:46<11:42,  7.55s/it]  8%|▊         | 8/100 [00:50<10:13,  6.66s/it]  9%|▉         | 9/100 [00:58<10:27,  6.89s/it] 10%|█         | 10/100 [01:05<10:31,  7.01s/it] 11%|█         | 11/100 [01:07<08:15,  5.56s/it] 12%|█▏        | 12/100 [01:17<10:09,  6.93s/it] 13%|█▎        | 13/100 [01:23<09:37,  6.64s/it] 14%|█▍        | 14/100 [01:32<10:13,  7.13s/it] 15%|█▌        | 15/100 [01:38<09:55,  7.01s/it] 16%|█▌        | 16/100 [01:44<09:09,  6.54s/it] 17%|█▋        | 17/100 [01:55<11:00,  7.96s/it] 18%|█▊        | 18/100 [02:00<09:29,  6.94s/it] 19%|█▉        | 19/100 [02:04<08:15,  6.11s/it] 20%|██        | 20/100 [02:08<07:25,  5.57s/it] 21%|██        | 21/100 [02:10<06:05,  4.63s/it] 22%|██▏       | 22/100 [02:14<05:41,  4.38s/it] 23%|██▎       | 23/100 [02:26<08:20,  6.50s/it] 24%|██▍       | 24/100 [02:34<08:47,  6.94s/it] 25%|██▌       | 25/100 [02:38<07:38,  6.11s/it] 26%|██▌       | 26/100 [02:41<06:33,  5.32s/it] 27%|██▋       | 27/100 [02:47<06:36,  5.44s/it] 28%|██▊       | 28/100 [02:58<08:20,  6.96s/it] 29%|██▉       | 29/100 [03:05<08:13,  6.96s/it] 30%|███       | 30/100 [03:10<07:31,  6.45s/it] 31%|███       | 31/100 [03:14<06:43,  5.84s/it] 32%|███▏      | 32/100 [03:19<06:08,  5.41s/it] 33%|███▎      | 33/100 [03:48<13:56, 12.48s/it] 34%|███▍      | 34/100 [03:58<13:07, 11.94s/it] 35%|███▌      | 35/100 [04:02<10:10,  9.40s/it] 36%|███▌      | 36/100 [04:11<09:54,  9.28s/it] 37%|███▋      | 37/100 [04:33<13:48, 13.15s/it] 38%|███▊      | 38/100 [04:35<10:03,  9.73s/it] 39%|███▉      | 39/100 [04:38<07:53,  7.77s/it] 40%|████      | 40/100 [04:42<06:44,  6.74s/it] 41%|████      | 41/100 [04:50<06:56,  7.06s/it] 42%|████▏     | 42/100 [04:55<06:12,  6.42s/it] 43%|████▎     | 43/100 [05:00<05:37,  5.93s/it] 44%|████▍     | 44/100 [05:06<05:39,  6.06s/it] 45%|████▌     | 45/100 [05:12<05:24,  5.91s/it] 46%|████▌     | 46/100 [05:26<07:31,  8.36s/it] 47%|████▋     | 47/100 [05:39<08:38,  9.78s/it] 48%|████▊     | 48/100 [05:44<07:15,  8.38s/it] 49%|████▉     | 49/100 [05:47<05:45,  6.78s/it] 50%|█████     | 50/100 [05:51<05:04,  6.09s/it] 51%|█████     | 51/100 [06:00<05:30,  6.74s/it] 52%|█████▏    | 52/100 [06:03<04:32,  5.67s/it] 53%|█████▎    | 53/100 [06:09<04:37,  5.90s/it] 54%|█████▍    | 54/100 [06:14<04:21,  5.67s/it] 55%|█████▌    | 55/100 [06:20<04:07,  5.51s/it] 56%|█████▌    | 56/100 [06:20<03:00,  4.10s/it] 57%|█████▋    | 57/100 [06:28<03:35,  5.01s/it] 58%|█████▊    | 58/100 [06:34<03:54,  5.58s/it] 59%|█████▉    | 59/100 [06:44<04:41,  6.88s/it] 60%|██████    | 60/100 [06:47<03:38,  5.46s/it] 61%|██████    | 61/100 [06:50<03:08,  4.84s/it] 62%|██████▏   | 62/100 [06:54<02:51,  4.52s/it] 63%|██████▎   | 63/100 [06:58<02:47,  4.54s/it] 64%|██████▍   | 64/100 [07:03<02:42,  4.51s/it] 65%|██████▌   | 65/100 [07:09<02:56,  5.04s/it] 66%|██████▌   | 66/100 [07:24<04:38,  8.18s/it] 67%|██████▋   | 67/100 [07:30<04:00,  7.29s/it] 68%|██████▊   | 68/100 [07:32<03:02,  5.70s/it] 69%|██████▉   | 69/100 [07:36<02:45,  5.34s/it] 70%|███████   | 70/100 [07:58<05:08, 10.30s/it] 71%|███████   | 71/100 [08:03<04:13,  8.73s/it] 72%|███████▏  | 72/100 [08:08<03:35,  7.69s/it] 73%|███████▎  | 73/100 [08:12<02:52,  6.38s/it] 74%|███████▍  | 74/100 [08:21<03:05,  7.15s/it] 75%|███████▌  | 75/100 [08:35<03:55,  9.41s/it] 76%|███████▌  | 76/100 [08:40<03:11,  7.96s/it] 77%|███████▋  | 77/100 [08:55<03:55, 10.25s/it] 78%|███████▊  | 78/100 [09:06<03:45, 10.24s/it] 79%|███████▉  | 79/100 [09:15<03:26,  9.84s/it] 80%|████████  | 80/100 [09:31<03:54, 11.75s/it] 81%|████████  | 81/100 [09:37<03:10, 10.05s/it] 82%|████████▏ | 82/100 [09:39<02:20,  7.81s/it] 83%|████████▎ | 83/100 [09:43<01:50,  6.53s/it] 84%|████████▍ | 84/100 [09:48<01:35,  5.96s/it] 85%|████████▌ | 85/100 [09:51<01:19,  5.28s/it] 86%|████████▌ | 86/100 [09:59<01:23,  5.98s/it] 87%|████████▋ | 87/100 [10:04<01:13,  5.66s/it] 88%|████████▊ | 88/100 [10:12<01:15,  6.29s/it] 89%|████████▉ | 89/100 [10:22<01:22,  7.46s/it] 90%|█████████ | 90/100 [10:30<01:17,  7.72s/it] 91%|█████████ | 91/100 [10:38<01:09,  7.74s/it] 92%|█████████▏| 92/100 [10:43<00:55,  6.94s/it] 93%|█████████▎| 93/100 [10:58<01:05,  9.38s/it] 94%|█████████▍| 94/100 [11:07<00:55,  9.23s/it] 95%|█████████▌| 95/100 [11:11<00:38,  7.78s/it] 96%|█████████▌| 96/100 [11:19<00:30,  7.70s/it] 97%|█████████▋| 97/100 [11:23<00:19,  6.62s/it] 98%|█████████▊| 98/100 [11:27<00:11,  5.79s/it] 99%|█████████▉| 99/100 [11:30<00:04,  4.98s/it]100%|██████████| 100/100 [11:34<00:00,  4.57s/it]100%|██████████| 100/100 [11:34<00:00,  6.94s/it]
  0%|          | 0/12 [00:00<?, ?it/s]  8%|▊         | 1/12 [00:03<00:37,  3.45s/it] 17%|█▋        | 2/12 [00:06<00:34,  3.42s/it] 25%|██▌       | 3/12 [00:09<00:28,  3.16s/it] 33%|███▎      | 4/12 [00:12<00:25,  3.17s/it] 42%|████▏     | 5/12 [00:16<00:23,  3.37s/it] 50%|█████     | 6/12 [00:19<00:19,  3.20s/it] 58%|█████▊    | 7/12 [00:25<00:20,  4.13s/it] 67%|██████▋   | 8/12 [00:29<00:16,  4.17s/it] 75%|███████▌  | 9/12 [00:36<00:14,  4.89s/it] 83%|████████▎ | 10/12 [00:39<00:08,  4.28s/it] 92%|█████████▏| 11/12 [00:46<00:05,  5.29s/it]100%|██████████| 12/12 [00:52<00:00,  5.26s/it]100%|██████████| 12/12 [00:52<00:00,  4.33s/it]
  0%|          | 0/100 [00:00<?, ?it/s]  1%|          | 1/100 [00:05<09:42,  5.88s/it]  2%|▏         | 2/100 [00:13<10:18,  6.31s/it]  3%|▎         | 3/100 [00:21<11:04,  6.85s/it]  4%|▍         | 4/100 [00:24<09:25,  5.89s/it]  5%|▌         | 5/100 [00:28<08:11,  5.17s/it]  6%|▌         | 6/100 [00:32<07:23,  4.71s/it]  7%|▋         | 7/100 [00:45<11:25,  7.37s/it]  8%|▊         | 8/100 [00:50<09:58,  6.51s/it]  9%|▉         | 9/100 [00:57<10:14,  6.75s/it] 10%|█         | 10/100 [01:04<10:19,  6.88s/it] 11%|█         | 11/100 [01:06<08:04,  5.45s/it] 12%|█▏        | 12/100 [01:16<10:02,  6.84s/it] 13%|█▎        | 13/100 [01:22<09:32,  6.58s/it] 14%|█▍        | 14/100 [01:31<10:08,  7.07s/it] 15%|█▌        | 15/100 [01:37<09:50,  6.95s/it] 16%|█▌        | 16/100 [01:43<09:08,  6.53s/it] 17%|█▋        | 17/100 [01:54<10:55,  7.90s/it] 18%|█▊        | 18/100 [01:58<09:25,  6.89s/it] 19%|█▉        | 19/100 [02:03<08:11,  6.07s/it] 20%|██        | 20/100 [02:07<07:23,  5.54s/it] 21%|██        | 21/100 [02:09<06:03,  4.60s/it] 22%|██▏       | 22/100 [02:13<05:39,  4.35s/it] 23%|██▎       | 23/100 [02:24<08:16,  6.45s/it] 24%|██▍       | 24/100 [02:32<08:42,  6.88s/it] 25%|██▌       | 25/100 [02:36<07:33,  6.04s/it] 26%|██▌       | 26/100 [02:40<06:29,  5.26s/it] 27%|██▋       | 27/100 [02:46<06:40,  5.49s/it] 28%|██▊       | 28/100 [02:56<08:23,  6.99s/it] 29%|██▉       | 29/100 [03:03<08:15,  6.98s/it] 30%|███       | 30/100 [03:08<07:32,  6.46s/it] 31%|███       | 31/100 [03:13<06:43,  5.85s/it] 32%|███▏      | 32/100 [03:17<06:09,  5.43s/it] 33%|███▎      | 33/100 [03:46<13:54, 12.46s/it] 34%|███▍      | 34/100 [03:57<13:06, 11.91s/it] 35%|███▌      | 35/100 [04:01<10:21,  9.55s/it] 36%|███▌      | 36/100 [04:10<10:04,  9.44s/it] 37%|███▋      | 37/100 [04:33<14:10, 13.50s/it] 38%|███▊      | 38/100 [04:35<10:27, 10.12s/it] 39%|███▉      | 39/100 [04:40<08:32,  8.40s/it] 40%|████      | 40/100 [04:45<07:31,  7.52s/it] 41%|████      | 41/100 [04:53<07:33,  7.69s/it] 42%|████▏     | 42/100 [04:58<06:38,  6.87s/it] 43%|████▎     | 43/100 [05:03<06:00,  6.32s/it] 44%|████▍     | 44/100 [05:10<05:55,  6.35s/it] 45%|████▌     | 45/100 [05:15<05:38,  6.15s/it] 46%|████▌     | 46/100 [05:29<07:38,  8.49s/it] 47%|████▋     | 47/100 [05:42<08:38,  9.78s/it] 48%|████▊     | 48/100 [05:47<07:16,  8.40s/it] 49%|████▉     | 49/100 [05:50<05:47,  6.82s/it] 50%|█████     | 50/100 [05:55<05:05,  6.11s/it] 51%|█████     | 51/100 [06:03<05:32,  6.79s/it] 52%|█████▏    | 52/100 [06:06<04:33,  5.71s/it] 53%|█████▎    | 53/100 [06:13<04:39,  5.95s/it] 54%|█████▍    | 54/100 [06:18<04:20,  5.66s/it] 55%|█████▌    | 55/100 [06:23<04:07,  5.49s/it] 56%|█████▌    | 56/100 [06:24<03:00,  4.10s/it] 57%|█████▋    | 57/100 [06:31<03:34,  4.98s/it] 58%|█████▊    | 58/100 [06:39<04:13,  6.04s/it] 59%|█████▉    | 59/100 [06:51<05:13,  7.64s/it] 60%|██████    | 60/100 [06:53<04:01,  6.05s/it] 61%|██████    | 61/100 [06:57<03:30,  5.40s/it] 62%|██████▏   | 62/100 [07:01<03:08,  4.96s/it] 63%|██████▎   | 63/100 [07:06<03:01,  4.90s/it] 64%|██████▍   | 64/100 [07:11<02:57,  4.93s/it] 65%|██████▌   | 65/100 [07:18<03:21,  5.76s/it] 66%|██████▌   | 66/100 [07:36<05:18,  9.36s/it] 67%|██████▋   | 67/100 [07:42<04:36,  8.39s/it] 68%|██████▊   | 68/100 [07:44<03:28,  6.50s/it] 69%|██████▉   | 69/100 [07:49<03:04,  5.97s/it] 70%|███████   | 70/100 [08:12<05:33, 11.12s/it] 71%|███████   | 71/100 [08:17<04:29,  9.30s/it] 72%|███████▏  | 72/100 [08:22<03:45,  8.06s/it] 73%|███████▎  | 73/100 [08:26<02:58,  6.62s/it] 74%|███████▍  | 74/100 [08:35<03:10,  7.32s/it] 75%|███████▌  | 75/100 [08:49<03:57,  9.49s/it] 76%|███████▌  | 76/100 [08:54<03:12,  8.00s/it] 77%|███████▋  | 77/100 [09:09<03:55, 10.24s/it] 78%|███████▊  | 78/100 [09:20<03:46, 10.27s/it] 79%|███████▉  | 79/100 [09:28<03:26,  9.84s/it] 80%|████████  | 80/100 [09:45<03:54, 11.73s/it] 81%|████████  | 81/100 [09:51<03:11, 10.06s/it] 82%|████████▏ | 82/100 [09:53<02:21,  7.84s/it] 83%|████████▎ | 83/100 [09:57<01:51,  6.55s/it] 84%|████████▍ | 84/100 [10:02<01:35,  5.97s/it] 85%|████████▌ | 85/100 [10:05<01:19,  5.32s/it] 86%|████████▌ | 86/100 [10:13<01:24,  6.01s/it] 87%|████████▋ | 87/100 [10:18<01:13,  5.66s/it] 88%|████████▊ | 88/100 [10:26<01:15,  6.32s/it] 89%|████████▉ | 89/100 [10:36<01:21,  7.45s/it] 90%|█████████ | 90/100 [10:44<01:17,  7.71s/it] 91%|█████████ | 91/100 [10:52<01:09,  7.71s/it] 92%|█████████▏| 92/100 [10:57<00:55,  6.91s/it] 93%|█████████▎| 93/100 [11:12<01:05,  9.32s/it] 94%|█████████▍| 94/100 [11:21<00:55,  9.19s/it] 95%|█████████▌| 95/100 [11:25<00:38,  7.74s/it] 96%|█████████▌| 96/100 [11:32<00:30,  7.64s/it] 97%|█████████▋| 97/100 [11:36<00:19,  6.58s/it] 98%|█████████▊| 98/100 [11:40<00:11,  5.78s/it] 99%|█████████▉| 99/100 [11:44<00:04,  4.99s/it]100%|██████████| 100/100 [11:47<00:00,  4.58s/it]100%|██████████| 100/100 [11:47<00:00,  7.08s/it]
  0%|          | 0/12 [00:00<?, ?it/s]  8%|▊         | 1/12 [00:03<00:37,  3.44s/it] 17%|█▋        | 2/12 [00:06<00:33,  3.39s/it] 25%|██▌       | 3/12 [00:09<00:28,  3.15s/it] 33%|███▎      | 4/12 [00:12<00:25,  3.16s/it] 42%|████▏     | 5/12 [00:16<00:23,  3.37s/it] 50%|█████     | 6/12 [00:19<00:19,  3.19s/it] 58%|█████▊    | 7/12 [00:25<00:20,  4.14s/it] 67%|██████▋   | 8/12 [00:29<00:16,  4.19s/it] 75%|███████▌  | 9/12 [00:36<00:14,  4.91s/it] 83%|████████▎ | 10/12 [00:39<00:08,  4.29s/it] 92%|█████████▏| 11/12 [00:46<00:05,  5.28s/it]100%|██████████| 12/12 [00:52<00:00,  5.26s/it]100%|██████████| 12/12 [00:52<00:00,  4.33s/it]
  0%|          | 0/100 [00:00<?, ?it/s]  1%|          | 1/100 [00:05<09:42,  5.88s/it]  2%|▏         | 2/100 [00:13<10:14,  6.27s/it]  3%|▎         | 3/100 [00:21<11:00,  6.81s/it]  4%|▍         | 4/100 [00:24<09:21,  5.84s/it]  5%|▌         | 5/100 [00:28<08:07,  5.13s/it]  6%|▌         | 6/100 [00:31<07:19,  4.68s/it]  7%|▋         | 7/100 [00:45<11:27,  7.39s/it]  8%|▊         | 8/100 [00:50<10:02,  6.55s/it]  9%|▉         | 9/100 [00:57<10:19,  6.81s/it] 10%|█         | 10/100 [01:04<10:24,  6.94s/it] 11%|█         | 11/100 [01:06<08:07,  5.48s/it] 12%|█▏        | 12/100 [01:16<10:01,  6.84s/it] 13%|█▎        | 13/100 [01:22<09:35,  6.61s/it] 14%|█▍        | 14/100 [01:31<10:09,  7.09s/it] 15%|█▌        | 15/100 [01:37<09:55,  7.01s/it] 16%|█▌        | 16/100 [01:43<09:14,  6.60s/it] 17%|█▋        | 17/100 [01:54<10:59,  7.95s/it] 18%|█▊        | 18/100 [01:59<09:28,  6.93s/it] 19%|█▉        | 19/100 [02:03<08:14,  6.10s/it] 20%|██        | 20/100 [02:07<07:24,  5.56s/it] 21%|██        | 21/100 [02:10<06:04,  4.62s/it] 22%|██▏       | 22/100 [02:13<05:39,  4.36s/it] 23%|██▎       | 23/100 [02:25<08:19,  6.48s/it] 24%|██▍       | 24/100 [02:33<08:47,  6.94s/it] 25%|██▌       | 25/100 [02:37<07:34,  6.06s/it] 26%|██▌       | 26/100 [02:40<06:28,  5.25s/it] 27%|██▋       | 27/100 [02:46<06:40,  5.49s/it] 28%|██▊       | 28/100 [02:57<08:27,  7.06s/it] 29%|██▉       | 29/100 [03:04<08:17,  7.01s/it] 30%|███       | 30/100 [03:09<07:34,  6.49s/it] 31%|███       | 31/100 [03:14<06:44,  5.86s/it] 32%|███▏      | 32/100 [03:18<06:10,  5.45s/it] 33%|███▎      | 33/100 [03:47<13:55, 12.47s/it] 34%|███▍      | 34/100 [03:57<13:06, 11.91s/it] 35%|███▌      | 35/100 [04:01<10:09,  9.37s/it] 36%|███▌      | 36/100 [04:10<09:57,  9.34s/it] 37%|███▋      | 37/100 [04:33<14:03, 13.39s/it] 38%|███▊      | 38/100 [04:35<10:24, 10.08s/it] 39%|███▉      | 39/100 [04:40<08:30,  8.37s/it] 40%|████      | 40/100 [04:45<07:29,  7.48s/it] 41%|████      | 41/100 [04:53<07:31,  7.65s/it] 42%|████▏     | 42/100 [04:58<06:34,  6.80s/it] 43%|████▎     | 43/100 [05:03<05:57,  6.28s/it] 44%|████▍     | 44/100 [05:09<05:53,  6.31s/it] 45%|████▌     | 45/100 [05:15<05:32,  6.04s/it] 46%|████▌     | 46/100 [05:29<07:31,  8.36s/it] 47%|████▋     | 47/100 [05:42<08:35,  9.73s/it] 48%|████▊     | 48/100 [05:47<07:12,  8.32s/it] 49%|████▉     | 49/100 [05:50<05:44,  6.76s/it] 50%|█████     | 50/100 [05:54<05:02,  6.05s/it] 51%|█████     | 51/100 [06:02<05:28,  6.71s/it] 52%|█████▏    | 52/100 [06:06<04:30,  5.64s/it] 53%|█████▎    | 53/100 [06:12<04:34,  5.84s/it] 54%|█████▍    | 54/100 [06:17<04:19,  5.65s/it] 55%|█████▌    | 55/100 [06:22<04:06,  5.48s/it] 56%|█████▌    | 56/100 [06:23<02:59,  4.08s/it] 57%|█████▋    | 57/100 [06:30<03:34,  5.00s/it] 58%|█████▊    | 58/100 [06:39<04:14,  6.06s/it] 59%|█████▉    | 59/100 [06:50<05:13,  7.64s/it] 60%|██████    | 60/100 [06:52<04:02,  6.05s/it] 61%|██████    | 61/100 [06:56<03:29,  5.37s/it] 62%|██████▏   | 62/100 [07:00<03:06,  4.91s/it] 63%|██████▎   | 63/100 [07:05<02:59,  4.85s/it] 64%|██████▍   | 64/100 [07:10<02:56,  4.90s/it] 65%|██████▌   | 65/100 [07:17<03:20,  5.72s/it] 66%|██████▌   | 66/100 [07:35<05:16,  9.31s/it] 67%|██████▋   | 67/100 [07:41<04:36,  8.38s/it] 68%|██████▊   | 68/100 [07:43<03:26,  6.46s/it] 69%|██████▉   | 69/100 [07:48<03:03,  5.91s/it] 70%|███████   | 70/100 [08:11<05:31, 11.06s/it] 71%|███████   | 71/100 [08:16<04:27,  9.24s/it] 72%|███████▏  | 72/100 [08:21<03:43,  7.99s/it] 73%|███████▎  | 73/100 [08:24<02:57,  6.58s/it] 74%|███████▍  | 74/100 [08:33<03:08,  7.24s/it] 75%|███████▌  | 75/100 [08:47<03:54,  9.39s/it] 76%|███████▌  | 76/100 [08:52<03:10,  7.93s/it] 77%|███████▋  | 77/100 [09:07<03:52, 10.12s/it] 78%|███████▊  | 78/100 [09:17<03:43, 10.15s/it] 79%|███████▉  | 79/100 [09:26<03:25,  9.77s/it] 80%|████████  | 80/100 [09:42<03:52, 11.64s/it] 81%|████████  | 81/100 [09:48<03:10, 10.01s/it] 82%|████████▏ | 82/100 [09:51<02:20,  7.80s/it] 83%|████████▎ | 83/100 [09:55<01:50,  6.52s/it] 84%|████████▍ | 84/100 [09:59<01:35,  5.96s/it] 85%|████████▌ | 85/100 [10:03<01:19,  5.30s/it] 86%|████████▌ | 86/100 [10:11<01:23,  5.99s/it] 87%|████████▋ | 87/100 [10:15<01:13,  5.64s/it] 88%|████████▊ | 88/100 [10:23<01:15,  6.29s/it] 89%|████████▉ | 89/100 [10:33<01:21,  7.40s/it] 90%|█████████ | 90/100 [10:41<01:16,  7.65s/it] 91%|█████████ | 91/100 [10:49<01:08,  7.65s/it] 92%|█████████▏| 92/100 [10:54<00:54,  6.85s/it] 93%|█████████▎| 93/100 [11:09<01:04,  9.21s/it] 94%|█████████▍| 94/100 [11:18<00:54,  9.11s/it] 95%|█████████▌| 95/100 [11:22<00:38,  7.67s/it] 96%|█████████▌| 96/100 [11:30<00:30,  7.62s/it] 97%|█████████▋| 97/100 [11:34<00:19,  6.57s/it] 98%|█████████▊| 98/100 [11:38<00:11,  5.78s/it] 99%|█████████▉| 99/100 [11:41<00:04,  4.98s/it]100%|██████████| 100/100 [11:44<00:00,  4.58s/it]100%|██████████| 100/100 [11:44<00:00,  7.05s/it]
  0%|          | 0/12 [00:00<?, ?it/s]  8%|▊         | 1/12 [00:03<00:37,  3.45s/it] 17%|█▋        | 2/12 [00:06<00:34,  3.40s/it] 25%|██▌       | 3/12 [00:09<00:28,  3.15s/it] 33%|███▎      | 4/12 [00:12<00:25,  3.16s/it] 42%|████▏     | 5/12 [00:16<00:23,  3.36s/it] 50%|█████     | 6/12 [00:19<00:19,  3.18s/it] 58%|█████▊    | 7/12 [00:25<00:20,  4.11s/it] 67%|██████▋   | 8/12 [00:29<00:16,  4.17s/it] 75%|███████▌  | 9/12 [00:36<00:14,  4.92s/it] 83%|████████▎ | 10/12 [00:39<00:08,  4.31s/it] 92%|█████████▏| 11/12 [00:46<00:05,  5.33s/it]100%|██████████| 12/12 [00:52<00:00,  5.32s/it]100%|██████████| 12/12 [00:52<00:00,  4.35s/it]
  0%|          | 0/100 [00:00<?, ?it/s]  1%|          | 1/100 [00:05<09:49,  5.95s/it]  2%|▏         | 2/100 [00:13<10:21,  6.34s/it]  3%|▎         | 3/100 [00:21<11:03,  6.84s/it]  4%|▍         | 4/100 [00:24<09:28,  5.92s/it]  5%|▌         | 5/100 [00:28<08:14,  5.21s/it]  6%|▌         | 6/100 [00:32<07:27,  4.76s/it]  7%|▋         | 7/100 [00:45<11:30,  7.42s/it]  8%|▊         | 8/100 [00:50<10:02,  6.55s/it]  9%|▉         | 9/100 [00:57<10:15,  6.77s/it] 10%|█         | 10/100 [01:04<10:13,  6.82s/it] 11%|█         | 11/100 [01:06<08:05,  5.46s/it] 12%|█▏        | 12/100 [01:16<10:02,  6.85s/it] 13%|█▎        | 13/100 [01:22<09:33,  6.60s/it] 14%|█▍        | 14/100 [01:31<10:11,  7.11s/it] 15%|█▌        | 15/100 [01:38<09:54,  7.00s/it] 16%|█▌        | 16/100 [01:43<09:11,  6.57s/it] 17%|█▋        | 17/100 [01:54<10:55,  7.90s/it] 18%|█▊        | 18/100 [01:59<09:27,  6.92s/it] 19%|█▉        | 19/100 [02:03<08:11,  6.06s/it] 20%|██        | 20/100 [02:07<07:20,  5.51s/it] 21%|██        | 21/100 [02:09<06:02,  4.58s/it] 22%|██▏       | 22/100 [02:13<05:38,  4.34s/it] 23%|██▎       | 23/100 [02:25<08:17,  6.46s/it] 24%|██▍       | 24/100 [02:33<08:45,  6.91s/it] 25%|██▌       | 25/100 [02:37<07:33,  6.05s/it] 26%|██▌       | 26/100 [02:40<06:28,  5.25s/it] 27%|██▋       | 27/100 [02:46<06:38,  5.46s/it] 28%|██▊       | 28/100 [02:57<08:24,  7.00s/it] 29%|██▉       | 29/100 [03:03<08:15,  6.98s/it] 30%|███       | 30/100 [03:09<07:32,  6.47s/it] 31%|███       | 31/100 [03:13<06:42,  5.83s/it] 32%|███▏      | 32/100 [03:18<06:08,  5.42s/it] 33%|███▎      | 33/100 [03:46<13:54, 12.46s/it] 34%|███▍      | 34/100 [03:57<13:08, 11.95s/it] 35%|███▌      | 35/100 [04:01<10:10,  9.40s/it] 36%|███▌      | 36/100 [04:10<09:56,  9.31s/it] 37%|███▋      | 37/100 [04:32<13:58, 13.30s/it] 38%|███▊      | 38/100 [04:35<10:21, 10.02s/it] 39%|███▉      | 39/100 [04:39<08:28,  8.34s/it] 40%|████      | 40/100 [04:45<07:27,  7.46s/it] 41%|████      | 41/100 [04:52<07:26,  7.57s/it] 42%|████▏     | 42/100 [04:57<06:32,  6.77s/it] 43%|████▎     | 43/100 [05:02<05:57,  6.27s/it] 44%|████▍     | 44/100 [05:09<05:55,  6.36s/it] 45%|████▌     | 45/100 [05:15<05:37,  6.13s/it] 46%|████▌     | 46/100 [05:28<07:36,  8.46s/it] 47%|████▋     | 47/100 [05:41<08:37,  9.76s/it] 48%|████▊     | 48/100 [05:46<07:14,  8.36s/it] 49%|████▉     | 49/100 [05:49<05:44,  6.75s/it] 50%|█████     | 50/100 [05:54<05:01,  6.03s/it] 51%|█████     | 51/100 [06:02<05:28,  6.70s/it] 52%|█████▏    | 52/100 [06:05<04:29,  5.61s/it] 53%|█████▎    | 53/100 [06:11<04:35,  5.85s/it] 54%|█████▍    | 54/100 [06:17<04:19,  5.64s/it] 55%|█████▌    | 55/100 [06:22<04:06,  5.48s/it] 56%|█████▌    | 56/100 [06:23<02:59,  4.08s/it] 57%|█████▋    | 57/100 [06:29<03:32,  4.95s/it] 58%|█████▊    | 58/100 [06:38<04:12,  6.01s/it] 59%|█████▉    | 59/100 [06:49<05:12,  7.61s/it] 60%|██████    | 60/100 [06:52<04:01,  6.03s/it] 61%|██████    | 61/100 [06:55<03:29,  5.37s/it] 62%|██████▏   | 62/100 [06:59<03:06,  4.90s/it] 63%|██████▎   | 63/100 [07:04<02:58,  4.84s/it] 64%|██████▍   | 64/100 [07:09<02:56,  4.90s/it] 65%|██████▌   | 65/100 [07:16<03:17,  5.65s/it] 66%|██████▌   | 66/100 [07:34<05:11,  9.17s/it] 67%|██████▋   | 67/100 [07:40<04:32,  8.25s/it] 68%|██████▊   | 68/100 [07:42<03:24,  6.38s/it] 69%|██████▉   | 69/100 [07:47<03:01,  5.87s/it] 70%|███████   | 70/100 [08:10<05:32, 11.09s/it] 71%|███████   | 71/100 [08:15<04:28,  9.27s/it] 72%|███████▏  | 72/100 [08:20<03:43,  7.99s/it] 73%|███████▎  | 73/100 [08:23<02:58,  6.61s/it] 74%|███████▍  | 74/100 [08:32<03:10,  7.32s/it] 75%|███████▌  | 75/100 [08:47<03:56,  9.46s/it] 76%|███████▌  | 76/100 [08:51<03:12,  8.01s/it] 77%|███████▋  | 77/100 [09:06<03:53, 10.15s/it] 78%|███████▊  | 78/100 [09:16<03:41, 10.09s/it] 79%|███████▉  | 79/100 [09:25<03:23,  9.67s/it] 80%|████████  | 80/100 [09:41<03:52, 11.60s/it] 81%|████████  | 81/100 [09:47<03:08,  9.93s/it] 82%|████████▏ | 82/100 [09:50<02:19,  7.73s/it] 83%|████████▎ | 83/100 [09:53<01:50,  6.50s/it] 84%|████████▍ | 84/100 [09:58<01:35,  5.94s/it] 85%|████████▌ | 85/100 [10:02<01:19,  5.30s/it] 86%|████████▌ | 86/100 [10:10<01:23,  6.00s/it] 87%|████████▋ | 87/100 [10:14<01:13,  5.64s/it] 88%|████████▊ | 88/100 [10:22<01:15,  6.31s/it] 89%|████████▉ | 89/100 [10:32<01:21,  7.41s/it] 90%|█████████ | 90/100 [10:41<01:16,  7.69s/it] 91%|█████████ | 91/100 [10:48<01:09,  7.70s/it] 92%|█████████▏| 92/100 [10:53<00:55,  6.91s/it] 93%|█████████▎| 93/100 [11:08<01:05,  9.35s/it] 94%|█████████▍| 94/100 [11:17<00:55,  9.22s/it] 95%|█████████▌| 95/100 [11:22<00:38,  7.75s/it] 96%|█████████▌| 96/100 [11:29<00:30,  7.64s/it] 97%|█████████▋| 97/100 [11:33<00:19,  6.59s/it] 98%|█████████▊| 98/100 [11:37<00:11,  5.76s/it] 99%|█████████▉| 99/100 [11:40<00:04,  4.98s/it]100%|██████████| 100/100 [11:44<00:00,  4.55s/it]100%|██████████| 100/100 [11:44<00:00,  7.04s/it]
  0%|          | 0/12 [00:00<?, ?it/s]  8%|▊         | 1/12 [00:03<00:38,  3.50s/it] 17%|█▋        | 2/12 [00:06<00:34,  3.46s/it] 25%|██▌       | 3/12 [00:09<00:28,  3.21s/it] 33%|███▎      | 4/12 [00:12<00:25,  3.24s/it] 42%|████▏     | 5/12 [00:16<00:24,  3.44s/it] 50%|█████     | 6/12 [00:19<00:19,  3.26s/it] 58%|█████▊    | 7/12 [00:25<00:20,  4.17s/it] 67%|██████▋   | 8/12 [00:30<00:16,  4.24s/it] 75%|███████▌  | 9/12 [00:36<00:14,  4.99s/it] 83%|████████▎ | 10/12 [00:39<00:08,  4.37s/it] 92%|█████████▏| 11/12 [00:47<00:05,  5.40s/it]100%|██████████| 12/12 [00:52<00:00,  5.36s/it]100%|██████████| 12/12 [00:52<00:00,  4.42s/it]
  0%|          | 0/100 [00:00<?, ?it/s]  1%|          | 1/100 [00:05<09:35,  5.81s/it]  2%|▏         | 2/100 [00:13<10:10,  6.23s/it]  3%|▎         | 3/100 [00:20<10:54,  6.75s/it]  4%|▍         | 4/100 [00:24<09:21,  5.85s/it]  5%|▌         | 5/100 [00:28<08:09,  5.15s/it]  6%|▌         | 6/100 [00:31<07:19,  4.67s/it]  7%|▋         | 7/100 [00:45<11:35,  7.48s/it]  8%|▊         | 8/100 [00:50<10:08,  6.61s/it]  9%|▉         | 9/100 [00:57<10:25,  6.87s/it] 10%|█         | 10/100 [01:04<10:19,  6.88s/it] 11%|█         | 11/100 [01:07<08:09,  5.49s/it] 12%|█▏        | 12/100 [01:17<10:05,  6.88s/it] 13%|█▎        | 13/100 [01:23<09:35,  6.61s/it] 14%|█▍        | 14/100 [01:31<10:05,  7.05s/it] 15%|█▌        | 15/100 [01:37<09:49,  6.94s/it] 16%|█▌        | 16/100 [01:43<09:07,  6.52s/it] 17%|█▋        | 17/100 [01:54<11:02,  7.99s/it] 18%|█▊        | 18/100 [01:59<09:31,  6.97s/it] 19%|█▉        | 19/100 [02:03<08:17,  6.14s/it] 20%|██        | 20/100 [02:07<07:23,  5.55s/it] 21%|██        | 21/100 [02:10<06:04,  4.61s/it] 22%|██▏       | 22/100 [02:13<05:39,  4.36s/it] 23%|██▎       | 23/100 [02:25<08:18,  6.48s/it] 24%|██▍       | 24/100 [02:33<08:47,  6.95s/it] 25%|██▌       | 25/100 [02:37<07:36,  6.08s/it] 26%|██▌       | 26/100 [02:40<06:30,  5.28s/it] 27%|██▋       | 27/100 [02:47<06:45,  5.56s/it] 28%|██▊       | 28/100 [02:57<08:33,  7.13s/it] 29%|██▉       | 29/100 [03:04<08:23,  7.09s/it] 30%|███       | 30/100 [03:10<07:38,  6.55s/it] 31%|███       | 31/100 [03:14<06:50,  5.94s/it] 32%|███▏      | 32/100 [03:19<06:14,  5.51s/it] 33%|███▎      | 33/100 [03:48<13:58, 12.52s/it] 34%|███▍      | 34/100 [03:58<13:09, 11.96s/it] 35%|███▌      | 35/100 [04:02<10:12,  9.43s/it] 36%|███▌      | 36/100 [04:11<09:52,  9.26s/it] 37%|███▋      | 37/100 [04:33<13:56, 13.28s/it] 38%|███▊      | 38/100 [04:36<10:18,  9.97s/it] 39%|███▉      | 39/100 [04:40<08:27,  8.31s/it] 40%|████      | 40/100 [04:45<07:25,  7.43s/it] 41%|████      | 41/100 [04:53<07:23,  7.51s/it] 42%|████▏     | 42/100 [04:58<06:31,  6.75s/it] 43%|████▎     | 43/100 [05:03<05:51,  6.16s/it] 44%|████▍     | 44/100 [05:09<05:49,  6.24s/it] 45%|████▌     | 45/100 [05:15<05:34,  6.09s/it] 46%|████▌     | 46/100 [05:29<07:35,  8.43s/it] 47%|████▋     | 47/100 [05:42<08:36,  9.75s/it] 48%|████▊     | 48/100 [05:47<07:12,  8.32s/it] 49%|████▉     | 49/100 [05:50<05:44,  6.75s/it] 50%|█████     | 50/100 [05:54<05:00,  6.02s/it] 51%|█████     | 51/100 [06:02<05:27,  6.69s/it] 52%|█████▏    | 52/100 [06:05<04:29,  5.62s/it] 53%|█████▎    | 53/100 [06:12<04:31,  5.77s/it] 54%|█████▍    | 54/100 [06:16<04:12,  5.48s/it] 55%|█████▌    | 55/100 [06:22<04:02,  5.39s/it] 56%|█████▌    | 56/100 [06:22<02:57,  4.02s/it] 57%|█████▋    | 57/100 [06:30<03:33,  4.97s/it] 58%|█████▊    | 58/100 [06:38<04:11,  5.99s/it] 59%|█████▉    | 59/100 [06:49<05:12,  7.62s/it] 60%|██████    | 60/100 [06:52<04:01,  6.03s/it] 61%|██████    | 61/100 [06:56<03:30,  5.39s/it] 62%|██████▏   | 62/100 [06:59<03:07,  4.93s/it] 63%|██████▎   | 63/100 [07:04<03:00,  4.87s/it] 64%|██████▍   | 64/100 [07:09<02:55,  4.87s/it] 65%|██████▌   | 65/100 [07:17<03:18,  5.67s/it] 66%|██████▌   | 66/100 [07:34<05:12,  9.19s/it] 67%|██████▋   | 67/100 [07:40<04:32,  8.26s/it] 68%|██████▊   | 68/100 [07:42<03:24,  6.40s/it] 69%|██████▉   | 69/100 [07:47<03:01,  5.87s/it] 70%|███████   | 70/100 [08:10<05:31, 11.06s/it] 71%|███████   | 71/100 [08:15<04:29,  9.30s/it] 72%|███████▏  | 72/100 [08:20<03:43,  7.98s/it] 73%|███████▎  | 73/100 [08:23<02:57,  6.58s/it] 74%|███████▍  | 74/100 [08:32<03:07,  7.22s/it] 75%|███████▌  | 75/100 [08:47<03:55,  9.42s/it] 76%|███████▌  | 76/100 [08:51<03:11,  7.99s/it] 77%|███████▋  | 77/100 [09:06<03:53, 10.14s/it] 78%|███████▊  | 78/100 [09:17<03:43, 10.16s/it] 79%|███████▉  | 79/100 [09:25<03:23,  9.71s/it] 80%|████████  | 80/100 [09:41<03:51, 11.58s/it] 81%|████████  | 81/100 [09:47<03:08,  9.94s/it] 82%|████████▏ | 82/100 [09:50<02:18,  7.72s/it] 83%|████████▎ | 83/100 [09:53<01:49,  6.46s/it] 84%|████████▍ | 84/100 [09:58<01:34,  5.92s/it] 85%|████████▌ | 85/100 [10:02<01:18,  5.21s/it] 86%|████████▌ | 86/100 [10:09<01:22,  5.93s/it] 87%|████████▋ | 87/100 [10:14<01:12,  5.59s/it] 88%|████████▊ | 88/100 [10:22<01:14,  6.23s/it] 89%|████████▉ | 89/100 [10:32<01:20,  7.36s/it] 90%|█████████ | 90/100 [10:40<01:16,  7.64s/it] 91%|█████████ | 91/100 [10:48<01:09,  7.69s/it] 92%|█████████▏| 92/100 [10:53<00:55,  6.90s/it] 93%|█████████▎| 93/100 [11:08<01:04,  9.25s/it] 94%|█████████▍| 94/100 [11:16<00:54,  9.12s/it] 95%|█████████▌| 95/100 [11:21<00:38,  7.68s/it] 96%|█████████▌| 96/100 [11:28<00:30,  7.61s/it] 97%|█████████▋| 97/100 [11:32<00:19,  6.57s/it] 98%|█████████▊| 98/100 [11:36<00:11,  5.76s/it] 99%|█████████▉| 99/100 [11:39<00:04,  4.94s/it]100%|██████████| 100/100 [11:43<00:00,  4.55s/it]100%|██████████| 100/100 [11:43<00:00,  7.03s/it]
  0%|          | 0/12 [00:00<?, ?it/s]  8%|▊         | 1/12 [00:03<00:38,  3.46s/it] 17%|█▋        | 2/12 [00:06<00:34,  3.41s/it] 25%|██▌       | 3/12 [00:09<00:28,  3.16s/it] 33%|███▎      | 4/12 [00:12<00:25,  3.18s/it] 42%|████▏     | 5/12 [00:16<00:23,  3.37s/it] 50%|█████     | 6/12 [00:19<00:19,  3.19s/it] 58%|█████▊    | 7/12 [00:25<00:20,  4.10s/it] 67%|██████▋   | 8/12 [00:29<00:16,  4.16s/it] 75%|███████▌  | 9/12 [00:36<00:14,  4.89s/it] 83%|████████▎ | 10/12 [00:39<00:08,  4.28s/it] 92%|█████████▏| 11/12 [00:46<00:05,  5.28s/it]100%|██████████| 12/12 [00:51<00:00,  5.25s/it]100%|██████████| 12/12 [00:51<00:00,  4.33s/it]
  0%|          | 0/100 [00:00<?, ?it/s]  1%|          | 1/100 [00:05<09:38,  5.84s/it]  2%|▏         | 2/100 [00:13<10:15,  6.28s/it]  3%|▎         | 3/100 [00:21<11:02,  6.83s/it]  4%|▍         | 4/100 [00:24<09:26,  5.90s/it]  5%|▌         | 5/100 [00:28<08:11,  5.18s/it]  6%|▌         | 6/100 [00:32<07:24,  4.73s/it]  7%|▋         | 7/100 [00:45<11:25,  7.37s/it]  8%|▊         | 8/100 [00:50<09:59,  6.51s/it]  9%|▉         | 9/100 [00:57<10:13,  6.74s/it] 10%|█         | 10/100 [01:04<10:16,  6.85s/it] 11%|█         | 11/100 [01:06<08:03,  5.43s/it] 12%|█▏        | 12/100 [01:16<09:59,  6.81s/it] 13%|█▎        | 13/100 [01:22<09:33,  6.59s/it] 14%|█▍        | 14/100 [01:31<10:08,  7.07s/it] 15%|█▌        | 15/100 [01:37<09:51,  6.96s/it] 16%|█▌        | 16/100 [01:43<09:07,  6.52s/it] 17%|█▋        | 17/100 [01:54<11:00,  7.95s/it] 18%|█▊        | 18/100 [01:59<09:30,  6.95s/it] 19%|█▉        | 19/100 [02:03<08:13,  6.09s/it] 20%|██        | 20/100 [02:07<07:24,  5.55s/it] 21%|██        | 21/100 [02:09<06:04,  4.61s/it] 22%|██▏       | 22/100 [02:13<05:38,  4.33s/it] 23%|██▎       | 23/100 [02:24<08:14,  6.42s/it] 24%|██▍       | 24/100 [02:32<08:44,  6.91s/it] 25%|██▌       | 25/100 [02:37<07:35,  6.07s/it] 26%|██▌       | 26/100 [02:40<06:30,  5.28s/it] 27%|██▋       | 27/100 [02:46<06:42,  5.52s/it] 28%|██▊       | 28/100 [02:57<08:26,  7.04s/it] 29%|██▉       | 29/100 [03:04<08:16,  6.99s/it] 30%|███       | 30/100 [03:09<07:32,  6.47s/it] 31%|███       | 31/100 [03:13<06:44,  5.87s/it] 32%|███▏      | 32/100 [03:18<06:10,  5.45s/it] 33%|███▎      | 33/100 [03:46<13:52, 12.42s/it] 34%|███▍      | 34/100 [03:57<13:04, 11.88s/it] 35%|███▌      | 35/100 [04:00<10:07,  9.34s/it] 36%|███▌      | 36/100 [04:09<09:48,  9.20s/it] 37%|███▋      | 37/100 [04:32<13:52, 13.21s/it] 38%|███▊      | 38/100 [04:34<10:15,  9.92s/it] 39%|███▉      | 39/100 [04:39<08:24,  8.27s/it] 40%|████      | 40/100 [04:44<07:25,  7.42s/it] 41%|████      | 41/100 [04:52<07:23,  7.51s/it] 42%|████▏     | 42/100 [04:57<06:30,  6.74s/it] 43%|████▎     | 43/100 [05:02<05:53,  6.20s/it] 44%|████▍     | 44/100 [05:08<05:54,  6.33s/it] 45%|████▌     | 45/100 [05:14<05:34,  6.09s/it] 46%|████▌     | 46/100 [05:27<07:32,  8.38s/it] 47%|████▋     | 47/100 [05:40<08:36,  9.74s/it] 48%|████▊     | 48/100 [05:46<07:15,  8.37s/it] 49%|████▉     | 49/100 [05:49<05:45,  6.77s/it] 50%|█████     | 50/100 [05:53<05:02,  6.06s/it] 51%|█████     | 51/100 [06:01<05:29,  6.73s/it] 52%|█████▏    | 52/100 [06:04<04:31,  5.65s/it] 53%|█████▎    | 53/100 [06:11<04:34,  5.84s/it] 54%|█████▍    | 54/100 [06:16<04:15,  5.56s/it] 55%|█████▌    | 55/100 [06:21<04:05,  5.45s/it] 56%|█████▌    | 56/100 [06:22<02:58,  4.06s/it] 57%|█████▋    | 57/100 [06:29<03:33,  4.96s/it] 58%|█████▊    | 58/100 [06:37<04:16,  6.10s/it] 59%|█████▉    | 59/100 [06:49<05:16,  7.71s/it] 60%|██████    | 60/100 [06:51<04:03,  6.10s/it] 61%|██████    | 61/100 [06:55<03:31,  5.42s/it] 62%|██████▏   | 62/100 [06:59<03:07,  4.94s/it] 63%|██████▎   | 63/100 [07:04<03:00,  4.88s/it] 64%|██████▍   | 64/100 [07:09<02:56,  4.89s/it] 65%|██████▌   | 65/100 [07:16<03:19,  5.70s/it] 66%|██████▌   | 66/100 [07:34<05:13,  9.21s/it] 67%|██████▋   | 67/100 [07:40<04:33,  8.29s/it] 68%|██████▊   | 68/100 [07:42<03:25,  6.41s/it] 69%|██████▉   | 69/100 [07:47<03:03,  5.93s/it] 70%|███████   | 70/100 [08:10<05:33, 11.11s/it] 71%|███████   | 71/100 [08:15<04:31,  9.35s/it] 72%|███████▏  | 72/100 [08:20<03:45,  8.05s/it] 73%|███████▎  | 73/100 [08:23<02:59,  6.64s/it] 74%|███████▍  | 74/100 [08:32<03:09,  7.29s/it] 75%|███████▌  | 75/100 [08:47<03:56,  9.46s/it] 76%|███████▌  | 76/100 [08:51<03:11,  7.97s/it] 77%|███████▋  | 77/100 [09:06<03:52, 10.11s/it] 78%|███████▊  | 78/100 [09:16<03:41, 10.07s/it] 79%|███████▉  | 79/100 [09:25<03:23,  9.71s/it] 80%|████████  | 80/100 [09:41<03:53, 11.68s/it] 81%|████████  | 81/100 [09:47<03:09, 10.00s/it] 82%|████████▏ | 82/100 [09:50<02:19,  7.74s/it] 83%|████████▎ | 83/100 [09:53<01:50,  6.48s/it] 84%|████████▍ | 84/100 [09:58<01:34,  5.90s/it] 85%|████████▌ | 85/100 [10:02<01:18,  5.23s/it] 86%|████████▌ | 86/100 [10:09<01:23,  5.95s/it] 87%|████████▋ | 87/100 [10:14<01:12,  5.61s/it] 88%|████████▊ | 88/100 [10:22<01:14,  6.25s/it] 89%|████████▉ | 89/100 [10:32<01:21,  7.40s/it] 90%|█████████ | 90/100 [10:40<01:16,  7.68s/it] 91%|█████████ | 91/100 [10:48<01:08,  7.64s/it] 92%|█████████▏| 92/100 [10:53<00:54,  6.83s/it] 93%|█████████▎| 93/100 [11:08<01:04,  9.27s/it] 94%|█████████▍| 94/100 [11:17<00:54,  9.15s/it] 95%|█████████▌| 95/100 [11:21<00:38,  7.71s/it] 96%|█████████▌| 96/100 [11:28<00:30,  7.62s/it] 97%|█████████▋| 97/100 [11:33<00:19,  6.58s/it] 98%|█████████▊| 98/100 [11:36<00:11,  5.78s/it] 99%|█████████▉| 99/100 [11:40<00:04,  4.98s/it]100%|██████████| 100/100 [11:43<00:00,  4.58s/it]100%|██████████| 100/100 [11:43<00:00,  7.04s/it]
  0%|          | 0/12 [00:00<?, ?it/s]  8%|▊         | 1/12 [00:03<00:38,  3.49s/it] 17%|█▋        | 2/12 [00:06<00:34,  3.45s/it] 25%|██▌       | 3/12 [00:09<00:28,  3.19s/it] 33%|███▎      | 4/12 [00:12<00:25,  3.21s/it] 42%|████▏     | 5/12 [00:16<00:23,  3.41s/it] 50%|█████     | 6/12 [00:19<00:19,  3.23s/it] 58%|█████▊    | 7/12 [00:25<00:20,  4.17s/it] 67%|██████▋   | 8/12 [00:30<00:16,  4.23s/it] 75%|███████▌  | 9/12 [00:36<00:14,  4.97s/it] 83%|████████▎ | 10/12 [00:39<00:08,  4.34s/it] 92%|█████████▏| 11/12 [00:47<00:05,  5.38s/it]100%|██████████| 12/12 [00:52<00:00,  5.35s/it]100%|██████████| 12/12 [00:52<00:00,  4.40s/it]
  0%|          | 0/100 [00:00<?, ?it/s]  1%|          | 1/100 [00:05<09:39,  5.86s/it]  2%|▏         | 2/100 [00:12<10:11,  6.24s/it]  3%|▎         | 3/100 [00:20<10:53,  6.74s/it]  4%|▍         | 4/100 [00:24<09:10,  5.74s/it]  5%|▌         | 5/100 [00:27<08:02,  5.08s/it]  6%|▌         | 6/100 [00:31<07:18,  4.67s/it]  7%|▋         | 7/100 [00:45<11:23,  7.35s/it]  8%|▊         | 8/100 [00:49<09:57,  6.49s/it]  9%|▉         | 9/100 [00:56<10:10,  6.71s/it] 10%|█         | 10/100 [01:03<10:12,  6.81s/it] 11%|█         | 11/100 [01:06<08:00,  5.40s/it] 12%|█▏        | 12/100 [01:16<09:56,  6.78s/it] 13%|█▎        | 13/100 [01:21<09:29,  6.54s/it] 14%|█▍        | 14/100 [01:30<10:12,  7.12s/it] 15%|█▌        | 15/100 [01:37<09:56,  7.02s/it] 16%|█▌        | 16/100 [01:42<09:07,  6.52s/it] 17%|█▋        | 17/100 [01:53<10:59,  7.95s/it] 18%|█▊        | 18/100 [01:58<09:27,  6.93s/it] 19%|█▉        | 19/100 [02:02<08:09,  6.05s/it] 20%|██        | 20/100 [02:06<07:19,  5.49s/it] 21%|██        | 21/100 [02:09<06:00,  4.57s/it] 22%|██▏       | 22/100 [02:12<05:37,  4.33s/it] 23%|██▎       | 23/100 [02:24<08:15,  6.44s/it] 24%|██▍       | 24/100 [02:32<08:44,  6.90s/it] 25%|██▌       | 25/100 [02:36<07:31,  6.02s/it] 26%|██▌       | 26/100 [02:39<06:27,  5.24s/it] 27%|██▋       | 27/100 [02:45<06:35,  5.41s/it] 28%|██▊       | 28/100 [02:56<08:23,  6.99s/it] 29%|██▉       | 29/100 [03:02<08:15,  6.98s/it] 30%|███       | 30/100 [03:08<07:32,  6.46s/it] 31%|███       | 31/100 [03:12<06:44,  5.87s/it] 32%|███▏      | 32/100 [03:17<06:08,  5.42s/it] 33%|███▎      | 33/100 [03:45<13:53, 12.44s/it] 34%|███▍      | 34/100 [03:56<13:07, 11.93s/it] 35%|███▌      | 35/100 [03:59<10:06,  9.33s/it] 36%|███▌      | 36/100 [04:08<09:51,  9.24s/it] 37%|███▋      | 37/100 [04:31<13:51, 13.19s/it] 38%|███▊      | 38/100 [04:33<10:16,  9.94s/it] 39%|███▉      | 39/100 [04:38<08:26,  8.30s/it] 40%|████      | 40/100 [04:43<07:28,  7.47s/it] 41%|████      | 41/100 [04:51<07:25,  7.56s/it] 42%|████▏     | 42/100 [04:56<06:32,  6.77s/it] 43%|████▎     | 43/100 [05:01<05:50,  6.15s/it] 44%|████▍     | 44/100 [05:07<05:47,  6.20s/it] 45%|████▌     | 45/100 [05:12<05:30,  6.00s/it] 46%|████▌     | 46/100 [05:26<07:27,  8.29s/it] 47%|████▋     | 47/100 [05:39<08:32,  9.67s/it] 48%|████▊     | 48/100 [05:44<07:09,  8.27s/it] 49%|████▉     | 49/100 [05:47<05:41,  6.70s/it] 50%|█████     | 50/100 [05:51<04:57,  5.96s/it] 51%|█████     | 51/100 [05:59<05:25,  6.64s/it] 52%|█████▏    | 52/100 [06:02<04:26,  5.55s/it] 53%|█████▎    | 53/100 [06:09<04:31,  5.77s/it] 54%|█████▍    | 54/100 [06:14<04:14,  5.52s/it] 55%|█████▌    | 55/100 [06:19<04:03,  5.40s/it] 56%|█████▌    | 56/100 [06:20<02:57,  4.03s/it] 57%|█████▋    | 57/100 [06:27<03:33,  4.95s/it] 58%|█████▊    | 58/100 [06:35<04:11,  6.00s/it] 59%|█████▉    | 59/100 [06:47<05:13,  7.65s/it] 60%|██████    | 60/100 [06:49<04:02,  6.05s/it] 61%|██████    | 61/100 [06:53<03:28,  5.36s/it] 62%|██████▏   | 62/100 [06:57<03:05,  4.88s/it] 63%|██████▎   | 63/100 [07:01<02:58,  4.82s/it] 64%|██████▍   | 64/100 [07:06<02:55,  4.87s/it] 65%|██████▌   | 65/100 [07:14<03:18,  5.68s/it] 66%|██████▌   | 66/100 [07:31<05:12,  9.20s/it] 67%|██████▋   | 67/100 [07:37<04:32,  8.26s/it] 68%|██████▊   | 68/100 [07:39<03:24,  6.40s/it] 69%|██████▉   | 69/100 [07:44<03:02,  5.89s/it] 70%|███████   | 70/100 [08:07<05:30, 11.02s/it] 71%|███████   | 71/100 [08:12<04:26,  9.19s/it] 72%|███████▏  | 72/100 [08:17<03:42,  7.95s/it] 73%|███████▎  | 73/100 [08:20<02:55,  6.51s/it] 74%|███████▍  | 74/100 [08:29<03:06,  7.18s/it] 75%|███████▌  | 75/100 [08:43<03:55,  9.41s/it] 76%|███████▌  | 76/100 [08:48<03:09,  7.89s/it] 77%|███████▋  | 77/100 [09:03<03:50, 10.01s/it] 78%|███████▊  | 78/100 [09:13<03:39,  9.96s/it] 79%|███████▉  | 79/100 [09:22<03:22,  9.64s/it] 80%|████████  | 80/100 [09:37<03:50, 11.55s/it] 81%|████████  | 81/100 [09:44<03:08,  9.92s/it] 82%|████████▏ | 82/100 [09:46<02:19,  7.74s/it] 83%|████████▎ | 83/100 [09:50<01:50,  6.47s/it] 84%|████████▍ | 84/100 [09:54<01:34,  5.88s/it] 85%|████████▌ | 85/100 [09:58<01:18,  5.24s/it] 86%|████████▌ | 86/100 [10:06<01:23,  5.95s/it] 87%|████████▋ | 87/100 [10:10<01:12,  5.61s/it] 88%|████████▊ | 88/100 [10:18<01:14,  6.19s/it] 89%|████████▉ | 89/100 [10:28<01:20,  7.36s/it] 90%|█████████ | 90/100 [10:36<01:16,  7.63s/it] 91%|█████████ | 91/100 [10:44<01:09,  7.69s/it] 92%|█████████▏| 92/100 [10:49<00:54,  6.84s/it] 93%|█████████▎| 93/100 [11:04<01:04,  9.18s/it] 94%|█████████▍| 94/100 [11:13<00:54,  9.10s/it] 95%|█████████▌| 95/100 [11:17<00:38,  7.70s/it] 96%|█████████▌| 96/100 [11:24<00:30,  7.57s/it] 97%|█████████▋| 97/100 [11:28<00:19,  6.53s/it] 98%|█████████▊| 98/100 [11:32<00:11,  5.74s/it] 99%|█████████▉| 99/100 [11:36<00:05,  5.00s/it]100%|██████████| 100/100 [11:39<00:00,  4.58s/it]100%|██████████| 100/100 [11:39<00:00,  7.00s/it]
  0%|          | 0/12 [00:00<?, ?it/s]  8%|▊         | 1/12 [00:03<00:37,  3.44s/it] 17%|█▋        | 2/12 [00:06<00:34,  3.41s/it] 25%|██▌       | 3/12 [00:09<00:28,  3.17s/it] 33%|███▎      | 4/12 [00:12<00:25,  3.18s/it] 42%|████▏     | 5/12 [00:16<00:23,  3.38s/it] 50%|█████     | 6/12 [00:19<00:19,  3.20s/it] 58%|█████▊    | 7/12 [00:25<00:20,  4.12s/it] 67%|██████▋   | 8/12 [00:29<00:16,  4.18s/it] 75%|███████▌  | 9/12 [00:36<00:14,  4.91s/it] 83%|████████▎ | 10/12 [00:39<00:08,  4.30s/it] 92%|█████████▏| 11/12 [00:46<00:05,  5.32s/it]100%|██████████| 12/12 [00:52<00:00,  5.29s/it]100%|██████████| 12/12 [00:52<00:00,  4.35s/it]
  0%|          | 0/100 [00:00<?, ?it/s]  1%|          | 1/100 [00:05<09:32,  5.78s/it]  2%|▏         | 2/100 [00:12<10:04,  6.17s/it]  3%|▎         | 3/100 [00:20<10:49,  6.70s/it]  4%|▍         | 4/100 [00:24<09:13,  5.76s/it]  5%|▌         | 5/100 [00:27<08:02,  5.08s/it]  6%|▌         | 6/100 [00:31<07:15,  4.64s/it]  7%|▋         | 7/100 [00:44<11:18,  7.30s/it]  8%|▊         | 8/100 [00:49<09:54,  6.46s/it]  9%|▉         | 9/100 [00:56<10:11,  6.71s/it] 10%|█         | 10/100 [01:03<09:55,  6.62s/it] 11%|█         | 11/100 [01:04<07:32,  5.08s/it] 12%|█▏        | 12/100 [01:13<08:58,  6.11s/it] 13%|█▎        | 13/100 [01:19<08:50,  6.09s/it] 14%|█▍        | 14/100 [01:27<09:34,  6.69s/it] 15%|█▌        | 15/100 [01:32<08:56,  6.31s/it] 16%|█▌        | 16/100 [01:37<08:15,  5.89s/it] 17%|█▋        | 17/100 [01:48<10:09,  7.35s/it] 18%|█▊        | 18/100 [01:52<08:50,  6.47s/it] 19%|█▉        | 19/100 [01:57<07:49,  5.79s/it] 20%|██        | 20/100 [02:00<06:42,  5.03s/it] 21%|██        | 21/100 [02:01<05:18,  4.03s/it] 22%|██▏       | 22/100 [02:04<04:45,  3.66s/it] 23%|██▎       | 23/100 [02:16<07:37,  5.94s/it] 24%|██▍       | 24/100 [02:23<08:16,  6.54s/it] 25%|██▌       | 25/100 [02:27<07:13,  5.78s/it] 26%|██▌       | 26/100 [02:31<06:15,  5.07s/it] 27%|██▋       | 27/100 [02:37<06:28,  5.32s/it] 28%|██▊       | 28/100 [02:47<08:11,  6.83s/it] 29%|██▉       | 29/100 [02:54<08:07,  6.87s/it] 30%|███       | 30/100 [02:59<07:27,  6.40s/it] 31%|███       | 31/100 [03:04<06:38,  5.78s/it] 32%|███▏      | 32/100 [03:08<06:04,  5.36s/it] 33%|███▎      | 33/100 [03:35<13:20, 11.94s/it] 34%|███▍      | 34/100 [03:46<12:32, 11.40s/it] 35%|███▌      | 35/100 [03:49<09:37,  8.88s/it] 36%|███▌      | 36/100 [03:58<09:29,  8.90s/it] 37%|███▋      | 37/100 [04:18<13:07, 12.50s/it] 38%|███▊      | 38/100 [04:20<09:34,  9.27s/it] 39%|███▉      | 39/100 [04:23<07:34,  7.45s/it] 40%|████      | 40/100 [04:28<06:32,  6.54s/it] 41%|████      | 41/100 [04:34<06:27,  6.57s/it] 42%|████▏     | 42/100 [04:39<05:45,  5.96s/it] 43%|████▎     | 43/100 [04:44<05:18,  5.58s/it] 44%|████▍     | 44/100 [04:49<05:07,  5.49s/it] 45%|████▌     | 45/100 [04:54<04:52,  5.31s/it] 46%|████▌     | 46/100 [05:07<06:57,  7.73s/it] 47%|████▋     | 47/100 [05:20<08:12,  9.29s/it] 48%|████▊     | 48/100 [05:25<06:55,  8.00s/it] 49%|████▉     | 49/100 [05:28<05:32,  6.53s/it] 50%|█████     | 50/100 [05:33<04:54,  5.88s/it] 51%|█████     | 51/100 [05:41<05:24,  6.63s/it] 52%|█████▏    | 52/100 [05:44<04:27,  5.58s/it] 53%|█████▎    | 53/100 [05:50<04:31,  5.77s/it] 54%|█████▍    | 54/100 [05:55<04:15,  5.55s/it] 55%|█████▌    | 55/100 [06:00<04:02,  5.40s/it] 56%|█████▌    | 56/100 [06:01<02:57,  4.03s/it] 57%|█████▋    | 57/100 [06:08<03:24,  4.75s/it] 58%|█████▊    | 58/100 [06:15<03:52,  5.54s/it] 59%|█████▉    | 59/100 [06:26<04:59,  7.30s/it] 60%|██████    | 60/100 [06:29<03:54,  5.85s/it] 61%|██████    | 61/100 [06:33<03:24,  5.25s/it] 62%|██████▏   | 62/100 [06:37<03:02,  4.81s/it] 63%|██████▎   | 63/100 [06:41<02:49,  4.57s/it] 64%|██████▍   | 64/100 [06:45<02:41,  4.50s/it] 65%|██████▌   | 65/100 [06:51<02:59,  5.12s/it] 66%|██████▌   | 66/100 [07:09<04:56,  8.71s/it] 67%|██████▋   | 67/100 [07:15<04:21,  7.92s/it] 68%|██████▊   | 68/100 [07:17<03:17,  6.16s/it] 69%|██████▉   | 69/100 [07:21<02:56,  5.71s/it] 70%|███████   | 70/100 [07:44<05:27, 10.92s/it] 71%|███████   | 71/100 [07:49<04:23,  9.09s/it] 72%|███████▏  | 72/100 [07:54<03:39,  7.85s/it] 73%|███████▎  | 73/100 [07:57<02:54,  6.45s/it] 74%|███████▍  | 74/100 [08:05<03:01,  6.96s/it] 75%|███████▌  | 75/100 [08:19<03:42,  8.90s/it] 76%|███████▌  | 76/100 [08:23<03:01,  7.58s/it] 77%|███████▋  | 77/100 [08:39<03:48,  9.93s/it] 78%|███████▊  | 78/100 [08:49<03:38,  9.92s/it] 79%|███████▉  | 79/100 [08:58<03:21,  9.58s/it] 80%|████████  | 80/100 [09:13<03:49, 11.50s/it] 81%|████████  | 81/100 [09:19<03:07,  9.85s/it] 82%|████████▏ | 82/100 [09:22<02:17,  7.67s/it] 83%|████████▎ | 83/100 [09:26<01:49,  6.43s/it] 84%|████████▍ | 84/100 [09:30<01:33,  5.86s/it] 85%|████████▌ | 85/100 [09:34<01:18,  5.22s/it] 86%|████████▌ | 86/100 [09:41<01:22,  5.92s/it] 87%|████████▋ | 87/100 [09:46<01:12,  5.60s/it] 88%|████████▊ | 88/100 [09:54<01:14,  6.22s/it] 89%|████████▉ | 89/100 [10:04<01:20,  7.36s/it] 90%|█████████ | 90/100 [10:12<01:16,  7.63s/it] 91%|█████████ | 91/100 [10:20<01:09,  7.67s/it] 92%|█████████▏| 92/100 [10:25<00:54,  6.81s/it] 93%|█████████▎| 93/100 [10:40<01:04,  9.21s/it] 94%|█████████▍| 94/100 [10:47<00:52,  8.79s/it] 95%|█████████▌| 95/100 [10:51<00:35,  7.11s/it] 96%|█████████▌| 96/100 [10:58<00:28,  7.12s/it] 97%|█████████▋| 97/100 [11:02<00:18,  6.21s/it] 98%|█████████▊| 98/100 [11:06<00:11,  5.50s/it] 99%|█████████▉| 99/100 [11:09<00:04,  4.79s/it]100%|██████████| 100/100 [11:12<00:00,  4.45s/it]100%|██████████| 100/100 [11:12<00:00,  6.73s/it]
  0%|          | 0/12 [00:00<?, ?it/s]  8%|▊         | 1/12 [00:03<00:37,  3.44s/it] 17%|█▋        | 2/12 [00:06<00:33,  3.40s/it] 25%|██▌       | 3/12 [00:09<00:28,  3.15s/it] 33%|███▎      | 4/12 [00:12<00:25,  3.17s/it] 42%|████▏     | 5/12 [00:16<00:23,  3.37s/it] 50%|█████     | 6/12 [00:19<00:19,  3.19s/it] 58%|█████▊    | 7/12 [00:25<00:20,  4.11s/it] 67%|██████▋   | 8/12 [00:29<00:16,  4.16s/it] 75%|███████▌  | 9/12 [00:36<00:14,  4.89s/it] 83%|████████▎ | 10/12 [00:39<00:08,  4.27s/it] 92%|█████████▏| 11/12 [00:46<00:05,  5.28s/it]100%|██████████| 12/12 [00:51<00:00,  5.26s/it]100%|██████████| 12/12 [00:51<00:00,  4.33s/it]
  0%|          | 0/100 [00:00<?, ?it/s]  1%|          | 1/100 [00:05<09:38,  5.84s/it]  2%|▏         | 2/100 [00:12<10:11,  6.24s/it]  3%|▎         | 3/100 [00:20<10:54,  6.75s/it]  4%|▍         | 4/100 [00:24<09:21,  5.85s/it]  5%|▌         | 5/100 [00:28<08:08,  5.14s/it]  6%|▌         | 6/100 [00:31<07:19,  4.68s/it]  7%|▋         | 7/100 [00:45<11:23,  7.35s/it]  8%|▊         | 8/100 [00:49<09:58,  6.51s/it]  9%|▉         | 9/100 [00:57<10:13,  6.75s/it] 10%|█         | 10/100 [01:04<10:11,  6.79s/it] 11%|█         | 11/100 [01:06<08:02,  5.42s/it] 12%|█▏        | 12/100 [01:16<10:01,  6.84s/it] 13%|█▎        | 13/100 [01:22<09:33,  6.60s/it] 14%|█▍        | 14/100 [01:30<10:06,  7.06s/it] 15%|█▌        | 15/100 [01:37<09:52,  6.97s/it] 16%|█▌        | 16/100 [01:42<09:05,  6.49s/it] 17%|█▋        | 17/100 [01:54<10:57,  7.92s/it] 18%|█▊        | 18/100 [01:58<09:27,  6.92s/it] 19%|█▉        | 19/100 [02:02<08:11,  6.07s/it] 20%|██        | 20/100 [02:06<07:20,  5.51s/it] 21%|██        | 21/100 [02:09<06:01,  4.58s/it] 22%|██▏       | 22/100 [02:13<05:36,  4.32s/it] 23%|██▎       | 23/100 [02:24<08:14,  6.42s/it] 24%|██▍       | 24/100 [02:32<08:42,  6.88s/it] 25%|██▌       | 25/100 [02:36<07:31,  6.02s/it] 26%|██▌       | 26/100 [02:39<06:27,  5.24s/it] 27%|██▋       | 27/100 [02:45<06:42,  5.51s/it] 28%|██▊       | 28/100 [02:56<08:28,  7.06s/it] 29%|██▉       | 29/100 [03:03<08:19,  7.03s/it] 30%|███       | 30/100 [03:08<07:34,  6.50s/it] 31%|███       | 31/100 [03:13<06:45,  5.87s/it] 32%|███▏      | 32/100 [03:17<06:08,  5.41s/it] 33%|███▎      | 33/100 [03:46<13:52, 12.43s/it] 34%|███▍      | 34/100 [03:56<13:04, 11.89s/it] 35%|███▌      | 35/100 [04:00<10:03,  9.28s/it] 36%|███▌      | 36/100 [04:09<09:47,  9.18s/it] 37%|███▋      | 37/100 [04:31<13:49, 13.17s/it] 38%|███▊      | 38/100 [04:33<10:13,  9.89s/it] 39%|███▉      | 39/100 [04:38<08:23,  8.25s/it] 40%|████      | 40/100 [04:43<07:27,  7.46s/it] 41%|████      | 41/100 [04:51<07:27,  7.58s/it] 42%|████▏     | 42/100 [04:56<06:31,  6.75s/it] 43%|████▎     | 43/100 [05:01<05:50,  6.14s/it] 44%|████▍     | 44/100 [05:07<05:48,  6.22s/it] 45%|████▌     | 45/100 [05:13<05:30,  6.02s/it] 46%|████▌     | 46/100 [05:26<07:29,  8.32s/it] 47%|████▋     | 47/100 [05:39<08:31,  9.64s/it] 48%|████▊     | 48/100 [05:44<07:11,  8.29s/it] 49%|████▉     | 49/100 [05:47<05:43,  6.74s/it] 50%|█████     | 50/100 [05:52<05:01,  6.04s/it] 51%|█████     | 51/100 [06:00<05:29,  6.73s/it] 52%|█████▏    | 52/100 [06:03<04:30,  5.64s/it] 53%|█████▎    | 53/100 [06:09<04:33,  5.83s/it] 54%|█████▍    | 54/100 [06:14<04:15,  5.56s/it] 55%|█████▌    | 55/100 [06:20<04:04,  5.44s/it] 56%|█████▌    | 56/100 [06:20<02:58,  4.06s/it] 57%|█████▋    | 57/100 [06:27<03:31,  4.92s/it] 58%|█████▊    | 58/100 [06:36<04:11,  5.99s/it] 59%|█████▉    | 59/100 [06:47<05:14,  7.68s/it] 60%|██████    | 60/100 [06:50<04:02,  6.07s/it] 61%|██████    | 61/100 [06:54<03:31,  5.42s/it] 62%|██████▏   | 62/100 [06:57<03:07,  4.94s/it] 63%|██████▎   | 63/100 [07:02<03:00,  4.88s/it] 64%|██████▍   | 64/100 [07:07<02:57,  4.92s/it] 65%|██████▌   | 65/100 [07:15<03:19,  5.70s/it] 66%|██████▌   | 66/100 [07:32<05:12,  9.20s/it] 67%|██████▋   | 67/100 [07:38<04:32,  8.27s/it] 68%|██████▊   | 68/100 [07:40<03:24,  6.38s/it] 69%|██████▉   | 69/100 [07:45<03:01,  5.86s/it] 70%|███████   | 70/100 [08:08<05:27, 10.92s/it] 71%|███████   | 71/100 [08:12<04:24,  9.11s/it] 72%|███████▏  | 72/100 [08:17<03:40,  7.88s/it] 73%|███████▎  | 73/100 [08:21<02:54,  6.48s/it] 74%|███████▍  | 74/100 [08:29<03:06,  7.16s/it] 75%|███████▌  | 75/100 [08:44<03:51,  9.27s/it] 76%|███████▌  | 76/100 [08:47<03:01,  7.56s/it] 77%|███████▋  | 77/100 [09:02<03:43,  9.70s/it] 78%|███████▊  | 78/100 [09:11<03:31,  9.62s/it] 79%|███████▉  | 79/100 [09:20<03:15,  9.31s/it] 80%|████████  | 80/100 [09:36<03:45, 11.29s/it] 81%|████████  | 81/100 [09:41<03:02,  9.60s/it] 82%|████████▏ | 82/100 [09:44<02:14,  7.49s/it] 83%|████████▎ | 83/100 [09:48<01:47,  6.30s/it] 84%|████████▍ | 84/100 [09:52<01:32,  5.77s/it] 85%|████████▌ | 85/100 [09:56<01:17,  5.18s/it] 86%|████████▌ | 86/100 [10:03<01:22,  5.90s/it] 87%|████████▋ | 87/100 [10:08<01:12,  5.60s/it] 88%|████████▊ | 88/100 [10:16<01:14,  6.24s/it] 89%|████████▉ | 89/100 [10:25<01:18,  7.14s/it] 90%|█████████ | 90/100 [10:32<01:09,  6.94s/it] 91%|█████████ | 91/100 [10:39<01:03,  7.01s/it] 92%|█████████▏| 92/100 [10:44<00:50,  6.36s/it] 93%|█████████▎| 93/100 [10:58<01:00,  8.69s/it] 94%|█████████▍| 94/100 [11:07<00:52,  8.71s/it] 95%|█████████▌| 95/100 [11:11<00:37,  7.42s/it] 96%|█████████▌| 96/100 [11:18<00:29,  7.35s/it] 97%|█████████▋| 97/100 [11:22<00:19,  6.38s/it] 98%|█████████▊| 98/100 [11:26<00:11,  5.63s/it] 99%|█████████▉| 99/100 [11:29<00:04,  4.89s/it]100%|██████████| 100/100 [11:33<00:00,  4.47s/it]100%|██████████| 100/100 [11:33<00:00,  6.93s/it]
  0%|          | 0/12 [00:00<?, ?it/s]  8%|▊         | 1/12 [00:03<00:37,  3.42s/it] 17%|█▋        | 2/12 [00:06<00:33,  3.39s/it] 25%|██▌       | 3/12 [00:09<00:28,  3.14s/it] 33%|███▎      | 4/12 [00:12<00:25,  3.16s/it] 42%|████▏     | 5/12 [00:16<00:23,  3.37s/it] 50%|█████     | 6/12 [00:19<00:19,  3.19s/it] 58%|█████▊    | 7/12 [00:25<00:20,  4.11s/it] 67%|██████▋   | 8/12 [00:29<00:16,  4.17s/it] 75%|███████▌  | 9/12 [00:36<00:14,  4.91s/it] 83%|████████▎ | 10/12 [00:39<00:08,  4.29s/it] 92%|█████████▏| 11/12 [00:46<00:05,  5.30s/it]100%|██████████| 12/12 [00:51<00:00,  5.26s/it]100%|██████████| 12/12 [00:51<00:00,  4.33s/it]
  0%|          | 0/100 [00:00<?, ?it/s]  1%|          | 1/100 [00:05<09:21,  5.68s/it]  2%|▏         | 2/100 [00:12<10:04,  6.17s/it]  3%|▎         | 3/100 [00:21<10:51,  6.72s/it]  4%|▍         | 4/100 [00:24<09:08,  5.71s/it]  5%|▌         | 5/100 [00:27<07:58,  5.04s/it]  6%|▌         | 6/100 [00:31<07:15,  4.63s/it]  7%|▋         | 7/100 [00:45<11:19,  7.31s/it]  8%|▊         | 8/100 [00:49<09:54,  6.47s/it]  9%|▉         | 9/100 [00:56<10:13,  6.75s/it] 10%|█         | 10/100 [01:03<10:09,  6.77s/it] 11%|█         | 11/100 [01:05<07:58,  5.38s/it] 12%|█▏        | 12/100 [01:15<09:56,  6.77s/it] 13%|█▎        | 13/100 [01:21<09:29,  6.54s/it] 14%|█▍        | 14/100 [01:30<10:07,  7.06s/it] 15%|█▌        | 15/100 [01:36<09:46,  6.90s/it] 16%|█▌        | 16/100 [01:42<09:01,  6.44s/it] 17%|█▋        | 17/100 [01:53<11:04,  8.00s/it] 18%|█▊        | 18/100 [01:58<09:33,  6.99s/it] 19%|█▉        | 19/100 [02:02<08:14,  6.11s/it] 20%|██        | 20/100 [02:06<07:22,  5.53s/it] 21%|██        | 21/100 [02:08<06:01,  4.58s/it] 22%|██▏       | 22/100 [02:12<05:37,  4.33s/it] 23%|██▎       | 23/100 [02:24<08:15,  6.43s/it] 24%|██▍       | 24/100 [02:32<08:44,  6.91s/it] 25%|██▌       | 25/100 [02:36<07:33,  6.05s/it] 26%|██▌       | 26/100 [02:39<06:29,  5.26s/it] 27%|██▋       | 27/100 [02:45<06:40,  5.49s/it] 28%|██▊       | 28/100 [02:56<08:22,  6.97s/it] 29%|██▉       | 29/100 [03:02<08:15,  6.97s/it] 30%|███       | 30/100 [03:08<07:32,  6.46s/it] 31%|███       | 31/100 [03:12<06:43,  5.85s/it] 32%|███▏      | 32/100 [03:17<06:09,  5.44s/it] 33%|███▎      | 33/100 [03:45<13:54, 12.45s/it] 34%|███▍      | 34/100 [03:56<13:03, 11.88s/it] 35%|███▌      | 35/100 [03:59<09:58,  9.21s/it] 36%|███▌      | 36/100 [04:08<09:43,  9.11s/it] 37%|███▋      | 37/100 [04:30<13:44, 13.09s/it] 38%|███▊      | 38/100 [04:32<10:09,  9.83s/it] 39%|███▉      | 39/100 [04:37<08:19,  8.18s/it] 40%|████      | 40/100 [04:42<07:18,  7.30s/it] 41%|████      | 41/100 [04:50<07:19,  7.45s/it] 42%|████▏     | 42/100 [04:55<06:26,  6.66s/it] 43%|████▎     | 43/100 [04:59<05:47,  6.09s/it] 44%|████▍     | 44/100 [05:06<05:48,  6.22s/it] 45%|████▌     | 45/100 [05:12<05:34,  6.08s/it] 46%|████▌     | 46/100 [05:26<07:34,  8.43s/it] 47%|████▋     | 47/100 [05:38<08:34,  9.70s/it] 48%|████▊     | 48/100 [05:43<07:09,  8.26s/it] 49%|████▉     | 49/100 [05:46<05:41,  6.70s/it] 50%|█████     | 50/100 [05:51<04:59,  6.00s/it] 51%|█████     | 51/100 [05:59<05:29,  6.73s/it] 52%|█████▏    | 52/100 [06:02<04:30,  5.64s/it] 53%|█████▎    | 53/100 [06:08<04:32,  5.80s/it] 54%|█████▍    | 54/100 [06:13<04:17,  5.60s/it] 55%|█████▌    | 55/100 [06:19<04:05,  5.46s/it] 56%|█████▌    | 56/100 [06:19<02:58,  4.07s/it] 57%|█████▋    | 57/100 [06:26<03:31,  4.91s/it] 58%|█████▊    | 58/100 [06:34<04:08,  5.90s/it] 59%|█████▉    | 59/100 [06:46<05:11,  7.61s/it] 60%|██████    | 60/100 [06:48<04:01,  6.04s/it] 61%|██████    | 61/100 [06:52<03:30,  5.40s/it] 62%|██████▏   | 62/100 [06:56<03:07,  4.92s/it] 63%|██████▎   | 63/100 [07:01<02:59,  4.86s/it] 64%|██████▍   | 64/100 [07:06<02:55,  4.88s/it] 65%|██████▌   | 65/100 [07:13<03:19,  5.69s/it] 66%|██████▌   | 66/100 [07:31<05:10,  9.13s/it] 67%|██████▋   | 67/100 [07:37<04:31,  8.24s/it] 68%|██████▊   | 68/100 [07:39<03:23,  6.36s/it] 69%|██████▉   | 69/100 [07:43<03:02,  5.90s/it] 70%|███████   | 70/100 [08:07<05:33, 11.13s/it] 71%|███████   | 71/100 [08:12<04:28,  9.25s/it] 72%|███████▏  | 72/100 [08:17<03:43,  7.98s/it] 73%|███████▎  | 73/100 [08:20<02:57,  6.56s/it] 74%|███████▍  | 74/100 [08:29<03:06,  7.17s/it] 75%|███████▌  | 75/100 [08:43<03:52,  9.28s/it] 76%|███████▌  | 76/100 [08:47<03:08,  7.87s/it] 77%|███████▋  | 77/100 [09:03<03:52, 10.12s/it] 78%|███████▊  | 78/100 [09:12<03:40, 10.02s/it] 79%|███████▉  | 79/100 [09:21<03:22,  9.66s/it] 80%|████████  | 80/100 [09:37<03:50, 11.53s/it] 81%|████████  | 81/100 [09:44<03:09,  9.97s/it] 82%|████████▏ | 82/100 [09:46<02:19,  7.77s/it] 83%|████████▎ | 83/100 [09:50<01:50,  6.49s/it] 84%|████████▍ | 84/100 [09:54<01:35,  5.94s/it] 85%|████████▌ | 85/100 [09:58<01:19,  5.28s/it] 86%|████████▌ | 86/100 [10:06<01:23,  5.99s/it] 87%|████████▋ | 87/100 [10:11<01:13,  5.65s/it] 88%|████████▊ | 88/100 [10:18<01:15,  6.27s/it] 89%|████████▉ | 89/100 [10:28<01:21,  7.40s/it] 90%|█████████ | 90/100 [10:37<01:16,  7.66s/it] 91%|█████████ | 91/100 [10:44<01:09,  7.70s/it] 92%|█████████▏| 92/100 [10:49<00:54,  6.85s/it] 93%|█████████▎| 93/100 [11:04<01:05,  9.31s/it] 94%|█████████▍| 94/100 [11:13<00:55,  9.17s/it] 95%|█████████▌| 95/100 [11:18<00:38,  7.75s/it] 96%|█████████▌| 96/100 [11:25<00:30,  7.57s/it] 97%|█████████▋| 97/100 [11:29<00:19,  6.54s/it] 98%|█████████▊| 98/100 [11:33<00:11,  5.73s/it] 99%|█████████▉| 99/100 [11:36<00:04,  4.99s/it]100%|██████████| 100/100 [11:40<00:00,  4.59s/it]100%|██████████| 100/100 [11:40<00:00,  7.00s/it]
  0%|          | 0/12 [00:00<?, ?it/s]  8%|▊         | 1/12 [00:03<00:37,  3.44s/it] 17%|█▋        | 2/12 [00:06<00:34,  3.41s/it] 25%|██▌       | 3/12 [00:09<00:28,  3.16s/it] 33%|███▎      | 4/12 [00:12<00:25,  3.17s/it] 42%|████▏     | 5/12 [00:16<00:23,  3.38s/it] 50%|█████     | 6/12 [00:19<00:19,  3.20s/it] 58%|█████▊    | 7/12 [00:25<00:20,  4.12s/it] 67%|██████▋   | 8/12 [00:29<00:16,  4.17s/it] 75%|███████▌  | 9/12 [00:36<00:14,  4.90s/it] 83%|████████▎ | 10/12 [00:39<00:08,  4.29s/it] 92%|█████████▏| 11/12 [00:46<00:05,  5.29s/it]100%|██████████| 12/12 [00:52<00:00,  5.26s/it]100%|██████████| 12/12 [00:52<00:00,  4.34s/it]
  0%|          | 0/100 [00:00<?, ?it/s]  1%|          | 1/100 [00:05<09:27,  5.73s/it]  2%|▏         | 2/100 [00:12<10:04,  6.17s/it]  3%|▎         | 3/100 [00:20<10:53,  6.74s/it]  4%|▍         | 4/100 [00:24<09:11,  5.75s/it]  5%|▌         | 5/100 [00:27<08:00,  5.06s/it]  6%|▌         | 6/100 [00:31<07:16,  4.65s/it]  7%|▋         | 7/100 [00:44<11:14,  7.25s/it]  8%|▊         | 8/100 [00:49<09:50,  6.42s/it]  9%|▉         | 9/100 [00:56<10:08,  6.69s/it] 10%|█         | 10/100 [01:03<10:08,  6.76s/it] 11%|█         | 11/100 [01:05<08:00,  5.40s/it] 12%|█▏        | 12/100 [01:15<09:51,  6.72s/it] 13%|█▎        | 13/100 [01:21<09:29,  6.55s/it] 14%|█▍        | 14/100 [01:29<10:06,  7.05s/it] 15%|█▌        | 15/100 [01:36<09:48,  6.93s/it] 16%|█▌        | 16/100 [01:42<09:04,  6.48s/it] 17%|█▋        | 17/100 [01:53<10:53,  7.87s/it] 18%|█▊        | 18/100 [01:57<09:23,  6.87s/it] 19%|█▉        | 19/100 [02:01<08:09,  6.05s/it] 20%|██        | 20/100 [02:06<07:19,  5.49s/it] 21%|██        | 21/100 [02:08<06:00,  4.56s/it] 22%|██▏       | 22/100 [02:12<05:36,  4.32s/it] 23%|██▎       | 23/100 [02:23<08:15,  6.43s/it] 24%|██▍       | 24/100 [02:31<08:42,  6.88s/it] 25%|██▌       | 25/100 [02:35<07:30,  6.01s/it] 26%|██▌       | 26/100 [02:38<06:26,  5.23s/it] 27%|██▋       | 27/100 [02:44<06:32,  5.38s/it] 28%|██▊       | 28/100 [02:55<08:17,  6.91s/it] 29%|██▉       | 29/100 [03:02<08:11,  6.92s/it] 30%|███       | 30/100 [03:07<07:29,  6.43s/it] 31%|███       | 31/100 [03:11<06:41,  5.82s/it] 32%|███▏      | 32/100 [03:16<06:07,  5.41s/it] 33%|███▎      | 33/100 [03:44<13:48, 12.36s/it] 34%|███▍      | 34/100 [03:55<13:00, 11.83s/it] 35%|███▌      | 35/100 [03:58<10:00,  9.24s/it] 36%|███▌      | 36/100 [04:07<09:47,  9.18s/it] 37%|███▋      | 37/100 [04:30<13:49, 13.16s/it] 38%|███▊      | 38/100 [04:32<10:13,  9.89s/it] 39%|███▉      | 39/100 [04:36<08:23,  8.25s/it] 40%|████      | 40/100 [04:42<07:25,  7.42s/it] 41%|████      | 41/100 [04:49<07:24,  7.53s/it] 42%|████▏     | 42/100 [04:54<06:31,  6.75s/it] 43%|████▎     | 43/100 [04:59<05:50,  6.14s/it] 44%|████▍     | 44/100 [05:06<05:48,  6.23s/it] 45%|████▌     | 45/100 [05:11<05:31,  6.03s/it] 46%|████▌     | 46/100 [05:25<07:25,  8.24s/it] 47%|████▋     | 47/100 [05:37<08:30,  9.62s/it] 48%|████▊     | 48/100 [05:42<07:08,  8.24s/it] 49%|████▉     | 49/100 [05:45<05:40,  6.68s/it] 50%|█████     | 50/100 [05:50<04:59,  5.99s/it] 51%|█████     | 51/100 [05:58<05:26,  6.67s/it] 52%|█████▏    | 52/100 [06:01<04:28,  5.60s/it] 53%|█████▎    | 53/100 [06:07<04:30,  5.76s/it] 54%|█████▍    | 54/100 [06:12<04:13,  5.51s/it] 55%|█████▌    | 55/100 [06:17<04:03,  5.42s/it] 56%|█████▌    | 56/100 [06:18<02:59,  4.08s/it] 57%|█████▋    | 57/100 [06:25<03:34,  4.99s/it] 58%|█████▊    | 58/100 [06:34<04:09,  5.93s/it] 59%|█████▉    | 59/100 [06:45<05:12,  7.62s/it] 60%|██████    | 60/100 [06:48<04:01,  6.04s/it] 61%|██████    | 61/100 [06:51<03:30,  5.39s/it] 62%|██████▏   | 62/100 [06:55<03:06,  4.91s/it] 63%|██████▎   | 63/100 [07:00<02:59,  4.86s/it] 64%|██████▍   | 64/100 [07:05<02:56,  4.90s/it] 65%|██████▌   | 65/100 [07:12<03:18,  5.68s/it] 66%|██████▌   | 66/100 [07:30<05:13,  9.21s/it] 67%|██████▋   | 67/100 [07:36<04:32,  8.26s/it] 68%|██████▊   | 68/100 [07:38<03:23,  6.37s/it] 69%|██████▉   | 69/100 [07:43<03:02,  5.90s/it] 70%|███████   | 70/100 [08:06<05:32, 11.08s/it] 71%|███████   | 71/100 [08:11<04:28,  9.26s/it] 72%|███████▏  | 72/100 [08:16<03:43,  7.99s/it] 73%|███████▎  | 73/100 [08:19<02:56,  6.53s/it] 74%|███████▍  | 74/100 [08:28<03:05,  7.15s/it] 75%|███████▌  | 75/100 [08:42<03:52,  9.31s/it] 76%|███████▌  | 76/100 [08:46<03:07,  7.83s/it] 77%|███████▋  | 77/100 [09:01<03:49,  9.98s/it] 78%|███████▊  | 78/100 [09:11<03:38,  9.95s/it] 79%|███████▉  | 79/100 [09:20<03:22,  9.63s/it] 80%|████████  | 80/100 [09:36<03:50, 11.50s/it] 81%|████████  | 81/100 [09:42<03:08,  9.94s/it] 82%|████████▏ | 82/100 [09:45<02:19,  7.73s/it] 83%|████████▎ | 83/100 [09:48<01:50,  6.47s/it] 84%|████████▍ | 84/100 [09:53<01:33,  5.87s/it] 85%|████████▌ | 85/100 [09:56<01:17,  5.20s/it] 86%|████████▌ | 86/100 [10:04<01:23,  5.95s/it] 87%|████████▋ | 87/100 [10:09<01:13,  5.63s/it] 88%|████████▊ | 88/100 [10:17<01:15,  6.27s/it] 89%|████████▉ | 89/100 [10:27<01:20,  7.36s/it] 90%|█████████ | 90/100 [10:35<01:16,  7.63s/it] 91%|█████████ | 91/100 [10:43<01:09,  7.67s/it] 92%|█████████▏| 92/100 [10:48<00:54,  6.84s/it] 93%|█████████▎| 93/100 [11:02<01:04,  9.17s/it] 94%|█████████▍| 94/100 [11:11<00:54,  9.05s/it] 95%|█████████▌| 95/100 [11:15<00:38,  7.63s/it] 96%|█████████▌| 96/100 [11:23<00:30,  7.53s/it] 97%|█████████▋| 97/100 [11:27<00:19,  6.52s/it] 98%|█████████▊| 98/100 [11:31<00:11,  5.74s/it] 99%|█████████▉| 99/100 [11:34<00:04,  4.95s/it]100%|██████████| 100/100 [11:37<00:00,  4.55s/it]100%|██████████| 100/100 [11:37<00:00,  6.98s/it]
  0%|          | 0/12 [00:00<?, ?it/s]  8%|▊         | 1/12 [00:03<00:37,  3.44s/it] 17%|█▋        | 2/12 [00:06<00:34,  3.42s/it] 25%|██▌       | 3/12 [00:09<00:28,  3.17s/it] 33%|███▎      | 4/12 [00:12<00:25,  3.19s/it] 42%|████▏     | 5/12 [00:16<00:23,  3.40s/it] 50%|█████     | 6/12 [00:19<00:19,  3.22s/it] 58%|█████▊    | 7/12 [00:25<00:20,  4.14s/it] 67%|██████▋   | 8/12 [00:29<00:16,  4.19s/it] 75%|███████▌  | 9/12 [00:36<00:14,  4.93s/it] 83%|████████▎ | 10/12 [00:39<00:08,  4.31s/it] 92%|█████████▏| 11/12 [00:47<00:05,  5.31s/it]100%|██████████| 12/12 [00:52<00:00,  5.29s/it]100%|██████████| 12/12 [00:52<00:00,  4.36s/it]
  0%|          | 0/100 [00:00<?, ?it/s]  1%|          | 1/100 [00:05<09:36,  5.82s/it]  2%|▏         | 2/100 [00:12<10:08,  6.21s/it]  3%|▎         | 3/100 [00:20<10:54,  6.75s/it]  4%|▍         | 4/100 [00:24<09:14,  5.78s/it]  5%|▌         | 5/100 [00:27<08:03,  5.09s/it]  6%|▌         | 6/100 [00:31<07:15,  4.64s/it]  7%|▋         | 7/100 [00:44<11:16,  7.27s/it]  8%|▊         | 8/100 [00:49<09:51,  6.43s/it]  9%|▉         | 9/100 [00:56<10:12,  6.74s/it] 10%|█         | 10/100 [01:03<10:13,  6.81s/it] 11%|█         | 11/100 [01:05<08:00,  5.40s/it] 12%|█▏        | 12/100 [01:15<09:54,  6.76s/it] 13%|█▎        | 13/100 [01:21<09:29,  6.55s/it] 14%|█▍        | 14/100 [01:30<10:04,  7.02s/it] 15%|█▌        | 15/100 [01:36<09:46,  6.90s/it] 16%|█▌        | 16/100 [01:42<09:03,  6.47s/it] 17%|█▋        | 17/100 [01:53<11:01,  7.97s/it] 18%|█▊        | 18/100 [01:58<09:30,  6.95s/it] 19%|█▉        | 19/100 [02:02<08:15,  6.12s/it] 20%|██        | 20/100 [02:06<07:23,  5.54s/it] 21%|██        | 21/100 [02:08<06:03,  4.60s/it] 22%|██▏       | 22/100 [02:12<05:39,  4.35s/it] 23%|██▎       | 23/100 [02:24<08:15,  6.43s/it] 24%|██▍       | 24/100 [02:31<08:43,  6.89s/it] 25%|██▌       | 25/100 [02:35<07:29,  6.00s/it] 26%|██▌       | 26/100 [02:39<06:26,  5.22s/it] 27%|██▋       | 27/100 [02:45<06:38,  5.46s/it] 28%|██▊       | 28/100 [02:55<08:24,  7.01s/it] 29%|██▉       | 29/100 [03:02<08:17,  7.00s/it] 30%|███       | 30/100 [03:08<07:34,  6.49s/it] 31%|███       | 31/100 [03:12<06:46,  5.90s/it] 32%|███▏      | 32/100 [03:17<06:08,  5.42s/it] 33%|███▎      | 33/100 [03:45<13:47, 12.34s/it] 34%|███▍      | 34/100 [03:56<13:01, 11.83s/it] 35%|███▌      | 35/100 [03:59<10:00,  9.24s/it] 36%|███▌      | 36/100 [04:08<09:44,  9.13s/it] 37%|███▋      | 37/100 [04:30<13:38, 13.00s/it] 38%|███▊      | 38/100 [04:32<10:06,  9.77s/it] 39%|███▉      | 39/100 [04:36<08:18,  8.18s/it] 40%|████      | 40/100 [04:42<07:19,  7.32s/it] 41%|████      | 41/100 [04:50<07:20,  7.47s/it] 42%|████▏     | 42/100 [04:54<06:27,  6.68s/it] 43%|████▎     | 43/100 [04:59<05:46,  6.07s/it] 44%|████▍     | 44/100 [05:05<05:43,  6.13s/it] 45%|████▌     | 45/100 [05:11<05:26,  5.94s/it] 46%|████▌     | 46/100 [05:25<07:25,  8.26s/it] 47%|████▋     | 47/100 [05:37<08:29,  9.62s/it] 48%|████▊     | 48/100 [05:42<07:07,  8.23s/it] 49%|████▉     | 49/100 [05:45<05:40,  6.68s/it] 50%|█████     | 50/100 [05:50<04:59,  5.99s/it] 51%|█████     | 51/100 [05:58<05:27,  6.69s/it] 52%|█████▏    | 52/100 [06:01<04:29,  5.61s/it] 53%|█████▎    | 53/100 [06:07<04:31,  5.77s/it] 54%|█████▍    | 54/100 [06:12<04:10,  5.45s/it] 55%|█████▌    | 55/100 [06:17<04:00,  5.34s/it] 56%|█████▌    | 56/100 [06:18<02:55,  3.99s/it] 57%|█████▋    | 57/100 [06:25<03:28,  4.86s/it] 58%|█████▊    | 58/100 [06:33<04:04,  5.82s/it] 59%|█████▉    | 59/100 [06:44<05:08,  7.51s/it] 60%|██████    | 60/100 [06:47<03:58,  5.95s/it] 61%|██████    | 61/100 [06:50<03:26,  5.31s/it] 62%|██████▏   | 62/100 [06:54<03:04,  4.86s/it] 63%|██████▎   | 63/100 [06:59<02:58,  4.82s/it] 64%|██████▍   | 64/100 [07:04<02:53,  4.83s/it] 65%|██████▌   | 65/100 [07:11<03:17,  5.65s/it] 66%|██████▌   | 66/100 [07:29<05:11,  9.16s/it] 67%|██████▋   | 67/100 [07:35<04:31,  8.23s/it] 68%|██████▊   | 68/100 [07:37<03:22,  6.33s/it] 69%|██████▉   | 69/100 [07:41<03:01,  5.86s/it] 70%|███████   | 70/100 [08:05<05:32, 11.09s/it] 71%|███████   | 71/100 [08:10<04:28,  9.25s/it] 72%|███████▏  | 72/100 [08:15<03:43,  7.97s/it] 73%|███████▎  | 73/100 [08:18<02:57,  6.57s/it] 74%|███████▍  | 74/100 [08:27<03:06,  7.17s/it] 75%|███████▌  | 75/100 [08:41<03:51,  9.26s/it] 76%|███████▌  | 76/100 [08:45<03:08,  7.85s/it] 77%|███████▋  | 77/100 [09:00<03:50, 10.02s/it] 78%|███████▊  | 78/100 [09:10<03:37,  9.88s/it] 79%|███████▉  | 79/100 [09:19<03:20,  9.57s/it] 80%|████████  | 80/100 [09:35<03:50, 11.52s/it] 81%|████████  | 81/100 [09:41<03:08,  9.91s/it] 82%|████████▏ | 82/100 [09:43<02:18,  7.68s/it] 83%|████████▎ | 83/100 [09:47<01:49,  6.44s/it] 84%|████████▍ | 84/100 [09:51<01:33,  5.81s/it] 85%|████████▌ | 85/100 [09:55<01:16,  5.13s/it] 86%|████████▌ | 86/100 [10:03<01:22,  5.88s/it] 87%|████████▋ | 87/100 [10:07<01:12,  5.58s/it] 88%|████████▊ | 88/100 [10:15<01:14,  6.21s/it] 89%|████████▉ | 89/100 [10:25<01:20,  7.32s/it] 90%|█████████ | 90/100 [10:33<01:15,  7.58s/it] 91%|█████████ | 91/100 [10:41<01:08,  7.66s/it] 92%|█████████▏| 92/100 [10:46<00:54,  6.78s/it] 93%|█████████▎| 93/100 [11:01<01:04,  9.25s/it] 94%|█████████▍| 94/100 [11:10<00:54,  9.11s/it] 95%|█████████▌| 95/100 [11:14<00:38,  7.68s/it] 96%|█████████▌| 96/100 [11:21<00:30,  7.53s/it] 97%|█████████▋| 97/100 [11:25<00:19,  6.52s/it] 98%|█████████▊| 98/100 [11:29<00:11,  5.69s/it] 99%|█████████▉| 99/100 [11:32<00:04,  4.93s/it]100%|██████████| 100/100 [11:36<00:00,  4.55s/it]100%|██████████| 100/100 [11:36<00:00,  6.96s/it]
  0%|          | 0/12 [00:00<?, ?it/s]  8%|▊         | 1/12 [00:03<00:38,  3.50s/it] 17%|█▋        | 2/12 [00:06<00:34,  3.47s/it] 25%|██▌       | 3/12 [00:09<00:28,  3.22s/it] 33%|███▎      | 4/12 [00:12<00:25,  3.23s/it] 42%|████▏     | 5/12 [00:16<00:23,  3.42s/it] 50%|█████     | 6/12 [00:19<00:19,  3.25s/it] 58%|█████▊    | 7/12 [00:25<00:20,  4.18s/it] 67%|██████▋   | 8/12 [00:30<00:16,  4.23s/it] 75%|███████▌  | 9/12 [00:36<00:14,  4.97s/it] 83%|████████▎ | 10/12 [00:39<00:08,  4.35s/it] 92%|█████████▏| 11/12 [00:47<00:05,  5.37s/it]100%|██████████| 12/12 [00:52<00:00,  5.33s/it]100%|██████████| 12/12 [00:52<00:00,  4.40s/it]
  0%|          | 0/100 [00:00<?, ?it/s]  1%|          | 1/100 [00:05<09:31,  5.77s/it]  2%|▏         | 2/100 [00:12<10:05,  6.18s/it]  3%|▎         | 3/100 [00:20<10:51,  6.71s/it]  4%|▍         | 4/100 [00:24<09:13,  5.76s/it]  5%|▌         | 5/100 [00:27<08:01,  5.07s/it]  6%|▌         | 6/100 [00:31<07:14,  4.63s/it]  7%|▋         | 7/100 [00:44<11:12,  7.23s/it]  8%|▊         | 8/100 [00:49<09:47,  6.39s/it]  9%|▉         | 9/100 [00:56<10:06,  6.67s/it] 10%|█         | 10/100 [01:03<10:09,  6.77s/it] 11%|█         | 11/100 [01:05<08:00,  5.39s/it] 12%|█▏        | 12/100 [01:15<09:53,  6.74s/it] 13%|█▎        | 13/100 [01:21<09:26,  6.52s/it] 14%|█▍        | 14/100 [01:29<10:03,  7.02s/it] 15%|█▌        | 15/100 [01:36<09:47,  6.91s/it] 16%|█▌        | 16/100 [01:41<09:02,  6.45s/it] 17%|█▋        | 17/100 [01:52<10:47,  7.80s/it] 18%|█▊        | 18/100 [01:57<09:19,  6.83s/it] 19%|█▉        | 19/100 [02:01<08:04,  5.98s/it] 20%|██        | 20/100 [02:05<07:16,  5.46s/it] 21%|██        | 21/100 [02:07<05:59,  4.55s/it] 22%|██▏       | 22/100 [02:11<05:37,  4.33s/it] 23%|██▎       | 23/100 [02:23<08:15,  6.44s/it] 24%|██▍       | 24/100 [02:31<08:42,  6.88s/it] 25%|██▌       | 25/100 [02:35<07:33,  6.05s/it] 26%|██▌       | 26/100 [02:38<06:30,  5.28s/it] 27%|██▋       | 27/100 [02:44<06:37,  5.44s/it] 28%|██▊       | 28/100 [02:55<08:23,  6.99s/it] 29%|██▉       | 29/100 [03:02<08:16,  7.00s/it] 30%|███       | 30/100 [03:07<07:33,  6.48s/it] 31%|███       | 31/100 [03:11<06:45,  5.87s/it] 32%|███▏      | 32/100 [03:16<06:11,  5.46s/it] 33%|███▎      | 33/100 [03:44<13:41, 12.27s/it] 34%|███▍      | 34/100 [03:55<12:59, 11.81s/it] 35%|███▌      | 35/100 [03:58<10:10,  9.39s/it] 36%|███▌      | 36/100 [04:07<09:47,  9.18s/it] 37%|███▋      | 37/100 [04:29<13:42, 13.06s/it] 38%|███▊      | 38/100 [04:31<10:08,  9.82s/it] 39%|███▉      | 39/100 [04:36<08:20,  8.20s/it] 40%|████      | 40/100 [04:41<07:17,  7.29s/it] 41%|████      | 41/100 [04:49<07:20,  7.46s/it] 42%|████▏     | 42/100 [04:54<06:27,  6.68s/it] 43%|████▎     | 43/100 [04:58<05:45,  6.07s/it] 44%|████▍     | 44/100 [05:05<05:48,  6.22s/it] 45%|████▌     | 45/100 [05:11<05:32,  6.04s/it] 46%|████▌     | 46/100 [05:24<07:27,  8.28s/it] 47%|████▋     | 47/100 [05:37<08:29,  9.62s/it] 48%|████▊     | 48/100 [05:42<07:06,  8.21s/it] 49%|████▉     | 49/100 [05:45<05:39,  6.66s/it] 50%|█████     | 50/100 [05:49<04:59,  5.98s/it] 51%|█████     | 51/100 [05:58<05:27,  6.68s/it] 52%|█████▏    | 52/100 [06:01<04:28,  5.59s/it] 53%|█████▎    | 53/100 [06:07<04:31,  5.78s/it] 54%|█████▍    | 54/100 [06:12<04:12,  5.48s/it] 55%|█████▌    | 55/100 [06:17<04:00,  5.35s/it] 56%|█████▌    | 56/100 [06:18<02:56,  4.00s/it] 57%|█████▋    | 57/100 [06:24<03:29,  4.86s/it] 58%|█████▊    | 58/100 [06:32<04:04,  5.83s/it] 59%|█████▉    | 59/100 [06:44<05:08,  7.52s/it] 60%|██████    | 60/100 [06:46<03:58,  5.96s/it] 61%|██████    | 61/100 [06:50<03:27,  5.33s/it] 62%|██████▏   | 62/100 [06:54<03:05,  4.88s/it] 63%|██████▎   | 63/100 [06:59<02:59,  4.84s/it] 64%|██████▍   | 64/100 [07:04<02:54,  4.85s/it] 65%|██████▌   | 65/100 [07:11<03:18,  5.68s/it] 66%|██████▌   | 66/100 [07:28<05:11,  9.16s/it] 67%|██████▋   | 67/100 [07:34<04:30,  8.21s/it] 68%|██████▊   | 68/100 [07:36<03:21,  6.31s/it] 69%|██████▉   | 69/100 [07:41<03:00,  5.81s/it] 70%|███████   | 70/100 [08:04<05:30, 11.02s/it] 71%|███████   | 71/100 [08:09<04:24,  9.13s/it] 72%|███████▏  | 72/100 [08:14<03:39,  7.84s/it] 73%|███████▎  | 73/100 [08:17<02:54,  6.46s/it] 74%|███████▍  | 74/100 [08:26<03:05,  7.13s/it] 75%|███████▌  | 75/100 [08:40<03:51,  9.24s/it] 76%|███████▌  | 76/100 [08:44<03:06,  7.77s/it] 77%|███████▋  | 77/100 [08:59<03:49,  9.96s/it] 78%|███████▊  | 78/100 [09:09<03:36,  9.85s/it] 79%|███████▉  | 79/100 [09:18<03:20,  9.54s/it] 80%|████████  | 80/100 [09:34<03:48, 11.45s/it] 81%|████████  | 81/100 [09:40<03:07,  9.84s/it] 82%|████████▏ | 82/100 [09:42<02:17,  7.66s/it] 83%|████████▎ | 83/100 [09:46<01:49,  6.42s/it] 84%|████████▍ | 84/100 [09:50<01:33,  5.87s/it] 85%|████████▌ | 85/100 [09:54<01:18,  5.22s/it] 86%|████████▌ | 86/100 [10:02<01:23,  5.94s/it] 87%|████████▋ | 87/100 [10:06<01:12,  5.61s/it] 88%|████████▊ | 88/100 [10:14<01:14,  6.22s/it] 89%|████████▉ | 89/100 [10:24<01:20,  7.30s/it] 90%|█████████ | 90/100 [10:32<01:15,  7.55s/it] 91%|█████████ | 91/100 [10:40<01:08,  7.66s/it] 92%|█████████▏| 92/100 [10:45<00:54,  6.84s/it] 93%|█████████▎| 93/100 [11:00<01:04,  9.19s/it] 94%|█████████▍| 94/100 [11:08<00:54,  9.08s/it] 95%|█████████▌| 95/100 [11:13<00:38,  7.69s/it] 96%|█████████▌| 96/100 [11:20<00:30,  7.57s/it] 97%|█████████▋| 97/100 [11:24<00:19,  6.53s/it] 98%|█████████▊| 98/100 [11:28<00:11,  5.74s/it] 99%|█████████▉| 99/100 [11:31<00:04,  4.96s/it]100%|██████████| 100/100 [11:35<00:00,  4.56s/it]100%|██████████| 100/100 [11:35<00:00,  6.95s/it]
  0%|          | 0/12 [00:00<?, ?it/s]  8%|▊         | 1/12 [00:03<00:37,  3.43s/it] 17%|█▋        | 2/12 [00:06<00:34,  3.40s/it] 25%|██▌       | 3/12 [00:09<00:28,  3.15s/it] 33%|███▎      | 4/12 [00:12<00:25,  3.18s/it] 42%|████▏     | 5/12 [00:16<00:23,  3.38s/it] 50%|█████     | 6/12 [00:19<00:19,  3.20s/it] 58%|█████▊    | 7/12 [00:25<00:20,  4.12s/it] 67%|██████▋   | 8/12 [00:29<00:16,  4.17s/it] 75%|███████▌  | 9/12 [00:36<00:14,  4.89s/it] 83%|████████▎ | 10/12 [00:39<00:08,  4.28s/it] 92%|█████████▏| 11/12 [00:46<00:05,  5.30s/it]100%|██████████| 12/12 [00:52<00:00,  5.28s/it]100%|██████████| 12/12 [00:52<00:00,  4.34s/it]
  0%|          | 0/100 [00:00<?, ?it/s]  1%|          | 1/100 [00:05<09:38,  5.84s/it]  2%|▏         | 2/100 [00:13<10:11,  6.24s/it]  3%|▎         | 3/100 [00:20<10:50,  6.71s/it]  4%|▍         | 4/100 [00:24<09:14,  5.78s/it]  5%|▌         | 5/100 [00:27<08:05,  5.11s/it]  6%|▌         | 6/100 [00:31<07:17,  4.65s/it]  7%|▋         | 7/100 [00:44<11:15,  7.26s/it]  8%|▊         | 8/100 [00:49<09:51,  6.43s/it]  9%|▉         | 9/100 [00:56<10:08,  6.68s/it] 10%|█         | 10/100 [01:03<10:08,  6.76s/it] 11%|█         | 11/100 [01:05<08:00,  5.40s/it] 12%|█▏        | 12/100 [01:15<09:52,  6.73s/it] 13%|█▎        | 13/100 [01:21<09:26,  6.51s/it] 14%|█▍        | 14/100 [01:29<10:05,  7.04s/it] 15%|█▌        | 15/100 [01:36<09:48,  6.93s/it] 16%|█▌        | 16/100 [01:41<09:02,  6.46s/it] 17%|█▋        | 17/100 [01:53<10:52,  7.86s/it] 18%|█▊        | 18/100 [01:57<09:24,  6.88s/it] 19%|█▉        | 19/100 [02:01<08:08,  6.03s/it] 20%|██        | 20/100 [02:06<07:20,  5.50s/it] 21%|██        | 21/100 [02:08<06:01,  4.58s/it] 22%|██▏       | 22/100 [02:12<05:36,  4.31s/it] 23%|██▎       | 23/100 [02:23<08:11,  6.39s/it] 24%|██▍       | 24/100 [02:31<08:39,  6.83s/it] 25%|██▌       | 25/100 [02:35<07:25,  5.93s/it] 26%|██▌       | 26/100 [02:38<06:23,  5.18s/it] 27%|██▋       | 27/100 [02:44<06:34,  5.41s/it] 28%|██▊       | 28/100 [02:54<08:19,  6.94s/it] 29%|██▉       | 29/100 [03:01<08:13,  6.95s/it] 30%|███       | 30/100 [03:07<07:30,  6.44s/it] 31%|███       | 31/100 [03:11<06:42,  5.83s/it] 32%|███▏      | 32/100 [03:16<06:07,  5.41s/it] 33%|███▎      | 33/100 [03:44<13:43, 12.30s/it] 34%|███▍      | 34/100 [03:54<12:57, 11.78s/it] 35%|███▌      | 35/100 [03:58<10:02,  9.27s/it] 36%|███▌      | 36/100 [04:07<09:44,  9.13s/it] 37%|███▋      | 37/100 [04:29<13:39, 13.01s/it] 38%|███▊      | 38/100 [04:31<10:08,  9.82s/it] 39%|███▉      | 39/100 [04:36<08:20,  8.20s/it] 40%|████      | 40/100 [04:41<07:18,  7.32s/it] 41%|████      | 41/100 [04:49<07:22,  7.50s/it] 42%|████▏     | 42/100 [04:54<06:31,  6.75s/it] 43%|████▎     | 43/100 [04:58<05:48,  6.11s/it] 44%|████▍     | 44/100 [05:05<05:45,  6.17s/it] 45%|████▌     | 45/100 [05:10<05:28,  5.98s/it] 46%|████▌     | 46/100 [05:24<07:30,  8.34s/it] 47%|████▋     | 47/100 [05:37<08:31,  9.66s/it] 48%|████▊     | 48/100 [05:42<07:08,  8.25s/it] 49%|████▉     | 49/100 [05:45<05:41,  6.70s/it] 50%|█████     | 50/100 [05:49<05:00,  6.01s/it] 51%|█████     | 51/100 [05:57<05:28,  6.70s/it] 52%|█████▏    | 52/100 [06:01<04:29,  5.62s/it] 53%|█████▎    | 53/100 [06:07<04:30,  5.76s/it] 54%|█████▍    | 54/100 [06:11<04:11,  5.47s/it] 55%|█████▌    | 55/100 [06:16<03:59,  5.32s/it] 56%|█████▌    | 56/100 [06:17<02:55,  3.98s/it] 57%|█████▋    | 57/100 [06:24<03:30,  4.90s/it] 58%|█████▊    | 58/100 [06:33<04:07,  5.88s/it] 59%|█████▉    | 59/100 [06:44<05:10,  7.58s/it] 60%|██████    | 60/100 [06:46<04:00,  6.02s/it] 61%|██████    | 61/100 [06:50<03:29,  5.37s/it] 62%|██████▏   | 62/100 [06:54<03:06,  4.90s/it] 63%|██████▎   | 63/100 [06:59<02:59,  4.85s/it] 64%|██████▍   | 64/100 [07:04<02:56,  4.89s/it] 65%|██████▌   | 65/100 [07:11<03:18,  5.66s/it] 66%|██████▌   | 66/100 [07:28<05:08,  9.06s/it] 67%|██████▋   | 67/100 [07:34<04:28,  8.14s/it] 68%|██████▊   | 68/100 [07:36<03:21,  6.30s/it] 69%|██████▉   | 69/100 [07:41<02:59,  5.80s/it] 70%|███████   | 70/100 [08:04<05:27, 10.91s/it] 71%|███████   | 71/100 [08:08<04:15,  8.83s/it] 72%|███████▏  | 72/100 [08:12<03:27,  7.41s/it] 73%|███████▎  | 73/100 [08:14<02:40,  5.95s/it] 74%|███████▍  | 74/100 [08:23<02:54,  6.69s/it] 75%|███████▌  | 75/100 [08:37<03:45,  9.04s/it] 76%|███████▌  | 76/100 [08:42<03:03,  7.66s/it] 77%|███████▋  | 77/100 [08:57<03:48,  9.93s/it] 78%|███████▊  | 78/100 [09:07<03:36,  9.85s/it] 79%|███████▉  | 79/100 [09:15<03:19,  9.51s/it] 80%|████████  | 80/100 [09:31<03:48, 11.45s/it] 81%|████████  | 81/100 [09:38<03:07,  9.88s/it] 82%|████████▏ | 82/100 [09:40<02:18,  7.68s/it] 83%|████████▎ | 83/100 [09:44<01:49,  6.43s/it] 84%|████████▍ | 84/100 [09:48<01:34,  5.90s/it] 85%|████████▌ | 85/100 [09:52<01:17,  5.19s/it] 86%|████████▌ | 86/100 [09:59<01:22,  5.92s/it] 87%|████████▋ | 87/100 [10:04<01:13,  5.62s/it] 88%|████████▊ | 88/100 [10:12<01:14,  6.22s/it] 89%|████████▉ | 89/100 [10:22<01:19,  7.24s/it] 90%|█████████ | 90/100 [10:30<01:15,  7.52s/it] 91%|█████████ | 91/100 [10:38<01:08,  7.61s/it] 92%|█████████▏| 92/100 [10:42<00:53,  6.74s/it] 93%|█████████▎| 93/100 [10:57<01:03,  9.06s/it] 94%|█████████▍| 94/100 [11:06<00:54,  9.00s/it] 95%|█████████▌| 95/100 [11:10<00:38,  7.61s/it] 96%|█████████▌| 96/100 [11:17<00:30,  7.51s/it] 97%|█████████▋| 97/100 [11:21<00:19,  6.50s/it] 98%|█████████▊| 98/100 [11:25<00:11,  5.73s/it] 99%|█████████▉| 99/100 [11:29<00:04,  4.97s/it]100%|██████████| 100/100 [11:32<00:00,  4.50s/it]100%|██████████| 100/100 [11:32<00:00,  6.92s/it]
  0%|          | 0/12 [00:00<?, ?it/s]  8%|▊         | 1/12 [00:03<00:37,  3.43s/it] 17%|█▋        | 2/12 [00:06<00:33,  3.39s/it] 25%|██▌       | 3/12 [00:09<00:28,  3.14s/it] 33%|███▎      | 4/12 [00:12<00:25,  3.16s/it] 42%|████▏     | 5/12 [00:16<00:23,  3.37s/it] 50%|█████     | 6/12 [00:19<00:19,  3.19s/it] 58%|█████▊    | 7/12 [00:25<00:20,  4.10s/it] 67%|██████▋   | 8/12 [00:29<00:16,  4.15s/it] 75%|███████▌  | 9/12 [00:36<00:14,  4.89s/it] 83%|████████▎ | 10/12 [00:39<00:08,  4.27s/it] 92%|█████████▏| 11/12 [00:46<00:05,  5.28s/it]100%|██████████| 12/12 [00:51<00:00,  5.26s/it]100%|██████████| 12/12 [00:51<00:00,  4.32s/it]
  0%|          | 0/100 [00:00<?, ?it/s]  1%|          | 1/100 [00:05<09:33,  5.79s/it]  2%|▏         | 2/100 [00:12<10:05,  6.18s/it]  3%|▎         | 3/100 [00:20<10:53,  6.73s/it]  4%|▍         | 4/100 [00:24<09:13,  5.77s/it]  5%|▌         | 5/100 [00:27<08:02,  5.08s/it]  6%|▌         | 6/100 [00:31<07:16,  4.64s/it]  7%|▋         | 7/100 [00:44<11:13,  7.24s/it]  8%|▊         | 8/100 [00:49<09:50,  6.41s/it]  9%|▉         | 9/100 [00:56<10:07,  6.68s/it] 10%|█         | 10/100 [01:03<10:11,  6.80s/it] 11%|█         | 11/100 [01:05<08:02,  5.42s/it] 12%|█▏        | 12/100 [01:15<09:53,  6.75s/it] 13%|█▎        | 13/100 [01:21<09:28,  6.54s/it] 14%|█▍        | 14/100 [01:30<10:06,  7.05s/it] 15%|█▌        | 15/100 [01:36<09:50,  6.94s/it] 16%|█▌        | 16/100 [01:42<09:03,  6.47s/it] 17%|█▋        | 17/100 [01:53<11:02,  7.99s/it] 18%|█▊        | 18/100 [01:58<09:31,  6.97s/it] 19%|█▉        | 19/100 [02:02<08:14,  6.11s/it] 20%|██        | 20/100 [02:06<07:23,  5.54s/it] 21%|██        | 21/100 [02:08<06:03,  4.60s/it] 22%|██▏       | 22/100 [02:12<05:39,  4.35s/it] 23%|██▎       | 23/100 [02:23<08:15,  6.43s/it] 24%|██▍       | 24/100 [02:31<08:42,  6.88s/it] 25%|██▌       | 25/100 [02:35<07:29,  5.99s/it] 26%|██▌       | 26/100 [02:39<06:27,  5.23s/it] 27%|██▋       | 27/100 [02:45<06:37,  5.44s/it] 28%|██▊       | 28/100 [02:55<08:20,  6.96s/it] 29%|██▉       | 29/100 [03:02<08:14,  6.96s/it] 30%|███       | 30/100 [03:07<07:31,  6.45s/it] 31%|███       | 31/100 [03:12<06:44,  5.86s/it] 32%|███▏      | 32/100 [03:16<06:10,  5.44s/it] 33%|███▎      | 33/100 [03:44<13:21, 11.96s/it] 34%|███▍      | 34/100 [03:54<12:42, 11.55s/it] 35%|███▌      | 35/100 [03:58<09:59,  9.22s/it] 36%|███▌      | 36/100 [04:07<09:41,  9.09s/it] 37%|███▋      | 37/100 [04:29<13:43, 13.07s/it] 38%|███▊      | 38/100 [04:31<10:07,  9.80s/it] 39%|███▉      | 39/100 [04:36<08:19,  8.19s/it] 40%|████      | 40/100 [04:41<07:17,  7.29s/it] 41%|████      | 41/100 [04:49<07:19,  7.45s/it] 42%|████▏     | 42/100 [04:54<06:27,  6.69s/it] 43%|████▎     | 43/100 [04:58<05:46,  6.07s/it] 44%|████▍     | 44/100 [05:04<05:40,  6.09s/it] 45%|████▌     | 45/100 [05:10<05:25,  5.92s/it] 46%|████▌     | 46/100 [05:23<07:22,  8.19s/it] 47%|████▋     | 47/100 [05:36<08:26,  9.55s/it] 48%|████▊     | 48/100 [05:41<07:04,  8.16s/it] 49%|████▉     | 49/100 [05:44<05:37,  6.62s/it] 50%|█████     | 50/100 [05:48<04:56,  5.93s/it] 51%|█████     | 51/100 [05:56<05:21,  6.57s/it] 52%|█████▏    | 52/100 [05:59<04:21,  5.45s/it] 53%|█████▎    | 53/100 [06:05<04:21,  5.56s/it] 54%|█████▍    | 54/100 [06:10<04:01,  5.25s/it] 55%|█████▌    | 55/100 [06:15<03:52,  5.17s/it] 56%|█████▌    | 56/100 [06:15<02:50,  3.87s/it] 57%|█████▋    | 57/100 [06:22<03:26,  4.80s/it] 58%|█████▊    | 58/100 [06:30<04:03,  5.79s/it] 59%|█████▉    | 59/100 [06:42<05:03,  7.41s/it] 60%|██████    | 60/100 [06:44<03:55,  5.90s/it] 61%|██████    | 61/100 [06:48<03:26,  5.31s/it] 62%|██████▏   | 62/100 [06:52<03:03,  4.83s/it] 63%|██████▎   | 63/100 [06:56<02:57,  4.80s/it] 64%|██████▍   | 64/100 [07:01<02:54,  4.84s/it] 65%|██████▌   | 65/100 [07:09<03:18,  5.66s/it] 66%|██████▌   | 66/100 [07:26<05:12,  9.18s/it] 67%|██████▋   | 67/100 [07:32<04:30,  8.21s/it] 68%|██████▊   | 68/100 [07:34<03:22,  6.34s/it] 69%|██████▉   | 69/100 [07:39<03:00,  5.82s/it] 70%|███████   | 70/100 [08:02<05:27, 10.92s/it] 71%|███████   | 71/100 [08:07<04:24,  9.11s/it] 72%|███████▏  | 72/100 [08:11<03:38,  7.82s/it] 73%|███████▎  | 73/100 [08:15<02:54,  6.48s/it] 74%|███████▍  | 74/100 [08:23<03:04,  7.10s/it] 75%|███████▌  | 75/100 [08:37<03:49,  9.16s/it] 76%|███████▌  | 76/100 [08:42<03:05,  7.72s/it] 77%|███████▋  | 77/100 [08:57<03:49,  9.98s/it] 78%|███████▊  | 78/100 [09:07<03:37,  9.89s/it] 79%|███████▉  | 79/100 [09:13<03:05,  8.84s/it] 80%|████████  | 80/100 [09:26<03:24, 10.22s/it] 81%|████████  | 81/100 [09:32<02:47,  8.83s/it] 82%|████████▏ | 82/100 [09:34<02:03,  6.84s/it] 83%|████████▎ | 83/100 [09:38<01:38,  5.82s/it] 84%|████████▍ | 84/100 [09:42<01:25,  5.32s/it] 85%|████████▌ | 85/100 [09:45<01:10,  4.69s/it] 86%|████████▌ | 86/100 [09:52<01:15,  5.36s/it] 87%|████████▋ | 87/100 [09:56<01:06,  5.09s/it] 88%|████████▊ | 88/100 [10:03<01:08,  5.69s/it] 89%|████████▉ | 89/100 [10:13<01:14,  6.78s/it] 90%|█████████ | 90/100 [10:20<01:08,  6.88s/it] 91%|█████████ | 91/100 [10:27<01:03,  7.10s/it] 92%|█████████▏| 92/100 [10:32<00:49,  6.19s/it] 93%|█████████▎| 93/100 [10:44<00:56,  8.05s/it] 94%|█████████▍| 94/100 [10:52<00:48,  8.16s/it] 95%|█████████▌| 95/100 [10:56<00:33,  6.77s/it] 96%|█████████▌| 96/100 [11:03<00:27,  6.79s/it] 97%|█████████▋| 97/100 [11:06<00:17,  5.83s/it] 98%|█████████▊| 98/100 [11:10<00:10,  5.14s/it] 99%|█████████▉| 99/100 [11:13<00:04,  4.46s/it]100%|██████████| 100/100 [11:16<00:00,  4.22s/it]100%|██████████| 100/100 [11:16<00:00,  6.77s/it]
  0%|          | 0/12 [00:00<?, ?it/s]  8%|▊         | 1/12 [00:05<00:58,  5.30s/it] 17%|█▋        | 2/12 [00:10<00:53,  5.33s/it] 25%|██▌       | 3/12 [00:14<00:44,  4.97s/it] 33%|███▎      | 4/12 [00:20<00:40,  5.05s/it] 42%|████▏     | 5/12 [00:26<00:37,  5.39s/it] 50%|█████     | 6/12 [00:30<00:30,  5.12s/it] 58%|█████▊    | 7/12 [00:40<00:33,  6.66s/it] 67%|██████▋   | 8/12 [00:48<00:27,  6.78s/it] 75%|███████▌  | 9/12 [00:58<00:23,  7.99s/it] 83%|████████▎ | 10/12 [01:03<00:13,  6.99s/it] 92%|█████████▏| 11/12 [01:15<00:08,  8.59s/it]100%|██████████| 12/12 [01:24<00:00,  8.58s/it]100%|██████████| 12/12 [01:24<00:00,  7.03s/it]
  0%|          | 0/100 [00:00<?, ?it/s]  1%|          | 1/100 [00:05<08:37,  5.23s/it]  2%|▏         | 2/100 [00:11<09:05,  5.56s/it]  3%|▎         | 3/100 [00:18<09:53,  6.12s/it]  4%|▍         | 4/100 [00:22<08:23,  5.25s/it]  5%|▌         | 5/100 [00:25<07:20,  4.64s/it]  6%|▌         | 6/100 [00:28<06:39,  4.25s/it]  7%|▋         | 7/100 [00:41<10:26,  6.74s/it]